2026-10-07T06:35:10Z INFO Logging to /tmp/logs/update_2026-10-07T06-35-10Z.log.
2026-10-07T06:35:10Z INFO Update qualifying-aind-content-ids (base directory /tmp).
2026-10-07T06:35:12Z INFO Processing 70 items (1461 already recorded).
2026-10-07T06:35:19Z INFO [1/70] 80786241-b4e5-4043-8ec0-19b2c902940a: does not qualify; 6.8 s; peak memory 409 MiB.
2026-10-07T06:35:25Z INFO [2/70] 8082acb8-c2b8-4c7d-9375-4c48e336b9bb: does not qualify; 5.6 s; peak memory 410 MiB.
2026-10-07T06:37:02Z INFO [3/70] 8085b412-66af-4cea-bc9f-ed3fa2e1a496: does not qualify; 97.8 s; peak memory 489 MiB.
2026-10-07T06:37:05Z INFO [4/70] 8097afa5-855f-46ff-ac86-7c4fd2a73c23: does not qualify; 2.2 s; peak memory 490 MiB.
2026-10-07T06:37:08Z WARNING 80b2ee23-bace-4341-a36a-85e341bde6c2: failed while validating SpikeInterface metadata (Exception: There are no channel locations)
2026-10-07T06:37:10Z WARNING 80cd4457-4f2b-43d2-a224-7cc06bf9b328: failed while validating SpikeInterface metadata (Exception: There are no channel locations)
2026-10-07T06:37:13Z INFO [7/70] 80d37e09-6004-4765-9cd9-96b14dec929c: qualifies; 2.7 s; peak memory 490 MiB.
2026-10-07T06:37:15Z WARNING 80da1cb1-25cb-4971-a930-668f5c9e2aa0: failed while validating SpikeInterface metadata (Exception: There are no channel locations)
2026-10-07T06:37:18Z WARNING 80e3582a-401f-4695-8f57-b0305b98e4fd: failed while validating SpikeInterface metadata (Exception: There are no channel locations)
2026-10-07T06:37:27Z WARNING 80fb69ea-81de-4bd2-af28-c38c12c03b96: failed while validating SpikeInterface metadata (Exception: There are no channel locations)
2026-10-07T06:37:30Z WARNING 8156becc-d5da-4311-af81-a5e31d80b1aa: failed while validating SpikeInterface metadata (Exception: There are no channel locations)
2026-10-07T06:37:33Z WARNING 817b5f68-5834-439b-8882-08b5cc977bf5: failed while validating SpikeInterface metadata (Exception: There are no channel locations)
2026-10-07T06:37:36Z INFO [13/70] 818026db-8170-41a4-9b32-74cd0bd3a7ef: qualifies; 2.5 s; peak memory 589 MiB.
2026-10-07T06:37:38Z INFO [14/70] 8198eda5-c0f6-4943-900e-ba0ab3dfd77a: qualifies; 2.1 s; peak memory 589 MiB.
2026-10-07T06:38:00Z WARNING 81a733c1-bdf2-4929-92a0-54988fad9078: failed while validating SpikeInterface metadata (Exception: There are no channel locations)
2026-10-07T06:38:03Z INFO [16/70] 81e09aa8-20ad-4ec9-b2d0-41bed029e3d4: qualifies; 2.2 s; peak memory 589 MiB.
2026-10-07T06:38:12Z INFO [17/70] 81ef0096-213e-4860-9662-210e509e5853: qualifies; 9.6 s; peak memory 589 MiB.
2026-10-07T06:38:17Z INFO [18/70] 8215ebc1-095c-4895-aebc-6d663d60827e: does not qualify; 4.8 s; peak memory 589 MiB.
2026-10-07T06:38:20Z WARNING 822025ae-aadb-411c-aef7-42f5a957ca9d: failed while validating SpikeInterface metadata (Exception: There are no channel locations)
2026-10-07T06:38:23Z INFO [20/70] 8225a7dc-4608-468a-9b85-aa30f8d58337: qualifies; 2.8 s; peak memory 589 MiB.
2026-10-07T06:38:25Z WARNING 8229379e-2913-4b4b-b176-6ce7246462de: failed while validating SpikeInterface metadata (Exception: There are no channel locations)
2026-10-07T06:38:31Z INFO [22/70] 8255d589-6346-4e5c-bf94-8ca8f6cf11a7: does not qualify; 6.1 s; peak memory 589 MiB.
2026-10-07T06:38:33Z INFO [23/70] 825c783c-14be-454b-b3f5-2e2cb6103a7c: qualifies; 2.4 s; peak memory 589 MiB.
2026-10-07T06:38:38Z INFO [24/70] 825ca180-cfd9-4977-8637-dca59b8311ff: does not qualify; 5.0 s; peak memory 589 MiB.
2026-10-07T06:38:44Z INFO [25/70] 82830d71-289b-4f22-a22a-f7c5a0f66f8e: does not qualify; 6.1 s; peak memory 589 MiB.
2026-10-07T06:38:51Z INFO [26/70] 8295ce79-2ffc-437a-b90f-a281d5dd6cd6: does not qualify; 6.7 s; peak memory 589 MiB.
2026-10-07T06:38:56Z INFO [27/70] 82bbf59d-acde-4629-909d-38742267b91d: does not qualify; 5.0 s; peak memory 589 MiB.
2026-10-07T06:39:02Z INFO [28/70] 82d12b86-27e6-4775-a353-3c4b13a17917: does not qualify; 5.5 s; peak memory 589 MiB.
2026-10-07T06:39:04Z INFO [29/70] 82fdec40-68db-436f-b679-09a1f1038861: qualifies; 2.4 s; peak memory 589 MiB.
2026-10-07T06:39:07Z INFO [30/70] 8310b8d7-79ba-4022-b540-db54d18eaa9a: qualifies; 3.3 s; peak memory 589 MiB.
2026-10-07T06:39:10Z INFO [31/70] 8350cc2f-606f-4ea2-9264-f3a3619ae063: does not qualify; 2.6 s; peak memory 589 MiB.
2026-10-07T06:39:13Z WARNING 837659c0-e2f8-41a9-b670-664cce513ea4: failed while validating SpikeInterface metadata (Exception: There are no channel locations)
2026-10-07T06:39:15Z WARNING 8376e8fa-ad58-4cb3-9ba7-f65adcb971e8: failed while validating SpikeInterface metadata (Exception: There are no channel locations)
2026-10-07T06:39:16Z WARNING 83817c9c-92f8-45e5-ab9d-44c3deb3c79d: failed while validating SpikeInterface metadata (Exception: There are no channel locations)
2026-10-07T06:41:22Z INFO [35/70] 83b64d1d-8766-4041-9011-352cf4c5ab12: does not qualify; 125.9 s; peak memory 12690 MiB.
2026-10-07T06:41:25Z INFO [36/70] 83d668bb-6dcb-4dcd-82f1-fe7072f94590: qualifies; 2.6 s; peak memory 12690 MiB.
2026-10-07T06:41:28Z WARNING 83e40a68-0c42-4c1b-8521-141204ae155f: failed while validating SpikeInterface metadata (Exception: There are no channel locations)
2026-10-07T06:41:30Z INFO [38/70] 83ef9ef2-3c32-4cb1-a5a8-260f611e6bdb: qualifies; 2.1 s; peak memory 12690 MiB.
2026-10-07T06:41:32Z INFO [39/70] 83fc3710-eaa6-4cd3-8211-4b6725d735db: does not qualify; 1.9 s; peak memory 12690 MiB.
2026-10-07T06:41:38Z INFO [40/70] 840692fc-8f96-4e2f-bbed-2fd6d9899677: does not qualify; 5.8 s; peak memory 12690 MiB.
2026-10-07T06:41:40Z WARNING 841eccbe-2480-4513-83ee-54f7ae40b6ff: failed while validating SpikeInterface metadata (Exception: There are no channel locations)
2026-10-07T06:41:45Z INFO [42/70] 842cab23-66b3-4d8d-8017-d24f9bea2e94: does not qualify; 4.7 s; peak memory 12690 MiB.
2026-10-07T06:41:47Z INFO [43/70] 842e6712-8bea-4e74-9348-0400c513cb2f: qualifies; 2.3 s; peak memory 12690 MiB.
2026-10-07T06:41:53Z INFO [44/70] 84a2eae5-9316-4cab-92ab-cbf3ea99a965: does not qualify; 5.5 s; peak memory 12690 MiB.
2026-10-07T06:42:02Z INFO [45/70] 84baa5e7-50cc-499d-8d0e-03bd2f7d1c01: does not qualify; 8.9 s; peak memory 12690 MiB.
2026-10-07T06:42:08Z INFO [46/70] 84bc1cd8-35e3-46ca-a1e8-ed4fbc2e7e7b: does not qualify; 5.9 s; peak memory 12690 MiB.
2026-10-07T06:42:13Z INFO [47/70] 84c101bf-fcd2-44b2-967d-73d930dd9c5b: does not qualify; 5.6 s; peak memory 12690 MiB.
2026-10-07T06:42:18Z INFO [48/70] 84c1984b-6fe0-4e8c-ac73-322a01e313d0: does not qualify; 5.0 s; peak memory 12690 MiB.
2026-10-07T06:42:25Z INFO [49/70] 84e8d3b1-31c7-43f2-be8f-0f11aff711ba: does not qualify; 7.1 s; peak memory 12690 MiB.
2026-10-07T06:42:28Z WARNING 8508aad5-4df1-4436-a647-eaec24883610: failed while validating SpikeInterface metadata (Exception: There are no channel locations)
2026-10-07T06:42:28Z INFO [50/70] 8508aad5-4df1-4436-a647-eaec24883610: checkpointed 1511 records.
2026-10-07T06:42:31Z WARNING 85553a4b-25e7-4b99-b329-00c022ce7353: failed while validating SpikeInterface metadata (Exception: There are no channel locations)
2026-10-07T06:42:33Z INFO [52/70] 857156a5-689f-4188-8289-8400c80dcf78: qualifies; 2.3 s; peak memory 12690 MiB.
2026-10-07T06:42:35Z INFO [53/70] 8596f7ee-1df0-41cf-a095-309a10652474: does not qualify; 2.0 s; peak memory 12690 MiB.
2026-10-07T06:42:38Z WARNING 85999394-fc23-4d23-a306-0248885624c4: failed while validating SpikeInterface metadata (Exception: There are no channel locations)
2026-10-07T06:42:40Z INFO [55/70] 85a56c70-e12b-4c16-8b84-93ebfaf916c1: qualifies; 2.4 s; peak memory 12690 MiB.
2026-10-07T06:42:43Z WARNING 85af8206-bb4a-4171-9ece-c26dcaa1c93c: failed while validating SpikeInterface metadata (Exception: There are no channel locations)
2026-10-07T06:42:45Z INFO [57/70] 8622d11f-74a1-4108-b3f9-2fd8c598a777: does not qualify; 2.4 s; peak memory 12690 MiB.
2026-10-07T06:42:55Z INFO [58/70] 8647b4f8-055d-433d-94a0-2dc2c8aa5bcf: does not qualify; 9.9 s; peak memory 12690 MiB.
2026-10-07T06:42:57Z INFO [59/70] 866c6245-466b-4c31-8423-30b670effbcc: does not qualify; 1.9 s; peak memory 12690 MiB.
2026-10-07T06:42:59Z INFO [60/70] 86851ecc-7703-4eb4-9465-93cca69cdcc7: qualifies; 2.2 s; peak memory 12690 MiB.
2026-10-07T06:43:08Z WARNING 86e4b0d6-a3da-4f41-9e2c-e8ce2e1ecca4: failed while validating SpikeInterface metadata (Exception: There are no channel locations)
2026-10-07T06:43:10Z WARNING 86ef59b0-6257-4927-98ad-23247617f23a: failed while validating SpikeInterface metadata (Exception: There are no channel locations)
2026-10-07T06:43:15Z INFO [63/70] 86f1e2ae-c658-4200-8b4a-b9e4c0f4a003: does not qualify; 5.0 s; peak memory 12690 MiB.
2026-10-07T06:43:17Z INFO [64/70] 870301f3-f6d8-427e-bdc7-4beef6d47c7e: does not qualify; 1.9 s; peak memory 12690 MiB.
2026-10-07T06:43:22Z INFO [65/70] 8751e522-6dfd-4249-b850-0ee6f5cad1b6: does not qualify; 5.2 s; peak memory 12690 MiB.
2026-10-07T06:43:31Z INFO [66/70] 8778ed71-ad60-40a9-bbe1-75fe057a6f33: does not qualify; 8.4 s; peak memory 12690 MiB.
2026-10-07T06:43:33Z INFO [67/70] 878c334f-1168-4600-9e99-4a39a2b4b7b2: qualifies; 2.2 s; peak memory 12690 MiB.
2026-10-07T06:43:35Z INFO [68/70] 87982359-9ff6-4160-8516-36a235025d55: qualifies; 2.0 s; peak memory 12690 MiB.
2026-10-07T06:43:38Z WARNING 879fb1b8-a075-4eb5-a489-76dc8f8ca2a0: failed while validating SpikeInterface metadata (Exception: There are no channel locations)
2026-10-07T06:43:40Z WARNING 87c56314-9525-4a0a-b3e1-10e5056386ae: failed while validating SpikeInterface metadata (Exception: There are no channel locations)
2026-10-07T06:43:40Z INFO Wrote 1531 records to /tmp/derivatives/qualifying_aind_content_ids.jsonl (47 new, 23 failed) in 8.5 min (peak memory 12690 MiB).
