2026-10-08T06:43:21Z INFO Logging to /tmp/logs/update_2026-10-08T06-43-21Z.log.
2026-10-08T06:43:21Z INFO Update qualifying-aind-content-ids (base directory /tmp).
2026-10-08T06:43:23Z INFO Processing 70 items (1531 already recorded).
2026-10-08T06:43:25Z WARNING 87f42b2a-c0a6-4519-82b3-93f90d52cb6d: failed while validating SpikeInterface metadata (Exception: There are no channel locations)
2026-10-08T06:43:27Z WARNING 88088101-96d4-4849-a628-7e3a597972dd: failed while validating SpikeInterface metadata (Exception: There are no channel locations)
2026-10-08T06:44:28Z INFO [3/70] 886c4302-846a-4ef5-996a-6f02d6a81a5f: does not qualify; 61.1 s; peak memory 492 MiB.
2026-10-08T06:44:29Z INFO [4/70] 88b3b491-49e3-4006-8e3c-fdcb9423fce2: qualifies; 1.3 s; peak memory 492 MiB.
2026-10-08T06:44:37Z INFO [5/70] 88dbccf9-5008-4d48-ba5d-1970d41ad5e2: qualifies; 8.4 s; peak memory 492 MiB.
2026-10-08T06:44:39Z WARNING 89019659-2744-4b04-a2ae-731e5b73737b: failed while validating SpikeInterface metadata (Exception: There are no channel locations)
2026-10-08T06:46:08Z INFO [7/70] 8910596f-790e-4626-88fc-588b77f4e58e: does not qualify; 88.9 s; peak memory 7242 MiB.
2026-10-08T06:46:09Z WARNING 89241785-0d67-4dcf-a85a-163a04bffae1: failed while validating SpikeInterface metadata (Exception: There are no channel locations)
2026-10-08T06:46:13Z INFO [9/70] 8928b2b7-df0e-4c33-9c46-d74b8f321de4: does not qualify; 3.4 s; peak memory 7242 MiB.
2026-10-08T06:46:16Z INFO [10/70] 8930caee-9db1-43e0-ab68-b9e741b17faf: does not qualify; 3.6 s; peak memory 7242 MiB.
2026-10-08T06:46:18Z INFO [11/70] 895abcc1-ebc9-457d-b953-9e965800a740: qualifies; 1.3 s; peak memory 7242 MiB.
2026-10-08T06:46:20Z INFO [12/70] 897854b7-5f56-451b-91e0-55d22897a085: does not qualify; 2.6 s; peak memory 7242 MiB.
2026-10-08T06:46:21Z INFO [13/70] 897e2f55-4dff-40b1-be35-5252d91e96fe: qualifies; 1.1 s; peak memory 7242 MiB.
2026-10-08T06:46:23Z WARNING 8994c002-3e61-43e1-af94-d01864a5e017: failed while validating SpikeInterface metadata (Exception: There are no channel locations)
2026-10-08T06:46:30Z WARNING 89da0682-4cd4-4521-834d-08138bf18c79: failed while validating SpikeInterface metadata (Exception: There are no channel locations)
2026-10-08T06:46:33Z INFO [16/70] 89e6372c-d438-451c-9426-cafa6e0b5a89: does not qualify; 3.4 s; peak memory 7242 MiB.
2026-10-08T06:46:37Z INFO [17/70] 89efa6eb-a7fd-4b35-a90a-c7f774c2fdd6: does not qualify; 3.4 s; peak memory 7242 MiB.
2026-10-08T06:46:40Z INFO [18/70] 8a3032a5-6442-47dc-a5ff-56e7cc194fc1: does not qualify; 3.2 s; peak memory 7242 MiB.
2026-10-08T06:46:43Z INFO [19/70] 8a798148-abf0-487b-8378-1e45b7782380: does not qualify; 3.2 s; peak memory 7242 MiB.
2026-10-08T06:46:44Z INFO [20/70] 8a89944e-72be-4887-9cb9-c19ece908824: qualifies; 1.0 s; peak memory 7242 MiB.
2026-10-08T06:46:46Z WARNING 8a89dfab-c100-43ba-8169-694573390b3a: failed while validating SpikeInterface metadata (Exception: There are no channel locations)
2026-10-08T06:46:50Z INFO [22/70] 8a9cc1d8-e4cc-4af0-b1e9-828421d9eaad: does not qualify; 3.7 s; peak memory 7242 MiB.
2026-10-08T06:46:51Z INFO [23/70] 8a9fbe1b-3fe1-4c00-a26e-c72fb4588f53: qualifies; 1.2 s; peak memory 7242 MiB.
2026-10-08T06:46:53Z WARNING 8adcb51c-23b8-4afc-98e9-a7bed63cb29a: failed while validating SpikeInterface metadata (Exception: There are no channel locations)
2026-10-08T06:46:56Z INFO [25/70] 8add7d6b-7a2e-46ec-91c8-4b79f3a7d57d: does not qualify; 3.8 s; peak memory 7242 MiB.
2026-10-08T06:47:01Z INFO [26/70] 8ae6e777-ddef-4c7a-98fb-eb90840afdf6: qualifies; 4.3 s; peak memory 7242 MiB.
2026-10-08T06:47:04Z INFO [27/70] 8ae7819f-26f4-4695-ae1e-b413eee8b3dd: does not qualify; 3.1 s; peak memory 7242 MiB.
2026-10-08T06:47:08Z WARNING 8b255310-824e-41f9-a586-3e774da7b853: failed while validating SpikeInterface metadata (Exception: There are no channel locations)
2026-10-08T06:47:14Z INFO [29/70] 8b39dcee-085e-49df-833b-63e4ec7299b2: qualifies; 5.7 s; peak memory 7242 MiB.
2026-10-08T06:47:15Z WARNING 8b3a95ff-333f-4f24-8ea5-5abc1d663bd9: failed while validating SpikeInterface metadata (Exception: There are no channel locations)
2026-10-08T06:48:52Z INFO [31/70] 8b485d56-2730-4aae-b807-eda99e8d7b34: does not qualify; 96.5 s; peak memory 7242 MiB.
2026-10-08T06:48:55Z INFO [32/70] 8b4b5d46-c78f-4eab-bd43-791bf1a6b9c3: does not qualify; 3.7 s; peak memory 7242 MiB.
2026-10-08T06:48:59Z INFO [33/70] 8b526845-7d34-43f7-bb54-f6d5ede56a03: does not qualify; 3.0 s; peak memory 7242 MiB.
2026-10-08T06:49:00Z INFO [34/70] 8b7d0168-fb16-4702-8e98-d4d67adb8167: does not qualify; 1.8 s; peak memory 7242 MiB.
2026-10-08T06:49:08Z INFO [35/70] 8bb56f5d-6b2d-4bc0-a799-e37d3e1502a5: does not qualify; 7.5 s; peak memory 7242 MiB.
2026-10-08T06:49:09Z WARNING 8bd957ed-e5c0-456e-a3b7-16d46618a83d: failed while validating SpikeInterface metadata (Exception: There are no channel locations)
2026-10-08T06:53:50Z WARNING 8bda0452-4d6e-40c8-aea7-bb746cc137a3: failed while validating SpikeInterface metadata (Exception: There are no channel locations)
2026-10-08T06:53:51Z INFO [38/70] 8be6a50e-7f76-4a72-9a8e-c78430184c87: qualifies; 1.5 s; peak memory 7242 MiB.
2026-10-08T06:53:56Z WARNING 8c34c112-d217-4a96-894e-c5e2d912d5a6: failed while validating SpikeInterface metadata (Exception: There are no channel locations)
2026-10-08T06:53:58Z INFO [40/70] 8c3dd2bd-87a2-4140-8e3f-770730d3d077: does not qualify; 2.6 s; peak memory 7242 MiB.
2026-10-08T06:54:00Z WARNING 8c843021-85de-4857-868f-6731fa1f40bd: failed while validating SpikeInterface metadata (Exception: There are no channel locations)
2026-10-08T06:54:04Z INFO [42/70] 8c8ab6d8-4232-4001-9585-66aeb9d20360: does not qualify; 3.7 s; peak memory 7242 MiB.
2026-10-08T06:55:53Z INFO [43/70] 8c9b4db0-cfe8-4013-ac14-6ca110080148: does not qualify; 109.5 s; peak memory 7242 MiB.
2026-10-08T06:55:54Z INFO [44/70] 8c9ef385-ec4b-42a4-96ad-a0ce41ccd917: qualifies; 1.2 s; peak memory 7242 MiB.
2026-10-08T06:55:55Z INFO [45/70] 8cbf4686-4b6b-4f06-a996-faaad1ba2075: does not qualify; 1.2 s; peak memory 7242 MiB.
2026-10-08T06:55:57Z WARNING 8ce08f06-8f29-4d61-8841-294818b1d2d4: failed while validating SpikeInterface metadata (Exception: There are no channel locations)
2026-10-08T06:56:00Z INFO [47/70] 8d123de7-169a-4a82-a938-7a5f7a85794c: does not qualify; 3.1 s; peak memory 7242 MiB.
2026-10-08T06:56:03Z INFO [48/70] 8d2adf2f-83b3-4c21-b0bc-0c064f29d593: does not qualify; 3.3 s; peak memory 7242 MiB.
2026-10-08T06:56:05Z WARNING 8d35062d-424e-4b3c-af28-cd91887cc729: failed while validating SpikeInterface metadata (Exception: There are no channel locations)
2026-10-08T06:56:06Z WARNING 8d8523c7-de62-431b-9f4c-4a01708b2ede: failed while validating SpikeInterface metadata (Exception: There are no channel locations)
2026-10-08T06:56:06Z INFO [50/70] 8d8523c7-de62-431b-9f4c-4a01708b2ede: checkpointed 1581 records.
2026-10-08T06:56:07Z INFO [51/70] 8d8e14aa-b035-477d-9c18-32d7361df268: does not qualify; 1.1 s; peak memory 7242 MiB.
2026-10-08T06:56:08Z INFO [52/70] 8db1ddb7-bf47-4215-9c33-45243fc1da63: does not qualify; 0.9 s; peak memory 7242 MiB.
2026-10-08T06:56:12Z INFO [53/70] 8dbc25ee-cc17-4504-a1b9-7d43643b9466: does not qualify; 3.7 s; peak memory 7242 MiB.
2026-10-08T06:56:13Z INFO [54/70] 8dc65720-245a-4cdb-83e7-c9dad8febf97: qualifies; 1.0 s; peak memory 7242 MiB.
2026-10-08T06:56:16Z WARNING 8e1c7342-f8ea-4382-80a6-ca71f71f7402: failed while validating SpikeInterface metadata (Exception: There are no channel locations)
2026-10-08T06:56:19Z INFO [56/70] 8e7f2e87-e3cf-4748-9eb7-f035124ccc23: does not qualify; 3.7 s; peak memory 7242 MiB.
2026-10-08T06:56:22Z INFO [57/70] 8e80dd6a-860e-43a8-8a3c-85554640c063: qualifies; 2.4 s; peak memory 7242 MiB.
2026-10-08T06:56:25Z INFO [58/70] 8e8ca6b4-51b3-4414-a362-d7f941a5f11e: does not qualify; 3.8 s; peak memory 7242 MiB.
2026-10-08T06:56:30Z WARNING 8e94b622-393b-4c62-bb21-8041d826d947: failed while validating SpikeInterface metadata (Exception: There are no channel locations)
2026-10-08T06:56:31Z WARNING 8e9bd31f-c64f-4978-9b5a-222d6b6cb635: failed while validating SpikeInterface metadata (Exception: There are no channel locations)
2026-10-08T06:56:32Z INFO [61/70] 8ea8a761-13ad-47cd-8749-c80437bda313: qualifies; 1.1 s; peak memory 7242 MiB.
2026-10-08T06:56:33Z INFO [62/70] 8ec805be-8386-433e-8787-1f54ec4ddd9f: qualifies; 1.0 s; peak memory 7242 MiB.
2026-10-08T06:58:36Z INFO [63/70] 8eda4240-0a42-40eb-930a-82f74579e6c5: does not qualify; 122.7 s; peak memory 7242 MiB.
2026-10-08T06:58:53Z INFO [64/70] 8ee35277-93c6-44f3-875e-62c66536f852: qualifies; 16.8 s; peak memory 7242 MiB.
2026-10-08T06:58:54Z INFO [65/70] 8ef282b8-b4ce-4c4e-a8c8-df0bba39b55f: qualifies; 1.2 s; peak memory 7242 MiB.
2026-10-08T06:58:58Z INFO [66/70] 8ef86f8b-b28d-4ed6-91b6-8d770265c153: does not qualify; 4.0 s; peak memory 7242 MiB.
2026-10-08T06:58:59Z INFO [67/70] 8f0d1489-b8d1-4cce-8a69-52a10fc416ff: qualifies; 1.1 s; peak memory 7242 MiB.
2026-10-08T06:59:00Z INFO [68/70] 8f221e13-24e9-4814-b152-9498e03a828e: qualifies; 1.1 s; peak memory 7242 MiB.
2026-10-08T06:59:04Z INFO [69/70] 8f571beb-b13e-48a0-827c-ae2b6ac1ec42: does not qualify; 3.8 s; peak memory 7242 MiB.
2026-10-08T06:59:07Z INFO [70/70] 8f67f56c-0a29-481c-a07a-9ce2a3385a8f: does not qualify; 2.8 s; peak memory 7242 MiB.
2026-10-08T06:59:07Z INFO Wrote 1601 records to /tmp/derivatives/qualifying_aind_content_ids.jsonl (50 new, 20 failed) in 15.7 min (peak memory 7242 MiB).
