2026-09-18T17:30:02Z INFO Logging to /tmp/logs/update_2026-09-18T17-30-02Z.log.
2026-09-18T17:30:02Z INFO Update qualifying-aind-content-ids (base directory /tmp).
2026-09-18T17:30:03Z INFO Processing 17 items (822 already recorded).
2026-09-18T17:30:09Z INFO [1/17] 04ceb4f1-455f-4326-a65c-1969cba58533: does not qualify; 5.8 s; peak memory 318 MiB.
2026-09-18T17:30:12Z WARNING 04ea2caa-60ab-405c-a66e-34113f1e3d7c: failed while validating SpikeInterface metadata (Exception: There are no channel locations)
2026-09-18T17:30:17Z INFO [3/17] 04ecc08f-4e3e-4b51-8d22-076b0977a190: does not qualify; 5.1 s; peak memory 321 MiB.
2026-09-18T17:30:21Z WARNING 04f94ce4-97e9-4fb7-a052-92a966da56df: failed while validating SpikeInterface metadata (Exception: There are no channel locations)
2026-09-18T17:30:23Z WARNING 0523d5d1-e906-4e86-aa27-d2637d04dde9: failed while validating SpikeInterface metadata (Exception: There are no channel locations)
2026-09-18T17:30:26Z WARNING 0525811c-61ea-4c29-a3af-55323005658e: failed while validating SpikeInterface metadata (Exception: There are no channel locations)
2026-09-18T17:32:16Z INFO [7/17] 0526a42c-d2a3-49bf-98ed-f858a216e6f0: does not qualify; 110.0 s; peak memory 6192 MiB.
2026-09-18T17:32:18Z INFO [8/17] 054734b4-61fd-4a5f-b87c-5763f75442bc: qualifies; 2.9 s; peak memory 6192 MiB.
2026-09-18T17:32:21Z WARNING 05501e15-bfc6-4a4f-b291-cefda24f52e6: failed while validating SpikeInterface metadata (Exception: There are no channel locations)
2026-09-18T17:32:28Z INFO [10/17] 056809b9-ec62-4d18-b015-2b8e035992f7: does not qualify; 6.3 s; peak memory 6192 MiB.
2026-09-18T17:32:38Z WARNING 056e644b-e09d-4912-9025-870ee76736a2: failed while validating SpikeInterface metadata (Exception: There are no channel locations)
2026-09-18T17:32:40Z INFO [12/17] 058a85fa-46ad-4c5c-9ac5-8fd48fc40cf9: qualifies; 2.3 s; peak memory 6192 MiB.
2026-09-18T17:32:46Z INFO [13/17] 0596879b-8669-4735-80d8-a7dd67b7d7bd: does not qualify; 6.0 s; peak memory 6192 MiB.
2026-09-18T17:32:51Z INFO [14/17] 05ae2b09-d67d-4f7a-90b6-076d954877ab: does not qualify; 5.2 s; peak memory 6192 MiB.
2026-09-18T17:32:54Z INFO [15/17] 05dc77fd-77c4-4b6e-b421-6379db323205: qualifies; 3.0 s; peak memory 6192 MiB.
2026-09-18T17:32:56Z INFO [16/17] 0607e82d-48d3-4138-b9fc-ac79d8dc5e19: qualifies; 2.2 s; peak memory 6192 MiB.
2026-09-18T17:32:58Z INFO [17/17] 0608dfb9-b444-4910-b079-84052f997a93: does not qualify; 1.9 s; peak memory 6192 MiB.
2026-09-18T17:32:58Z INFO Wrote 839 records to /tmp/derivatives/qualifying_aind_content_ids.jsonl (11 new, 6 failed) in 2.9 min (peak memory 6192 MiB).
