2026-10-09T21:21:44Z INFO Logging to /tmp/logs/update_2026-10-09T21-21-44Z.log.
2026-10-09T21:21:44Z INFO Update qualifying-aind-content-ids (base directory /tmp).
2026-10-09T21:21:46Z INFO Processing 107 items (1920 already recorded).
2026-10-09T21:21:48Z INFO [1/107] b9e472aa-0d0d-4dd5-bf28-7860f9165b05: qualifies; 1.8 s; peak memory 419 MiB.
2026-10-09T21:21:55Z INFO [2/107] b9e6515a-8fc8-463f-9ad5-a1f108ff75c5: does not qualify; 7.1 s; peak memory 425 MiB.
2026-10-09T21:21:57Z INFO [3/107] b9ef6f6c-1c7d-45ce-aecb-bd86e2c68bf6: qualifies; 2.1 s; peak memory 425 MiB.
2026-10-09T21:21:58Z INFO [4/107] ba2bdbe8-8091-4da4-ba72-586beb23f788: qualifies; 1.2 s; peak memory 425 MiB.
2026-10-09T21:23:39Z INFO [5/107] ba46508e-b012-4e09-95b4-9ec13ad1f201: does not qualify; 100.3 s; peak memory 7603 MiB.
2026-10-09T21:23:41Z INFO [6/107] ba477a41-126c-4399-a4a7-fb714ec7bba4: does not qualify; 2.4 s; peak memory 7603 MiB.
2026-10-09T21:23:42Z WARNING ba49fece-358b-4003-8720-205f0c97571b: failed while validating SpikeInterface metadata (Exception: There are no channel locations)
2026-10-09T21:23:46Z INFO [8/107] ba51ef87-d907-4f79-875e-3d6b4b0572a4: does not qualify; 3.7 s; peak memory 7603 MiB.
2026-10-09T21:23:49Z INFO [9/107] ba608fc0-6e04-4431-ad12-ea97adb6e34f: does not qualify; 3.1 s; peak memory 7603 MiB.
2026-10-09T21:23:51Z INFO [10/107] ba736858-e9bf-4a5e-bd02-47a18ff32a87: qualifies; 1.7 s; peak memory 7603 MiB.
2026-10-09T21:23:58Z INFO [11/107] bad7ce88-1045-4c59-ba6f-66741c136dfe: does not qualify; 7.4 s; peak memory 7603 MiB.
2026-10-09T21:24:03Z INFO [12/107] baeae56e-0a47-48b6-9d54-caeaa5faff73: does not qualify; 4.5 s; peak memory 7603 MiB.
2026-10-09T21:24:04Z INFO [13/107] baec2e8e-2294-4857-b1b0-e180d37f533c: qualifies; 1.7 s; peak memory 7603 MiB.
2026-10-09T21:24:08Z INFO [14/107] baf82a92-04bd-4053-b8dd-e65bb14c447d: does not qualify; 3.4 s; peak memory 7603 MiB.
2026-10-09T21:24:09Z WARNING baf94128-b125-45aa-bbe9-adac73339fbd: failed while validating SpikeInterface metadata (Exception: There are no channel locations)
2026-10-09T21:24:13Z INFO [16/107] bb12388c-fa66-4604-8ed4-08b57465d9a7: does not qualify; 3.7 s; peak memory 7603 MiB.
2026-10-09T21:24:19Z INFO [17/107] bb41fcab-295f-47eb-9e4a-4790fb9273e0: qualifies; 5.9 s; peak memory 7603 MiB.
2026-10-09T21:24:23Z INFO [18/107] bb5b491e-0075-4cdf-9ccc-70e7e182e433: does not qualify; 4.0 s; peak memory 7603 MiB.
2026-10-09T21:24:24Z INFO [19/107] bb7419c9-ea0a-42e8-ba10-a6151be893bc: qualifies; 1.2 s; peak memory 7603 MiB.
2026-10-09T21:24:26Z WARNING bbab9cae-b20e-4d86-b577-3815d2703774: failed while validating SpikeInterface metadata (Exception: There are no channel locations)
2026-10-09T21:24:27Z INFO [21/107] bbb2a771-5ef8-4702-8340-40b4fa06f8c7: qualifies; 1.0 s; peak memory 7603 MiB.
2026-10-09T21:24:28Z WARNING bbd8641e-5c68-40a1-8580-3e22e4d3bd84: failed while validating SpikeInterface metadata (Exception: There are no channel locations)
2026-10-09T21:25:07Z INFO [23/107] bbf5fb9c-ca67-4e1e-8b77-f8136379d0d4: qualifies; 39.6 s; peak memory 7603 MiB.
2026-10-09T21:25:09Z INFO [24/107] bbfbaaa8-17fb-4473-a589-31c13cb6a143: qualifies; 2.1 s; peak memory 7603 MiB.
2026-10-09T21:25:11Z WARNING bc00d9ab-01ce-43cf-b713-940aab9066e5: failed while validating SpikeInterface metadata (Exception: There are no channel locations)
2026-10-09T21:25:13Z WARNING bc0d46fb-881d-4abb-8efc-d63408cdf7d8: failed while validating SpikeInterface metadata (Exception: There are no channel locations)
2026-10-09T21:25:14Z INFO [27/107] bc38ed26-c8b2-453b-b660-0670abffbf48: does not qualify; 1.0 s; peak memory 7603 MiB.
2026-10-09T21:25:19Z WARNING bc4899de-0980-4b8d-95c9-52ba0db70c0e: failed while validating SpikeInterface metadata (Exception: There are no channel locations)
2026-10-09T21:25:22Z INFO [29/107] bc49b8f7-6c83-4136-ba99-063533520783: does not qualify; 3.0 s; peak memory 7603 MiB.
2026-10-09T21:25:25Z INFO [30/107] bc623efa-306f-4b92-9ef8-d0780df10642: does not qualify; 3.8 s; peak memory 7603 MiB.
2026-10-09T21:25:27Z WARNING bccd3a69-0c54-4f53-8c7b-59f4944c68ea: failed while validating SpikeInterface metadata (Exception: There are no channel locations)
2026-10-09T21:25:28Z WARNING bcde363e-e36c-46f2-90a6-0ac0cf671cdb: failed while validating SpikeInterface metadata (Exception: There are no channel locations)
2026-10-09T21:25:36Z INFO [33/107] bd0a49ee-9657-4f11-895f-061b23d0bd0e: qualifies; 7.4 s; peak memory 7603 MiB.
2026-10-09T21:25:39Z INFO [34/107] bd185db9-281a-435d-b399-52368b34694b: does not qualify; 3.4 s; peak memory 7603 MiB.
2026-10-09T21:25:43Z INFO [35/107] bd3cc27f-b030-4702-84db-a215c2ef2166: does not qualify; 3.7 s; peak memory 7603 MiB.
2026-10-09T21:27:30Z INFO [36/107] bd5f0512-7a34-4c2b-b599-30ca778f30ca: does not qualify; 107.3 s; peak memory 7798 MiB.
2026-10-09T21:27:32Z INFO [37/107] bd61ad57-cb1a-44ad-89f4-4cd5db4b7394: does not qualify; 1.7 s; peak memory 7798 MiB.
2026-10-09T21:28:56Z INFO [38/107] bd698846-cb37-41b9-9003-6daa82515cb1: does not qualify; 84.0 s; peak memory 7798 MiB.
2026-10-09T21:28:57Z WARNING bdd12067-9908-4eb1-a99a-8ff1781927a2: failed while validating SpikeInterface metadata (Exception: There are no channel locations)
2026-10-09T21:30:00Z INFO [40/107] be2b8c4c-52f1-40d9-9717-e97d66d6c959: does not qualify; 63.2 s; peak memory 7798 MiB.
2026-10-09T21:31:23Z INFO [41/107] be2ca1fd-bce8-4ee0-a2b8-c600761469ee: does not qualify; 82.4 s; peak memory 7798 MiB.
2026-10-09T21:31:26Z INFO [42/107] be2fea92-ae67-430a-b0f9-c7d41186b42a: does not qualify; 3.1 s; peak memory 7798 MiB.
2026-10-09T21:31:29Z INFO [43/107] be35b119-0bda-47c3-9cbe-dfa5eb03956b: does not qualify; 3.2 s; peak memory 7798 MiB.
2026-10-09T21:31:33Z INFO [44/107] be5e77ab-de7f-4fe5-8730-65dff9c5ada0: does not qualify; 4.1 s; peak memory 7798 MiB.
2026-10-09T21:31:34Z WARNING befe66de-12e6-465e-8a6c-2d3b197aea9a: failed while validating SpikeInterface metadata (Exception: There are no channel locations)
2026-10-09T21:31:35Z INFO [46/107] beff6323-4b5c-4f2b-b55e-25850e3b4d97: qualifies; 1.2 s; peak memory 7798 MiB.
2026-10-09T21:31:37Z WARNING bf000e83-9d33-4092-88cc-a161e1c3b80e: failed while validating SpikeInterface metadata (Exception: There are no channel locations)
2026-10-09T21:31:39Z WARNING bf08b7e7-9139-48fb-9d29-3fdfb3dd876c: failed while validating SpikeInterface metadata (Exception: There are no channel locations)
2026-10-09T21:31:40Z WARNING bf142cc1-7b63-46b2-a7e6-4c0434fca5ea: failed while validating SpikeInterface metadata (Exception: There are no channel locations)
2026-10-09T21:31:44Z INFO [50/107] bf19b4a6-9385-4ba1-9d43-f3737f955c77: does not qualify; 3.6 s; peak memory 7798 MiB.
2026-10-09T21:31:44Z INFO [50/107] bf19b4a6-9385-4ba1-9d43-f3737f955c77: checkpointed 1970 new records.
2026-10-09T21:31:45Z WARNING bf25e6e7-870c-44ff-834e-59124e4bca3f: failed while validating SpikeInterface metadata (Exception: There are no channel locations)
2026-10-09T21:31:47Z WARNING bf4368d5-4ef1-4376-bf0a-744d4a4bf9a5: failed while validating SpikeInterface metadata (Exception: There are no channel locations)
2026-10-09T21:31:59Z WARNING bf7c47c5-751a-4d93-99c5-8ed3fb383dea: failed while validating SpikeInterface metadata (Exception: There are no channel locations)
2026-10-09T21:31:59Z WARNING bfbb3063-4f91-4648-a252-939f499b3884: failed while validating SpikeInterface metadata (Exception: There are no channel locations)
2026-10-09T21:32:03Z INFO [55/107] bfc54f17-f8a4-4a2d-a8ac-844768a72df5: does not qualify; 3.5 s; peak memory 7798 MiB.
2026-10-09T21:32:04Z INFO [56/107] bfd59301-6b4c-4bc1-840d-01175e665195: qualifies; 0.9 s; peak memory 7798 MiB.
2026-10-09T21:32:05Z INFO [57/107] bfe4cea5-4154-4572-962b-9115a271b977: qualifies; 1.1 s; peak memory 7798 MiB.
2026-10-09T21:32:06Z INFO [58/107] c00da48b-dd3e-437d-9abf-bb96d04fac1c: qualifies; 1.1 s; peak memory 7798 MiB.
2026-10-09T21:32:09Z INFO [59/107] c010f3fa-7f43-4b34-84d8-8cb6679d835c: does not qualify; 3.3 s; peak memory 7798 MiB.
2026-10-09T21:32:11Z INFO [60/107] c02a104c-c5ad-47d8-9668-043fe694d68b: qualifies; 1.1 s; peak memory 7798 MiB.
2026-10-09T21:32:14Z INFO [61/107] c0337b26-52d5-43f7-bc84-10bb523383fc: does not qualify; 3.9 s; peak memory 7798 MiB.
2026-10-09T21:32:18Z INFO [62/107] c04e50bb-0ac5-45c8-aa8c-427bc96ff0cb: does not qualify; 3.9 s; peak memory 7798 MiB.
2026-10-09T21:32:20Z INFO [63/107] c072edd1-589b-42b1-9afd-2ce1e2628754: qualifies; 1.2 s; peak memory 7798 MiB.
2026-10-09T21:32:21Z INFO [64/107] c091ae61-bb49-4f7a-961d-52ff5010612b: qualifies; 1.1 s; peak memory 7798 MiB.
2026-10-09T21:32:24Z INFO [65/107] c0ae1354-7a4b-4dd7-9fb4-942e702a9226: does not qualify; 3.6 s; peak memory 7798 MiB.
2026-10-09T21:32:28Z INFO [66/107] c0b499cb-31d1-4e31-9b90-9017f0ae12cc: does not qualify; 3.7 s; peak memory 7798 MiB.
2026-10-09T21:32:29Z INFO [67/107] c0e23e5f-cd20-4a76-b110-8afed7c8e449: qualifies; 1.2 s; peak memory 7798 MiB.
2026-10-09T21:32:30Z WARNING c11cf98a-b9cf-4d5a-9fb6-3b186eb60e21: failed while validating SpikeInterface metadata (Exception: There are no channel locations)
2026-10-09T21:32:32Z INFO [69/107] c12ad4e5-8e90-4253-a82c-7cb11c27653e: does not qualify; 1.2 s; peak memory 7798 MiB.
2026-10-09T21:32:33Z INFO [70/107] c133f28d-1697-4b90-85d9-4ae866ac7537: qualifies; 1.1 s; peak memory 7798 MiB.
2026-10-09T21:32:34Z WARNING c1416279-f638-400f-94e0-bf8f6c5d8cd1: failed while validating SpikeInterface metadata (Exception: There are no channel locations)
2026-10-09T21:32:36Z WARNING c15dad13-9ca9-4e04-a9a2-7922e769a4af: failed while validating SpikeInterface metadata (Exception: There are no channel locations)
2026-10-09T21:32:40Z INFO [73/107] c160c221-53e8-4991-8aa4-4cc6b2076440: does not qualify; 4.1 s; peak memory 7798 MiB.
2026-10-09T21:32:41Z INFO [74/107] c16ba106-4019-4ded-b5dc-f08fc44f5fa3: does not qualify; 1.2 s; peak memory 7798 MiB.
2026-10-09T21:32:43Z INFO [75/107] c1707c41-62e4-4330-b6c1-af4b8ccf76b4: qualifies; 1.6 s; peak memory 7798 MiB.
2026-10-09T21:33:41Z INFO [76/107] c19de335-eec7-4f06-98e2-509c5fbb10ea: does not qualify; 57.9 s; peak memory 7798 MiB.
2026-10-09T21:33:45Z INFO [77/107] c1a5151d-98fa-404d-b120-cd8df03910b3: does not qualify; 4.5 s; peak memory 7798 MiB.
2026-10-09T21:33:49Z INFO [78/107] c1bd6af6-5066-4b02-addf-7080697c5f47: does not qualify; 3.6 s; peak memory 7798 MiB.
2026-10-09T21:33:56Z INFO [79/107] c1d37f92-cc7b-4f51-bb68-f342b0950021: qualifies; 7.8 s; peak memory 7798 MiB.
2026-10-09T21:33:57Z INFO [80/107] c1e9ed24-5f72-4167-9dc6-89e50279e284: does not qualify; 1.0 s; peak memory 7798 MiB.
2026-10-09T21:34:00Z WARNING c22efb7c-8169-45ee-a349-30bf85101e0f: failed while validating SpikeInterface metadata (Exception: There are no channel locations)
2026-10-09T21:34:02Z INFO [82/107] c23474c0-7948-4bdf-95b1-8fdd106d5dd1: qualifies; 1.2 s; peak memory 7798 MiB.
2026-10-09T21:34:03Z INFO [83/107] c253447e-986b-4154-9e8e-2ba0c7941aca: qualifies; 1.5 s; peak memory 7798 MiB.
2026-10-09T21:34:04Z INFO [84/107] c2548e98-ffac-43d9-81af-dd367491d6ea: qualifies; 1.4 s; peak memory 7798 MiB.
2026-10-09T21:34:06Z INFO [85/107] c2e7cdfa-5b24-4da5-9f26-ec02f014a15b: qualifies; 1.2 s; peak memory 7798 MiB.
2026-10-09T21:34:08Z INFO [86/107] c2ed1f92-926f-45a5-8b27-6c23a59ab296: does not qualify; 2.9 s; peak memory 7798 MiB.
2026-10-09T21:34:12Z INFO [87/107] c3037d83-ea9d-4f0b-b8a4-6880b4391fc2: does not qualify; 3.1 s; peak memory 7798 MiB.
2026-10-09T21:34:12Z WARNING c30b2a48-1065-466e-8769-83cc63ec7546: failed while validating SpikeInterface metadata (Exception: There are no channel locations)
2026-10-09T21:34:14Z WARNING c3220166-d243-4a28-92a7-81c923625360: failed while validating SpikeInterface metadata (Exception: There are no channel locations)
2026-10-09T21:34:15Z WARNING c33abdd6-8303-43dc-806d-f62d23e25cd1: failed while validating SpikeInterface metadata (Exception: There are no channel locations)
2026-10-09T21:34:22Z INFO [91/107] c347b427-4d74-4caf-879d-43ed6a4a4972: does not qualify; 6.3 s; peak memory 7798 MiB.
2026-10-09T21:34:25Z INFO [92/107] c360dbc0-f2f3-4e94-879b-7503c8dfcd3c: does not qualify; 3.3 s; peak memory 7798 MiB.
2026-10-09T21:34:26Z WARNING c362404d-fbe8-45b9-a4cd-4289f150a56d: failed while validating SpikeInterface metadata (Exception: There are no channel locations)
2026-10-09T21:34:27Z WARNING c379d6ec-0a28-4624-b30c-71eb46bbf329: failed while validating SpikeInterface metadata (Exception: There are no channel locations)
2026-10-09T21:34:29Z WARNING c38662ac-4343-4022-8da6-a6b0c32e6f77: failed while validating SpikeInterface metadata (Exception: There are no channel locations)
2026-10-09T21:34:32Z INFO [96/107] c396af51-c8a5-4d31-a04f-4324f6c84209: does not qualify; 3.5 s; peak memory 7798 MiB.
2026-10-09T21:34:36Z INFO [97/107] c3a102a1-1225-4d4a-be59-06a25c482847: does not qualify; 3.6 s; peak memory 7798 MiB.
2026-10-09T21:34:37Z INFO [98/107] c3d41b23-2da7-4b72-a764-74aa45a9f7f2: qualifies; 1.3 s; peak memory 7798 MiB.
2026-10-09T21:34:38Z INFO [99/107] c3e80985-9974-4c12-b5e3-70c655f1349e: qualifies; 1.0 s; peak memory 7798 MiB.
2026-10-09T21:34:40Z INFO [100/107] c3ee06eb-8269-46a4-ae5a-07f7b849bae4: qualifies; 1.9 s; peak memory 7798 MiB.
2026-10-09T21:34:40Z INFO [100/107] c3ee06eb-8269-46a4-ae5a-07f7b849bae4: checkpointed 2020 new records.
2026-10-09T21:34:41Z INFO [101/107] c3fcd15b-f9d5-46ac-af76-f1502826ceac: qualifies; 1.3 s; peak memory 7798 MiB.
2026-10-09T21:34:45Z INFO [102/107] c424c766-8e63-48d8-a1ff-4fb0aea85629: does not qualify; 3.6 s; peak memory 7798 MiB.
2026-10-09T21:34:46Z INFO [103/107] c449ee2a-2dbb-46fc-bdfa-6e49c2893320: qualifies; 1.1 s; peak memory 7798 MiB.
2026-10-09T21:34:48Z INFO [104/107] c4627bb6-ba7c-4a26-9bd9-2f0506aa8997: qualifies; 1.9 s; peak memory 7798 MiB.
2026-10-09T21:34:53Z INFO [105/107] c47ad1ad-77ac-4afb-8ac5-5ad57c2e4385: qualifies; 5.2 s; peak memory 7798 MiB.
2026-10-09T21:34:55Z INFO [106/107] c4ba9e41-dcfa-455a-ba0e-c26babe99446: qualifies; 1.5 s; peak memory 7798 MiB.
2026-10-09T21:34:58Z INFO [107/107] c4d27635-994f-41dc-8707-56264ae1d119: does not qualify; 3.8 s; peak memory 7798 MiB.
2026-10-09T21:34:58Z INFO Wrote 2027 records to /tmp/derivatives/qualifying_aind_content_ids.jsonl (79 new, 28 failed) in 13.2 min (peak memory 7798 MiB).
