2026-10-09T15:37:06Z INFO Logging to /tmp/logs/update_2026-10-09T15-37-06Z.log.
2026-10-09T15:37:06Z INFO Update qualifying-aind-content-ids (base directory /tmp).
2026-10-09T15:37:08Z INFO Processing 79 items (1841 already recorded).
2026-10-09T15:37:11Z WARNING aea919f1-1f7e-4bed-adc7-fbd33ddaf967: failed while validating SpikeInterface metadata (Exception: There are no channel locations)
2026-10-09T15:37:13Z INFO [2/79] aebec008-75c4-495f-95bf-039eeef647b0: qualifies; 1.9 s; peak memory 420 MiB.
2026-10-09T15:37:15Z INFO [3/79] aec17a66-40bd-42f3-b889-e91836742e29: qualifies; 2.6 s; peak memory 421 MiB.
2026-10-09T15:37:19Z INFO [4/79] aed807e3-99ee-4fbf-b1dc-0baa090aa436: does not qualify; 3.9 s; peak memory 424 MiB.
2026-10-09T15:37:21Z WARNING aed90de3-93a5-42ad-83db-780b9ba70de4: failed while validating SpikeInterface metadata (Exception: There are no channel locations)
2026-10-09T15:37:24Z INFO [6/79] aee9f1b5-777a-4e20-8dc2-588ce734312c: does not qualify; 3.3 s; peak memory 425 MiB.
2026-10-09T15:37:26Z INFO [7/79] aef18d4e-3911-4e8b-9812-794c3b316f7d: qualifies; 1.6 s; peak memory 425 MiB.
2026-10-09T15:37:27Z WARNING aefbc2d8-598d-4c68-90a4-8f53923cd45d: failed while validating SpikeInterface metadata (Exception: There are no channel locations)
2026-10-09T15:37:33Z INFO [9/79] af0d90f9-049e-4371-8b0d-4e57929ef987: qualifies; 5.5 s; peak memory 429 MiB.
2026-10-09T15:37:35Z WARNING af2d7df1-3732-4dc0-b9d9-6e65f898c885: failed while validating SpikeInterface metadata (Exception: There are no channel locations)
2026-10-09T15:37:36Z INFO [11/79] af3715c7-6bc8-48dc-b6c4-8ef2095d0601: qualifies; 1.4 s; peak memory 429 MiB.
2026-10-09T15:37:44Z WARNING af491200-4e49-48be-a614-6b1cb1f4b4db: failed while validating SpikeInterface metadata (Exception: There are no channel locations)
2026-10-09T15:38:49Z INFO [13/79] af95d914-3cd0-4d5e-ae94-07a9aea8815b: does not qualify; 64.7 s; peak memory 5332 MiB.
2026-10-09T15:38:50Z INFO [14/79] afb332ac-85c7-438f-9411-1ede07ec7040: qualifies; 1.7 s; peak memory 5332 MiB.
2026-10-09T15:40:43Z INFO [15/79] afc1d596-fa4f-480b-a654-13e978d7c619: does not qualify; 112.5 s; peak memory 8265 MiB.
2026-10-09T15:40:57Z WARNING afd51d6b-d68c-4feb-968f-a0017f10cb93: failed while validating SpikeInterface metadata (Exception: There are no channel locations)
2026-10-09T15:40:59Z WARNING afd65857-4dea-48a0-9215-4e2154a7cf77: failed while validating SpikeInterface metadata (Exception: There are no channel locations)
2026-10-09T15:41:01Z WARNING afdf1832-5fc0-4346-95d7-902edae6b6d0: failed while validating SpikeInterface metadata (Exception: There are no channel locations)
2026-10-09T15:41:05Z INFO [19/79] afef9b6b-4838-4008-941d-3abcea7dece3: does not qualify; 4.3 s; peak memory 8265 MiB.
2026-10-09T15:41:06Z WARNING b0242768-c723-44ae-b3c8-77daef259f60: failed while validating SpikeInterface metadata (Exception: There are no channel locations)
2026-10-09T15:41:08Z INFO [21/79] b040aa0c-8be5-47f7-b24f-0aa6a77ff02a: qualifies; 1.6 s; peak memory 8265 MiB.
2026-10-09T15:41:12Z INFO [22/79] b0410ce4-cd9b-43a6-8c9f-ef6cad83c931: does not qualify; 4.4 s; peak memory 8265 MiB.
2026-10-09T15:41:14Z INFO [23/79] b0547863-441c-4dc8-9a68-50247901f134: qualifies; 1.7 s; peak memory 8265 MiB.
2026-10-09T15:41:15Z WARNING b070ec5b-d55b-4e16-8311-428654ca943a: failed while validating SpikeInterface metadata (Exception: There are no channel locations)
2026-10-09T15:41:24Z INFO [25/79] b07203dc-8bc2-423e-a4cc-ddac643204ef: qualifies; 8.7 s; peak memory 8265 MiB.
2026-10-09T15:42:47Z INFO [26/79] b080c738-17c9-4e0d-aee4-6d5371518f69: does not qualify; 82.6 s; peak memory 8265 MiB.
2026-10-09T15:42:48Z INFO [27/79] b0e2d1a8-3c20-4a95-b757-d67e79e99a1b: qualifies; 1.5 s; peak memory 8265 MiB.
2026-10-09T15:42:52Z INFO [28/79] b0e7e620-1e4d-4fa7-a931-c9f56b6f3d9c: does not qualify; 3.5 s; peak memory 8265 MiB.
2026-10-09T15:42:54Z WARNING b1185f86-e5a6-4f1d-b566-b089432b2e3d: failed while validating SpikeInterface metadata (Exception: There are no channel locations)
2026-10-09T15:42:56Z INFO [30/79] b121aa9a-94f1-4dd0-b87d-201502625e95: qualifies; 1.8 s; peak memory 8265 MiB.
2026-10-09T15:43:00Z INFO [31/79] b123f2b6-f667-41c7-a152-4bf2a64b070b: does not qualify; 4.8 s; peak memory 8265 MiB.
2026-10-09T15:43:04Z INFO [32/79] b1669630-8001-4207-b889-1e12f8757bb7: does not qualify; 4.1 s; peak memory 8265 MiB.
2026-10-09T15:43:06Z INFO [33/79] b1c88dde-852f-4d37-a07c-d289c6a06e10: qualifies; 1.4 s; peak memory 8265 MiB.
2026-10-09T15:43:07Z INFO [34/79] b2125bc3-e6e8-4fca-8a85-b668437849ad: qualifies; 1.3 s; peak memory 8265 MiB.
2026-10-09T15:43:12Z INFO [35/79] b2514d7d-d0ff-4668-8818-dba42eaa5b15: does not qualify; 4.7 s; peak memory 8265 MiB.
2026-10-09T15:43:13Z INFO [36/79] b2531487-d13f-4b91-902e-1f1e2990d58c: qualifies; 1.4 s; peak memory 8265 MiB.
2026-10-09T15:43:15Z INFO [37/79] b25aaede-f218-467c-8fb9-0390db184ef6: qualifies; 1.3 s; peak memory 8265 MiB.
2026-10-09T15:43:17Z INFO [38/79] b26c0c44-02db-4719-abe4-59b906732ca9: does not qualify; 2.0 s; peak memory 8265 MiB.
2026-10-09T15:43:18Z WARNING b2994346-7b72-49c2-8f8f-892333d536d6: failed while validating SpikeInterface metadata (Exception: There are no channel locations)
2026-10-09T15:43:22Z INFO [40/79] b2ca15bb-6452-40a0-9a10-07dc2e873459: does not qualify; 3.9 s; peak memory 8265 MiB.
2026-10-09T15:43:24Z INFO [41/79] b31accfd-b508-443d-b389-84e115a54dfb: does not qualify; 2.1 s; peak memory 8265 MiB.
2026-10-09T15:43:28Z INFO [42/79] b34d549e-7791-4d44-9e7f-b09563ebb3d5: does not qualify; 4.0 s; peak memory 8265 MiB.
2026-10-09T15:45:30Z INFO [43/79] b35eb481-1ecf-4681-9f26-214f7c14ee49: does not qualify; 121.5 s; peak memory 8265 MiB.
2026-10-09T15:45:32Z WARNING b37ff19b-fe62-428d-8831-8619c00920ce: failed while validating SpikeInterface metadata (Exception: There are no channel locations)
2026-10-09T15:45:33Z WARNING b3910385-24e4-44ff-ac05-55f73e82e523: failed while validating SpikeInterface metadata (Exception: There are no channel locations)
2026-10-09T15:46:53Z INFO [46/79] b39eb52a-0774-411b-b374-6eb08a73562e: does not qualify; 79.8 s; peak memory 8265 MiB.
2026-10-09T15:46:55Z WARNING b3aeb108-d1ea-40ea-8287-a0f2e37f09e4: failed while validating SpikeInterface metadata (Exception: There are no channel locations)
2026-10-09T15:47:05Z INFO [48/79] b3d31041-837c-4909-9d3d-fc52c591028e: qualifies; 9.5 s; peak memory 8265 MiB.
2026-10-09T15:47:06Z INFO [49/79] b3d6e22b-cb1c-4aa5-abf0-19f055c3b98d: qualifies; 1.6 s; peak memory 8265 MiB.
2026-10-09T15:48:44Z INFO [50/79] b3d7c5bb-e9a0-4ee5-9a0b-88f81226be34: does not qualify; 97.8 s; peak memory 8265 MiB.
2026-10-09T15:48:44Z INFO [50/79] b3d7c5bb-e9a0-4ee5-9a0b-88f81226be34: checkpointed 1891 new records.
2026-10-09T15:50:06Z INFO [51/79] b3f179a1-0624-42fa-8f53-c3bba344a4a5: does not qualify; 81.7 s; peak memory 8265 MiB.
2026-10-09T15:50:10Z INFO [52/79] b41c5da0-9fb8-4d3b-af62-da7e6a0f08c2: does not qualify; 4.4 s; peak memory 8265 MiB.
2026-10-09T15:50:15Z INFO [53/79] b43b68ca-78c1-412f-9fb6-6ba6ed4e57c4: does not qualify; 4.4 s; peak memory 8265 MiB.
2026-10-09T15:51:35Z INFO [54/79] b44a9857-50c5-47ee-ab09-7691cdbc01d4: does not qualify; 80.0 s; peak memory 8265 MiB.
2026-10-09T15:51:37Z WARNING b4542754-b967-4a9f-9d02-b070027e09ba: failed while validating SpikeInterface metadata (Exception: There are no channel locations)
2026-10-09T15:51:45Z INFO [56/79] b46d40c0-8f82-4738-b447-b61a8635469f: does not qualify; 8.2 s; peak memory 8265 MiB.
2026-10-09T15:51:46Z INFO [57/79] b4a8b0c7-a3d5-4097-ad47-521199471633: qualifies; 1.5 s; peak memory 8265 MiB.
2026-10-09T15:51:48Z INFO [58/79] b51fc156-1c1d-4ff1-a0fc-b315bda86309: qualifies; 1.6 s; peak memory 8265 MiB.
2026-10-09T15:51:51Z INFO [59/79] b5b4b228-3408-4291-a2a0-803d88e8cf5d: does not qualify; 3.4 s; peak memory 8265 MiB.
2026-10-09T15:53:03Z INFO [60/79] b5c7a8f3-8033-47d0-bdfa-52bcc7d5d96c: does not qualify; 71.7 s; peak memory 8265 MiB.
2026-10-09T15:53:05Z WARNING b5d921ba-3677-4fb1-9c45-0d7a5973c5ef: failed while validating SpikeInterface metadata (Exception: There are no channel locations)
2026-10-09T15:53:09Z INFO [62/79] b5e7a860-3f07-49fe-bbfe-f5bf55b81e60: does not qualify; 4.1 s; peak memory 8265 MiB.
2026-10-09T15:53:11Z WARNING b664f003-7b70-45a5-a3fa-6e28f510cf71: failed while validating SpikeInterface metadata (Exception: There are no channel locations)
2026-10-09T15:53:15Z INFO [64/79] b6aa426b-2459-41a8-a778-c1e7039312a6: does not qualify; 3.9 s; peak memory 8265 MiB.
2026-10-09T15:53:16Z INFO [65/79] b6ef9e0b-b162-42eb-b9e5-1c7c5050aabb: qualifies; 1.4 s; peak memory 8265 MiB.
2026-10-09T15:53:20Z INFO [66/79] b6f11fb4-0b99-4735-9092-b11acd35d71e: does not qualify; 3.8 s; peak memory 8265 MiB.
2026-10-09T15:53:22Z WARNING b6f61862-30ea-4dba-9534-67e7d7e48343: failed while validating SpikeInterface metadata (Exception: There are no channel locations)
2026-10-09T15:53:26Z INFO [68/79] b754869a-261a-4ffd-ba1c-f8b01cc6fb91: does not qualify; 4.0 s; peak memory 8265 MiB.
2026-10-09T15:53:30Z INFO [69/79] b79a7f05-0d1d-4e0c-8ec3-0f8985a56db5: does not qualify; 4.1 s; peak memory 8265 MiB.
2026-10-09T15:53:35Z INFO [70/79] b7e3c792-3f64-4075-8c71-c31166d98b6c: does not qualify; 4.9 s; peak memory 8265 MiB.
2026-10-09T15:53:36Z INFO [71/79] b827cf52-cd37-46ce-b3b4-61c17c438317: qualifies; 1.5 s; peak memory 8265 MiB.
2026-10-09T15:53:38Z WARNING b87e884a-bde6-41bc-af1f-fa8e0e9f2a5c: failed while validating SpikeInterface metadata (Exception: There are no channel locations)
2026-10-09T15:53:40Z WARNING b88a9590-1098-4325-9508-3119fd25bd54: failed while validating SpikeInterface metadata (Exception: There are no channel locations)
2026-10-09T15:53:43Z INFO [74/79] b8bd12db-ea4b-41ed-b0cc-4a167ee23b6e: does not qualify; 3.3 s; peak memory 8265 MiB.
2026-10-09T15:53:45Z WARNING b8cbf333-5088-4d26-9e1f-81342d920a79: failed while validating SpikeInterface metadata (Exception: There are no channel locations)
2026-10-09T15:53:46Z WARNING b912127d-c766-4fd6-8355-9e97ff5533e3: failed while validating SpikeInterface metadata (Exception: There are no channel locations)
2026-10-09T15:53:48Z WARNING b9337f8a-e446-48eb-82c1-a6b7951293c4: failed while validating SpikeInterface metadata (Exception: There are no channel locations)
2026-10-09T15:53:49Z INFO [78/79] b96c9828-54dd-43c2-a0f6-43156103d456: qualifies; 1.6 s; peak memory 8265 MiB.
2026-10-09T15:53:51Z WARNING b99e985f-88d6-4747-beb5-04ccaaadde2a: failed while validating SpikeInterface metadata (Exception: There are no channel locations)
2026-10-09T15:53:51Z INFO Wrote 1920 records to /tmp/derivatives/qualifying_aind_content_ids.jsonl (54 new, 25 failed) in 16.7 min (peak memory 8265 MiB).
