2026-10-08T15:54:18Z INFO Logging to /tmp/logs/update_2026-10-08T15-54-18Z.log.
2026-10-08T15:54:18Z INFO Update qualifying-aind-content-ids (base directory /tmp).
2026-10-08T15:54:20Z INFO Processing 48 items (1601 already recorded).
2026-10-08T15:54:22Z INFO [1/48] 8fc97d0b-85b8-4224-855f-af2b28922ac1: qualifies; 1.9 s; peak memory 412 MiB.
2026-10-08T15:54:28Z INFO [2/48] 9016f363-a91f-4905-ab13-710fff634ba7: does not qualify; 5.9 s; peak memory 418 MiB.
2026-10-08T15:54:30Z WARNING 90798d3f-9cea-4661-84ae-1e4a6e8950a0: failed while validating SpikeInterface metadata (Exception: There are no channel locations)
2026-10-08T15:54:32Z INFO [4/48] 90fdd5ca-fa31-48d4-b70d-34c18947500c: qualifies; 1.8 s; peak memory 418 MiB.
2026-10-08T15:54:40Z INFO [5/48] 914ba141-e845-4b60-9836-a48f4616c716: does not qualify; 8.5 s; peak memory 423 MiB.
2026-10-08T15:54:42Z WARNING 9153caac-e08f-4bdc-a053-b51a3faeca57: failed while validating SpikeInterface metadata (Exception: There are no channel locations)
2026-10-08T15:54:44Z INFO [7/48] 91645376-7c8c-4d3d-925a-6c5cbcadcd89: qualifies; 1.8 s; peak memory 423 MiB.
2026-10-08T15:54:49Z INFO [8/48] 91c0fc6f-188f-4294-bab2-31aac1b1e252: does not qualify; 4.4 s; peak memory 423 MiB.
2026-10-08T15:54:54Z INFO [9/48] 91c7e108-9567-4a28-812e-3fc6dda4c5fb: does not qualify; 5.3 s; peak memory 423 MiB.
2026-10-08T15:54:56Z INFO [10/48] 920d64fb-d1ba-45b9-8d3f-e4ce8402c0cc: qualifies; 1.6 s; peak memory 423 MiB.
2026-10-08T15:55:00Z INFO [11/48] 9215e4c1-63a6-4ddb-ab88-7b4fca243a01: does not qualify; 4.0 s; peak memory 423 MiB.
2026-10-08T15:55:05Z INFO [12/48] 925a8c37-1afb-4bb1-a8af-81793577d851: does not qualify; 5.0 s; peak memory 423 MiB.
2026-10-08T15:55:08Z INFO [13/48] 9269a4a4-b5a9-4f27-9f64-b1a6a016f401: qualifies; 3.1 s; peak memory 423 MiB.
2026-10-08T15:55:09Z INFO [14/48] 9284aa15-e729-46f1-b456-7981314d299e: qualifies; 1.7 s; peak memory 423 MiB.
2026-10-08T15:55:14Z INFO [15/48] 92a583eb-9154-43e7-9c68-fd9c65c34851: does not qualify; 4.6 s; peak memory 423 MiB.
2026-10-08T15:55:18Z INFO [16/48] 92c5f438-7956-4e23-8a9f-0a9b22fc7b83: does not qualify; 4.2 s; peak memory 423 MiB.
2026-10-08T15:55:21Z INFO [17/48] 92d1f720-124e-4195-9055-0e3ae3e812a2: does not qualify; 2.6 s; peak memory 423 MiB.
2026-10-08T15:55:23Z INFO [18/48] 92ecfb86-b844-4ab1-99c5-9e5e172f9a67: qualifies; 1.8 s; peak memory 423 MiB.
2026-10-08T15:55:25Z INFO [19/48] 92ee9673-e34f-4aa6-8309-a22aa5e61255: does not qualify; 2.3 s; peak memory 423 MiB.
2026-10-08T15:55:27Z WARNING 92f0be85-9b3f-432c-be8b-16d4f13295ff: failed while validating SpikeInterface metadata (Exception: There are no channel locations)
2026-10-08T15:55:28Z INFO [21/48] 9320d1bf-3cc1-4164-b75d-fdf716658679: does not qualify; 1.5 s; peak memory 423 MiB.
2026-10-08T15:55:30Z INFO [22/48] 93322dd1-b18d-43d5-ab1c-da4b91781394: qualifies; 1.8 s; peak memory 423 MiB.
2026-10-08T15:55:35Z INFO [23/48] 93717a20-be9c-4e6f-b43b-1c473da0fc31: does not qualify; 4.7 s; peak memory 423 MiB.
2026-10-08T15:55:37Z INFO [24/48] 93e32f96-dc07-431f-ba2f-920de046d4e7: qualifies; 2.6 s; peak memory 423 MiB.
2026-10-08T15:55:40Z INFO [25/48] 93e45876-2af1-43f4-b9c5-74863e44af5e: does not qualify; 2.3 s; peak memory 423 MiB.
2026-10-08T15:55:42Z WARNING 93fc2ddf-9673-4ddb-949c-7d30ac0b4e1e: failed while validating SpikeInterface metadata (Exception: There are no channel locations)
2026-10-08T15:55:44Z INFO [27/48] 94035bac-76b3-4a7d-ab53-c979d52a6b55: qualifies; 1.7 s; peak memory 423 MiB.
2026-10-08T15:55:45Z INFO [28/48] 94058e47-a8df-4197-a02d-88a4929cfc93: qualifies; 1.6 s; peak memory 423 MiB.
2026-10-08T15:57:37Z INFO [29/48] 9405d50c-7a8f-46ae-b20b-f808ee6d8d77: does not qualify; 111.9 s; peak memory 6946 MiB.
2026-10-08T15:57:39Z WARNING 941a0bba-e382-452a-98ad-1daf448c4eb8: failed while validating SpikeInterface metadata (Exception: There are no channel locations)
2026-10-08T15:57:45Z INFO [31/48] 942914c2-8ff1-48f1-b540-05e80c79e9f5: does not qualify; 5.5 s; peak memory 6946 MiB.
2026-10-08T15:57:46Z WARNING 9444d873-069e-4d67-9456-cf89fa5a0cbc: failed while validating SpikeInterface metadata (Exception: There are no channel locations)
2026-10-08T15:57:49Z WARNING 94526e1e-cfa8-46fa-adac-88774ddd3b18: failed while validating SpikeInterface metadata (Exception: There are no channel locations)
2026-10-08T15:57:50Z INFO [34/48] 94a82054-b925-4330-8c0a-b5bb4a207f0f: qualifies; 1.7 s; peak memory 6946 MiB.
2026-10-08T15:57:55Z INFO [35/48] 94a82c2b-2198-47bd-bdf2-4e1406c76e9c: does not qualify; 4.5 s; peak memory 6946 MiB.
2026-10-08T15:57:57Z INFO [36/48] 94f4db3b-c609-4441-9601-f64e7db3c52b: qualifies; 1.7 s; peak memory 6946 MiB.
2026-10-08T15:58:01Z INFO [37/48] 959853a2-e855-49f7-91c1-e6064e0c5665: does not qualify; 4.8 s; peak memory 6946 MiB.
2026-10-08T15:58:10Z INFO [38/48] 960de639-0e12-46d8-b2cd-8d4d819a83ce: qualifies; 8.2 s; peak memory 6946 MiB.
2026-10-08T15:58:11Z WARNING 961abccd-da14-4b6d-976a-3b9e38b467ef: failed while validating SpikeInterface metadata (Exception: There are no channel locations)
2026-10-08T15:58:14Z WARNING 96300f37-87e0-451e-8fdc-890bdda32abe: failed while validating SpikeInterface metadata (Exception: There are no channel locations)
2026-10-08T15:58:16Z WARNING 969aa8de-1a8b-4229-8c4c-c7b713d17c0f: failed while validating SpikeInterface metadata (Exception: There are no channel locations)
2026-10-08T15:58:18Z WARNING 96a41a3f-2f7f-40fa-9206-893e2f0162c7: failed while validating SpikeInterface metadata (Exception: There are no channel locations)
2026-10-08T15:58:19Z INFO [43/48] 96b530d3-ba83-40f3-9b70-cf98039fb183: qualifies; 1.5 s; peak memory 6946 MiB.
2026-10-08T15:58:23Z INFO [44/48] 96ed85a2-a803-493e-b885-1544f4bf1d11: does not qualify; 4.0 s; peak memory 6946 MiB.
2026-10-08T15:58:31Z INFO [45/48] 96f2d25b-c7bf-4de6-a53e-01a45daac665: qualifies; 7.8 s; peak memory 6946 MiB.
2026-10-08T15:58:35Z INFO [46/48] 96f63220-bdf9-48b4-924e-6c7fc3736195: does not qualify; 3.8 s; peak memory 6946 MiB.
2026-10-08T15:58:37Z INFO [47/48] 9708c103-5c7d-4986-87fc-aeff4dac3d6f: qualifies; 1.9 s; peak memory 6946 MiB.
2026-10-08T15:58:38Z WARNING 971f0e83-fd4a-4aad-9697-e18907bd1f6b: failed while validating SpikeInterface metadata (Exception: There are no channel locations)
2026-10-08T15:58:38Z INFO Wrote 1649 records to /tmp/derivatives/qualifying_aind_content_ids.jsonl (36 new, 12 failed) in 4.3 min (peak memory 6946 MiB).
