2026-10-10T06:27:36Z INFO Logging to /tmp/logs/update_2026-10-10T06-27-36Z.log.
2026-10-10T06:27:36Z INFO Update qualifying-aind-content-ids (base directory /tmp).
2026-10-10T06:27:38Z INFO Processing 29 items (2027 already recorded).
2026-10-10T06:27:41Z INFO [1/29] c4dd5f05-2175-4719-a819-b775e646976d: does not qualify; 2.9 s; peak memory 429 MiB.
2026-10-10T06:27:45Z WARNING c4e3c2a6-06e1-42a5-8f77-4b5fe2c76644: failed while validating SpikeInterface metadata (Exception: There are no channel locations)
2026-10-10T06:27:46Z WARNING c4f49bbc-8cff-49b8-8f03-f030e976c47a: failed while validating SpikeInterface metadata (Exception: There are no channel locations)
2026-10-10T06:27:47Z INFO [4/29] c507fa83-5b43-471f-9b72-2ab9c0b807d8: qualifies; 1.2 s; peak memory 432 MiB.
2026-10-10T06:27:51Z INFO [5/29] c52162b2-2cf5-4581-ae49-fcf2cd750236: does not qualify; 3.3 s; peak memory 435 MiB.
2026-10-10T06:27:54Z INFO [6/29] c56fc95c-d341-4560-84c1-965863e92d2f: does not qualify; 3.0 s; peak memory 435 MiB.
2026-10-10T06:27:57Z INFO [7/29] c57a2e79-85f5-4716-995e-cf7817a5ebfb: does not qualify; 3.1 s; peak memory 436 MiB.
2026-10-10T06:27:58Z INFO [8/29] c5b70997-854d-42ca-a4ba-af3254998844: qualifies; 1.1 s; peak memory 436 MiB.
2026-10-10T06:28:01Z INFO [9/29] c626c141-a196-4774-9eef-a85e2e20a3c5: does not qualify; 3.0 s; peak memory 436 MiB.
2026-10-10T06:28:03Z WARNING c631c61c-de91-4fd5-8ab9-7364c996f3c0: failed while validating SpikeInterface metadata (Exception: There are no channel locations)
2026-10-10T06:28:06Z INFO [11/29] c63df6c0-19f3-45fe-b457-ccc62da5d091: does not qualify; 3.2 s; peak memory 437 MiB.
2026-10-10T06:28:09Z INFO [12/29] c646327b-a23b-46d3-9e87-716678d34eff: does not qualify; 2.9 s; peak memory 437 MiB.
2026-10-10T06:28:10Z INFO [13/29] c6623595-157f-4333-8b52-af77e4bfd8fb: qualifies; 1.0 s; peak memory 437 MiB.
2026-10-10T06:28:15Z WARNING c669555d-4db7-4048-8034-bab6dede3c62: failed while validating SpikeInterface metadata (Exception: There are no channel locations)
2026-10-10T06:28:16Z INFO [15/29] c696bb12-5df5-406e-bb62-0669e6c9c928: does not qualify; 1.5 s; peak memory 438 MiB.
2026-10-10T06:28:20Z INFO [16/29] c69f069c-9c41-45a8-bd14-cb2a2a486601: does not qualify; 3.2 s; peak memory 438 MiB.
2026-10-10T06:28:23Z INFO [17/29] c6a61cff-c939-4874-a405-7f8c83dbc7ff: does not qualify; 2.9 s; peak memory 438 MiB.
2026-10-10T06:28:26Z INFO [18/29] c713f22f-d8ed-4e1a-9720-420529c94714: does not qualify; 3.5 s; peak memory 438 MiB.
2026-10-10T06:29:40Z INFO [19/29] c71b146d-4d7c-4c54-af9f-e11f622cbc4a: does not qualify; 73.7 s; peak memory 531 MiB.
2026-10-10T06:29:42Z INFO [20/29] c7214694-66b7-44d5-9576-0019965558fe: qualifies; 2.2 s; peak memory 531 MiB.
2026-10-10T06:29:43Z INFO [21/29] c79553e0-7596-453f-ad5f-d20128e4946c: qualifies; 1.3 s; peak memory 531 MiB.
2026-10-10T06:29:45Z WARNING c7a5281d-050a-4cae-a58f-dbbe1ee67e5b: failed while validating SpikeInterface metadata (Exception: There are no channel locations)
2026-10-10T06:29:46Z WARNING c7bf2fb8-9101-4f38-947b-1aa13809ded2: failed while validating SpikeInterface metadata (Exception: There are no channel locations)
2026-10-10T06:29:49Z INFO [24/29] c7dd03b1-deda-4315-8165-03edc6f5c59b: does not qualify; 3.4 s; peak memory 531 MiB.
2026-10-10T06:29:51Z WARNING c7e6dcde-7ddc-4bf8-9f2a-e843d61d763b: failed while validating SpikeInterface metadata (Exception: There are no channel locations)
2026-10-10T06:29:52Z INFO [26/29] c7e741a7-4b6b-43f0-922e-455f62de2948: qualifies; 1.1 s; peak memory 531 MiB.
2026-10-10T06:29:53Z INFO [27/29] c809549a-7c32-4eee-a470-f1824c2dc229: qualifies; 1.2 s; peak memory 531 MiB.
2026-10-10T06:29:54Z INFO [28/29] c822d0f0-c6bf-451c-8e7c-fd48134742ba: qualifies; 1.3 s; peak memory 531 MiB.
2026-10-10T06:29:56Z WARNING c8c90733-df61-4e0f-a2ba-77f34473dc19: failed while validating SpikeInterface metadata (Exception: There are no channel locations)
2026-10-10T06:29:56Z INFO Wrote 2056 records to /tmp/derivatives/qualifying_aind_content_ids.jsonl (21 new, 8 failed) in 2.3 min (peak memory 531 MiB).
