2026-10-09T06:49:43Z INFO Logging to /tmp/logs/update_2026-10-09T06-49-43Z.log.
2026-10-09T06:49:43Z INFO Update qualifying-aind-content-ids (base directory /tmp).
2026-10-09T06:49:45Z INFO Processing 100 items (1741 already recorded).
2026-10-09T06:49:50Z INFO [1/100] a2df0146-886e-458e-a85d-7a0af1ddc168: does not qualify; 4.6 s; peak memory 420 MiB.
2026-10-09T06:50:38Z INFO [2/100] a2e48f79-78c0-4228-bcb5-878cca1f1a16: does not qualify; 48.1 s; peak memory 3728 MiB.
2026-10-09T06:50:39Z INFO [3/100] a2f363d4-6483-4c9a-9be6-70a0ab9fb285: does not qualify; 1.4 s; peak memory 3728 MiB.
2026-10-09T06:50:44Z INFO [4/100] a30eadd3-b7c6-4256-9307-d82c6854a231: does not qualify; 4.3 s; peak memory 3728 MiB.
2026-10-09T06:50:48Z INFO [5/100] a348aa9d-bdeb-446c-93d2-cd15b62d67db: does not qualify; 4.3 s; peak memory 3728 MiB.
2026-10-09T06:50:52Z INFO [6/100] a36023fc-b846-41d7-81d5-f2554dbb3bdf: does not qualify; 4.3 s; peak memory 3728 MiB.
2026-10-09T06:50:54Z INFO [7/100] a362414c-bd30-4239-bfe7-682e0fffe847: qualifies; 1.8 s; peak memory 3728 MiB.
2026-10-09T06:50:58Z INFO [8/100] a370bb28-75ba-44f4-832a-4569b3da6664: does not qualify; 4.4 s; peak memory 3728 MiB.
2026-10-09T06:51:02Z WARNING a3b312c5-7e4e-414d-babf-458c15d376a5: failed while validating SpikeInterface metadata (Exception: There are no channel locations)
2026-10-09T06:51:03Z WARNING a3b3bef2-f31e-4a36-ba2c-cbe3c50334e4: failed while validating SpikeInterface metadata (Exception: There are no channel locations)
2026-10-09T06:51:05Z INFO [11/100] a3b4a5ee-4205-451b-8512-5e9a49ebc036: does not qualify; 1.5 s; peak memory 3728 MiB.
2026-10-09T06:51:12Z WARNING a3b99587-4031-4b49-80a6-78ae01ba9570: failed while validating SpikeInterface metadata (Exception: There are no channel locations)
2026-10-09T06:51:14Z WARNING a3bf730d-fd14-423f-9eaa-fb7c775ed705: failed while validating SpikeInterface metadata (Exception: There are no channel locations)
2026-10-09T06:51:16Z INFO [14/100] a3ecec8f-7dde-4e43-b5ed-ddd1619d50ed: qualifies; 1.8 s; peak memory 3728 MiB.
2026-10-09T06:51:20Z INFO [15/100] a414cb64-ce4b-432f-b1aa-ffd47c9ddb9a: does not qualify; 4.3 s; peak memory 3728 MiB.
2026-10-09T06:51:22Z INFO [16/100] a41b76db-4982-4093-bb8f-984df6ff0101: qualifies; 1.6 s; peak memory 3728 MiB.
2026-10-09T06:51:24Z WARNING a4345360-455e-43a6-82a4-fece390c8c7f: failed while validating SpikeInterface metadata (Exception: There are no channel locations)
2026-10-09T06:51:26Z INFO [18/100] a43dc93e-6c77-4b29-8d2a-ee0543e29956: does not qualify; 1.9 s; peak memory 3728 MiB.
2026-10-09T06:51:27Z WARNING a459930a-73cb-42f3-aad5-6316f774dd81: failed while validating SpikeInterface metadata (Exception: There are no channel locations)
2026-10-09T06:51:31Z INFO [20/100] a47b0a65-6e7d-46c2-ad89-534bd9d63963: does not qualify; 3.5 s; peak memory 3728 MiB.
2026-10-09T06:51:33Z INFO [21/100] a4c8cbd8-87ed-4a23-a64d-bfbfd3f6d3a9: qualifies; 1.6 s; peak memory 3728 MiB.
2026-10-09T06:51:35Z INFO [22/100] a50cf853-56eb-4872-aa41-9ed90ed0f4e8: qualifies; 2.1 s; peak memory 3728 MiB.
2026-10-09T06:51:36Z INFO [23/100] a5441cfd-173d-486a-bbed-345dae5f1bdb: does not qualify; 1.5 s; peak memory 3728 MiB.
2026-10-09T06:51:38Z WARNING a554a730-dc10-4509-9873-e8c14954c05b: failed while validating SpikeInterface metadata (Exception: There are no channel locations)
2026-10-09T07:00:59Z WARNING a55e5453-8536-4332-927f-b79ee8168066: failed while validating SpikeInterface metadata (Exception: There are no channel locations)
2026-10-09T07:01:01Z WARNING a5692e10-6c9f-42ca-b05d-19ad917736ce: failed while validating SpikeInterface metadata (Exception: There are no channel locations)
2026-10-09T07:01:03Z INFO [27/100] a5e6b710-7499-4aee-9df7-3ec84e99f3d2: qualifies; 2.0 s; peak memory 7238 MiB.
2026-10-09T07:01:05Z WARNING a5e87c65-c39b-48f3-9622-23624d8048b4: failed while validating SpikeInterface metadata (Exception: There are no channel locations)
2026-10-09T07:03:08Z INFO [29/100] a611d989-3fcc-4950-b61b-e86039be9512: does not qualify; 122.9 s; peak memory 7238 MiB.
2026-10-09T07:03:12Z INFO [30/100] a651e5dd-0ad5-4f3f-9e5d-9178072b5070: does not qualify; 4.2 s; peak memory 7238 MiB.
2026-10-09T07:03:15Z INFO [31/100] a67b7506-d38c-463c-b77b-aeaad43dfa6b: does not qualify; 2.6 s; peak memory 7238 MiB.
2026-10-09T07:03:19Z INFO [32/100] a687aae7-4705-4c8f-900a-af63ccd0cb80: does not qualify; 4.1 s; peak memory 7238 MiB.
2026-10-09T07:03:21Z WARNING a6b055f6-77f5-4787-ad93-2d369a2093a3: failed while validating SpikeInterface metadata (Exception: There are no channel locations)
2026-10-09T07:03:23Z WARNING a6c3a7e2-9083-4f3b-8ea2-ea6c6f057e68: failed while validating SpikeInterface metadata (Exception: There are no channel locations)
2026-10-09T07:03:27Z INFO [35/100] a6fa7e5c-4a6a-4785-9d9b-6fcd9aa077fe: does not qualify; 3.9 s; peak memory 7238 MiB.
2026-10-09T07:03:28Z INFO [36/100] a7020a85-f03a-42b6-9d23-47fab11a16cb: qualifies; 1.8 s; peak memory 7238 MiB.
2026-10-09T07:03:36Z WARNING a72dd160-2a50-4ff1-a8a0-00d883790322: failed while validating SpikeInterface metadata (Exception: There are no channel locations)
2026-10-09T07:03:38Z WARNING a7494ca6-8084-48e6-bc7b-c183dfd94e86: failed while validating SpikeInterface metadata (Exception: There are no channel locations)
2026-10-09T07:03:40Z WARNING a750d3a8-a174-4867-a3f9-0a0fb45ded8f: failed while validating SpikeInterface metadata (Exception: There are no channel locations)
2026-10-09T07:03:44Z INFO [40/100] a75149e4-ddee-4431-a0da-549f127bca02: does not qualify; 3.8 s; peak memory 7238 MiB.
2026-10-09T07:03:48Z INFO [41/100] a764b7fd-b7ec-4af9-be31-cc75f1afc079: does not qualify; 3.9 s; peak memory 7238 MiB.
2026-10-09T07:03:49Z INFO [42/100] a766340e-66fe-4dc8-be22-7ba824751f1c: qualifies; 1.6 s; peak memory 7238 MiB.
2026-10-09T07:03:51Z INFO [43/100] a787b711-c2af-40b3-b2ee-7e35d7678315: qualifies; 1.8 s; peak memory 7238 MiB.
2026-10-09T07:03:53Z INFO [44/100] a7c24232-8dc9-4342-b77b-e0dc53a7803f: qualifies; 1.7 s; peak memory 7238 MiB.
2026-10-09T07:12:48Z WARNING a7c6bf06-b3fc-4ac5-80d9-fd0b38f41fdc: failed while validating SpikeInterface metadata (Exception: There are no channel locations)
2026-10-09T07:12:50Z WARNING a7e3159f-202e-42c4-939d-e46f1e839fd2: failed while validating SpikeInterface metadata (Exception: There are no channel locations)
2026-10-09T07:12:51Z INFO [47/100] a7e6ca80-a648-44b4-98e5-98bf116aba0b: does not qualify; 1.4 s; peak memory 7238 MiB.
2026-10-09T07:12:58Z INFO [48/100] a82414dc-5973-45b9-a8c5-f8929b488e8f: does not qualify; 7.2 s; peak memory 7238 MiB.
2026-10-09T07:13:06Z INFO [49/100] a86ea2fb-1ac7-4f51-9422-c1f588b5672f: qualifies; 7.1 s; peak memory 7238 MiB.
2026-10-09T07:13:08Z WARNING a8759cb4-b636-40ca-85a0-330a7ecc931a: failed while validating SpikeInterface metadata (Exception: There are no channel locations)
2026-10-09T07:13:08Z INFO [50/100] a8759cb4-b636-40ca-85a0-330a7ecc931a: checkpointed 1791 new records.
2026-10-09T07:13:12Z INFO [51/100] a8853cce-2aef-4461-bb30-1df74b5dea46: does not qualify; 4.6 s; peak memory 7238 MiB.
2026-10-09T07:13:17Z INFO [52/100] a8deaadd-8c11-45df-a8d3-f119e7f36042: does not qualify; 4.4 s; peak memory 7238 MiB.
2026-10-09T07:13:22Z INFO [53/100] a8f2467e-0bdf-4730-9d10-59c2d19769cf: does not qualify; 5.5 s; peak memory 7238 MiB.
2026-10-09T07:13:25Z INFO [54/100] a8f8003e-4483-4b50-8a45-91ac5971f5d5: qualifies; 3.2 s; peak memory 7238 MiB.
2026-10-09T07:13:33Z INFO [55/100] a8fd29fb-d408-4c9d-88e7-1b679ee8a3fb: qualifies; 8.0 s; peak memory 7238 MiB.
2026-10-09T07:13:35Z WARNING a917b4bc-a089-45cc-a8eb-9f8f5ad8a67b: failed while validating SpikeInterface metadata (Exception: There are no channel locations)
2026-10-09T07:13:36Z INFO [57/100] a919f369-ea78-4992-a421-b741157a1776: qualifies; 1.5 s; peak memory 7238 MiB.
2026-10-09T07:13:39Z INFO [58/100] a91db317-e545-4504-a5ea-f16e0c7d35f1: qualifies; 2.4 s; peak memory 7238 MiB.
2026-10-09T07:13:40Z WARNING a9248eff-bd69-4069-a537-a17a625b6e23: failed while validating SpikeInterface metadata (Exception: There are no channel locations)
2026-10-09T07:13:42Z WARNING a9424959-19f0-4c47-82c0-27f104ac7bd7: failed while validating SpikeInterface metadata (Exception: There are no channel locations)
2026-10-09T07:13:46Z INFO [61/100] a95c40de-3479-4414-b0a5-17e35c502c35: does not qualify; 3.9 s; peak memory 7238 MiB.
2026-10-09T07:13:50Z INFO [62/100] a97ba80d-94a3-4168-a2ff-e502d41283ed: does not qualify; 4.6 s; peak memory 7238 MiB.
2026-10-09T07:13:53Z WARNING a9b5c7ef-ca81-455c-b4af-999cfed78813: failed while validating SpikeInterface metadata (Exception: There are no channel locations)
2026-10-09T07:13:54Z INFO [64/100] aa4d81e6-8b82-4f36-97e3-a630709bace7: qualifies; 1.6 s; peak memory 7238 MiB.
2026-10-09T07:13:56Z WARNING aa4f7b38-0175-4c43-81e7-a38c845bd5b2: failed while validating SpikeInterface metadata (Exception: There are no channel locations)
2026-10-09T07:13:57Z WARNING aa54060f-4573-43e0-aad2-500f855e9ad8: failed while validating SpikeInterface metadata (Exception: There are no channel locations)
2026-10-09T07:14:02Z INFO [67/100] aa54e52f-ac70-439f-99c8-c694bdebbdec: qualifies; 5.0 s; peak memory 7238 MiB.
2026-10-09T07:14:04Z WARNING aa62dacc-528e-43d8-be8d-5001e8a80f48: failed while validating SpikeInterface metadata (Exception: There are no channel locations)
2026-10-09T07:14:06Z WARNING aa7118c2-0ccb-4f09-95f7-11f94297c98a: failed while validating SpikeInterface metadata (Exception: There are no channel locations)
2026-10-09T07:15:37Z INFO [70/100] aa74e4d7-a79b-4179-adf3-497fb1237edc: does not qualify; 90.6 s; peak memory 7238 MiB.
2026-10-09T07:15:42Z INFO [71/100] aa7cf872-d88c-45f0-be5d-3f1a386b075e: does not qualify; 4.8 s; peak memory 7238 MiB.
2026-10-09T07:15:44Z INFO [72/100] aa8f3c01-718b-47f2-9efd-415745523d07: qualifies; 1.8 s; peak memory 7238 MiB.
2026-10-09T07:15:45Z INFO [73/100] aaa2c056-362a-45d2-87e8-316d75524765: qualifies; 1.4 s; peak memory 7238 MiB.
2026-10-09T07:15:46Z INFO [74/100] aac165d3-ce83-4693-910c-aa0e7ee62187: does not qualify; 1.1 s; peak memory 7238 MiB.
2026-10-09T07:17:44Z INFO [75/100] ab103954-d99f-46b1-98ac-e6f91a1e9313: does not qualify; 118.4 s; peak memory 7238 MiB.
2026-10-09T07:17:48Z INFO [76/100] ab1d79e1-a3c0-4087-92ca-d3b866a86bc1: does not qualify; 4.0 s; peak memory 7238 MiB.
2026-10-09T07:17:50Z INFO [77/100] ab27f4bf-1da9-493f-9c89-7e753ba68a41: qualifies; 1.3 s; peak memory 7238 MiB.
2026-10-09T07:17:51Z INFO [78/100] ab3cac33-56e2-4609-ab77-1ecd1416d2f4: qualifies; 1.6 s; peak memory 7238 MiB.
2026-10-09T07:17:56Z INFO [79/100] ab6101e3-eb98-4700-b8dc-0b568bccf665: does not qualify; 4.7 s; peak memory 7238 MiB.
2026-10-09T07:17:57Z WARNING ab8c7af7-c24d-442d-8064-6c091bfa067f: failed while validating SpikeInterface metadata (Exception: There are no channel locations)
2026-10-09T07:19:13Z INFO [81/100] ab92aab6-790d-43c6-a82c-d7ca9e88da72: does not qualify; 75.7 s; peak memory 7238 MiB.
2026-10-09T07:19:15Z WARNING abb872d1-c3e3-4f15-99d2-02fa2c6b26f7: failed while validating SpikeInterface metadata (Exception: There are no channel locations)
2026-10-09T07:19:20Z INFO [83/100] abc60a65-13e2-4a7d-9772-8f339032b4ae: does not qualify; 4.7 s; peak memory 7238 MiB.
2026-10-09T07:19:21Z INFO [84/100] abe69dca-d9cb-4ca0-86cf-ee6fae11719d: qualifies; 1.4 s; peak memory 7238 MiB.
2026-10-09T07:21:47Z INFO [85/100] ac3b3475-cc8e-4391-bc8a-294dc6ab4f4f: does not qualify; 145.9 s; peak memory 8100 MiB.
2026-10-09T07:21:49Z INFO [86/100] ac7039a7-d2f8-475b-ad4a-769365c93527: qualifies; 1.7 s; peak memory 8100 MiB.
2026-10-09T07:21:50Z INFO [87/100] acaf90be-3f7c-400d-b50b-ae47972662cc: qualifies; 1.4 s; peak memory 8100 MiB.
2026-10-09T07:21:55Z INFO [88/100] ad175524-09b9-47a3-835b-4a8f2b55a760: does not qualify; 4.7 s; peak memory 8100 MiB.
2026-10-09T07:21:59Z INFO [89/100] ad38eec6-a631-412d-9e23-6f1a16800a93: does not qualify; 4.0 s; peak memory 8100 MiB.
2026-10-09T07:22:01Z WARNING ad63c1e4-0b23-4078-92bc-bc8f68a7a9e1: failed while validating SpikeInterface metadata (Exception: There are no channel locations)
2026-10-09T07:22:03Z WARNING ad70c3d7-8bc5-471c-923d-c108f38926f6: failed while validating SpikeInterface metadata (Exception: There are no channel locations)
2026-10-09T07:22:04Z INFO [92/100] ad7d3f26-2ad3-4b45-b3ca-a986e228fc52: qualifies; 1.6 s; peak memory 8100 MiB.
2026-10-09T07:22:06Z INFO [93/100] ad87399c-6034-4b96-8bdb-8a2b409a5826: does not qualify; 1.7 s; peak memory 8100 MiB.
2026-10-09T07:22:08Z INFO [94/100] adb73b01-7482-4a6e-87f9-fdfb64d53a38: qualifies; 1.5 s; peak memory 8100 MiB.
2026-10-09T07:22:09Z INFO [95/100] add66448-c6df-4ee7-89d3-e4ca49307031: does not qualify; 1.2 s; peak memory 8100 MiB.
2026-10-09T07:22:11Z INFO [96/100] ade01ec4-ac36-4522-9c8f-ea7474a0fecf: does not qualify; 1.6 s; peak memory 8100 MiB.
2026-10-09T07:22:13Z WARNING ade136ef-5d90-4f7c-9127-7e1e1aa3c107: failed while validating SpikeInterface metadata (Exception: There are no channel locations)
2026-10-09T07:22:14Z WARNING ade64299-e380-4f9d-9780-092b2b650016: failed while validating SpikeInterface metadata (Exception: There are no channel locations)
2026-10-09T07:22:17Z INFO [99/100] ae0a66f8-ccab-4fa9-a21d-077a89080a7d: qualifies; 2.5 s; peak memory 8100 MiB.
2026-10-09T07:22:19Z WARNING ae521106-c832-423d-8eb1-4fab6ff01202: failed while validating SpikeInterface metadata (Exception: There are no channel locations)
2026-10-09T07:22:19Z INFO [100/100] ae521106-c832-423d-8eb1-4fab6ff01202: checkpointed 1841 new records.
2026-10-09T07:22:19Z INFO Wrote 1841 records to /tmp/derivatives/qualifying_aind_content_ids.jsonl (67 new, 33 failed) in 32.6 min (peak memory 8100 MiB).
