2026-10-08T21:35:02Z INFO Logging to /tmp/logs/update_2026-10-08T21-35-02Z.log.
2026-10-08T21:35:02Z INFO Update qualifying-aind-content-ids (base directory /tmp).
2026-10-08T21:35:04Z INFO Processing 92 items (1649 already recorded).
2026-10-08T21:35:08Z INFO [1/92] 97476885-2502-48e7-90a2-101478ff4b77: does not qualify; 3.7 s; peak memory 420 MiB.
2026-10-08T21:35:09Z WARNING 974c85c2-f894-4964-90fc-235159e156f3: failed while validating SpikeInterface metadata (Exception: There are no channel locations)
2026-10-08T21:35:13Z INFO [3/92] 97c60bf4-49d5-48be-bfeb-66416eb59511: does not qualify; 3.9 s; peak memory 423 MiB.
2026-10-08T21:35:15Z INFO [4/92] 985bad23-821c-46b5-bf9a-e505c2aa2bd3: qualifies; 1.5 s; peak memory 423 MiB.
2026-10-08T21:35:16Z WARNING 988fe717-432f-4c32-b6cc-342d204da124: failed while validating SpikeInterface metadata (Exception: There are no channel locations)
2026-10-08T21:35:20Z INFO [6/92] 989100a3-e1d7-4912-9da7-8ad326204d9d: does not qualify; 4.3 s; peak memory 425 MiB.
2026-10-08T21:35:21Z INFO [7/92] 98b615c5-95b8-4cd9-9e6c-8bfc595e8e29: qualifies; 1.0 s; peak memory 425 MiB.
2026-10-08T21:35:22Z INFO [8/92] 98da1d69-73da-41bd-870c-d05d7bc514da: qualifies; 1.2 s; peak memory 425 MiB.
2026-10-08T21:35:24Z INFO [9/92] 98e35c09-4497-454c-9b75-6cda0bb15217: qualifies; 1.4 s; peak memory 425 MiB.
2026-10-08T21:35:25Z WARNING 98ee1a1f-a827-4273-aaed-9de5ddc24334: failed while validating SpikeInterface metadata (Exception: There are no channel locations)
2026-10-08T21:35:26Z INFO [11/92] 98fbb122-7534-4145-927c-78b480bb1e47: qualifies; 1.2 s; peak memory 426 MiB.
2026-10-08T21:35:33Z INFO [12/92] 990054bd-ad97-4635-be5c-ca1c0a566877: does not qualify; 6.8 s; peak memory 426 MiB.
2026-10-08T21:35:34Z INFO [13/92] 990413d2-bdc0-410b-bf04-9e8a82db6624: does not qualify; 0.8 s; peak memory 426 MiB.
2026-10-08T21:35:35Z WARNING 9917283e-b9f4-4bcd-8d19-6883deca43d1: failed while validating SpikeInterface metadata (Exception: There are no channel locations)
2026-10-08T21:35:37Z INFO [15/92] 995bbf1e-3adf-46d9-a9c1-3209dac8d46f: qualifies; 1.9 s; peak memory 426 MiB.
2026-10-08T21:35:38Z INFO [16/92] 99675fad-01ce-455a-b3b5-446d98ce92ae: qualifies; 1.2 s; peak memory 426 MiB.
2026-10-08T21:35:39Z INFO [17/92] 99745588-e75d-4341-bbbd-e51fd03a7010: qualifies; 1.2 s; peak memory 426 MiB.
2026-10-08T21:35:41Z INFO [18/92] 998c2524-4093-41e2-ba88-1b6c8e15fa45: qualifies; 1.9 s; peak memory 426 MiB.
2026-10-08T21:35:45Z INFO [19/92] 999bb2e7-9088-4a6b-9bdf-da84afb17784: does not qualify; 3.9 s; peak memory 426 MiB.
2026-10-08T21:35:46Z WARNING 99b7aadc-d7d2-4849-9834-17152c22f0de: failed while validating SpikeInterface metadata (Exception: There are no channel locations)
2026-10-08T21:35:47Z WARNING 99bc8f67-cd68-4e97-85b1-b3768b51786b: failed while validating SpikeInterface metadata (Exception: There are no channel locations)
2026-10-08T21:35:51Z INFO [22/92] 99e0d14a-e3f5-4eed-8532-87816ba1fdaf: does not qualify; 3.9 s; peak memory 428 MiB.
2026-10-08T21:35:52Z INFO [23/92] 99f82084-922e-4193-b1a0-0c411ea95abd: qualifies; 1.0 s; peak memory 428 MiB.
2026-10-08T21:35:54Z INFO [24/92] 9a021b5a-35ee-448c-9cb0-92445a347b62: qualifies; 1.1 s; peak memory 428 MiB.
2026-10-08T21:35:55Z INFO [25/92] 9a1ac705-3cfc-452e-a20a-a46f4913bfd5: qualifies; 1.3 s; peak memory 428 MiB.
2026-10-08T21:35:57Z INFO [26/92] 9a4a2267-6706-4a82-8336-0f9cd40ada26: qualifies; 1.9 s; peak memory 428 MiB.
2026-10-08T21:36:01Z INFO [27/92] 9ac31037-fe21-4622-9fc1-9b9e601b4325: does not qualify; 3.9 s; peak memory 428 MiB.
2026-10-08T21:36:02Z INFO [28/92] 9ad015bc-6d32-4c3a-8556-345e8f7b79e7: qualifies; 1.6 s; peak memory 428 MiB.
2026-10-08T21:36:04Z INFO [29/92] 9ad14d19-3b6c-4a28-a83b-253f2012a918: qualifies; 2.1 s; peak memory 428 MiB.
2026-10-08T21:36:08Z INFO [30/92] 9af3ee2c-1ca7-4230-b39b-51cde77d63b2: does not qualify; 4.1 s; peak memory 428 MiB.
2026-10-08T21:36:10Z INFO [31/92] 9b1206d1-9093-403d-8ea8-929905598c39: qualifies; 1.2 s; peak memory 428 MiB.
2026-10-08T21:36:11Z INFO [32/92] 9b1d10bb-a19a-4a14-9a7a-0e33dd4583a8: qualifies; 1.3 s; peak memory 428 MiB.
2026-10-08T21:36:13Z WARNING 9b2cc0a4-8640-4997-909b-ff2a84819e02: failed while validating SpikeInterface metadata (Exception: There are no channel locations)
2026-10-08T21:36:14Z WARNING 9b49b612-bf43-436c-ad91-77a546f2f6f7: failed while validating SpikeInterface metadata (Exception: There are no channel locations)
2026-10-08T21:36:17Z INFO [35/92] 9b79201c-03a5-47d8-86f8-b798e4322ae0: does not qualify; 3.4 s; peak memory 429 MiB.
2026-10-08T21:36:21Z INFO [36/92] 9b9a2ae1-5a2a-47c1-b3f8-45a4f72a26d3: does not qualify; 3.4 s; peak memory 429 MiB.
2026-10-08T21:36:24Z INFO [37/92] 9bb24252-6b1f-42dc-b4e0-8b27f72e2b7c: does not qualify; 3.5 s; peak memory 429 MiB.
2026-10-08T21:36:26Z WARNING 9bd9bd10-6e2d-4645-8a22-f17c8d26f407: failed while validating SpikeInterface metadata (Exception: There are no channel locations)
2026-10-08T21:36:27Z INFO [39/92] 9bdbd307-0fdc-4231-8577-f0025839b90e: qualifies; 1.4 s; peak memory 429 MiB.
2026-10-08T21:36:30Z INFO [40/92] 9c0df7c3-b370-4437-a9f1-9ed6728e0906: does not qualify; 3.1 s; peak memory 429 MiB.
2026-10-08T21:36:31Z WARNING 9c129bd7-e81c-457c-9207-4564ed5b7915: failed while validating SpikeInterface metadata (Exception: There are no channel locations)
2026-10-08T21:36:32Z INFO [42/92] 9c29e6c4-0f4e-47a2-a065-e031be57ffc1: qualifies; 1.0 s; peak memory 430 MiB.
2026-10-08T21:36:36Z INFO [43/92] 9c4051c1-60aa-4feb-8760-2f2cc45dcae4: does not qualify; 3.5 s; peak memory 431 MiB.
2026-10-08T21:36:37Z INFO [44/92] 9c568194-48b6-4921-a676-b6c0089f36f4: qualifies; 1.1 s; peak memory 431 MiB.
2026-10-08T21:36:40Z INFO [45/92] 9c5bd05b-4546-4fc8-ad35-91389a1583a3: does not qualify; 2.8 s; peak memory 431 MiB.
2026-10-08T21:36:42Z INFO [46/92] 9c6647d9-e16a-4cf3-9d18-5242c41ea56f: qualifies; 1.9 s; peak memory 431 MiB.
2026-10-08T21:36:46Z INFO [47/92] 9c747a4a-f1cc-4ebb-8b6f-dd8ccccf0b5b: does not qualify; 4.0 s; peak memory 431 MiB.
2026-10-08T21:36:47Z WARNING 9c74e651-2a78-406a-9036-999ac65d5646: failed while validating SpikeInterface metadata (Exception: There are no channel locations)
2026-10-08T21:36:48Z WARNING 9c7b141d-cd23-4613-90b8-8b332f34ec43: failed while validating SpikeInterface metadata (Exception: There are no channel locations)
2026-10-08T21:36:52Z INFO [50/92] 9c962fb2-a294-4f33-b6da-48d720cc41ef: does not qualify; 3.9 s; peak memory 431 MiB.
2026-10-08T21:36:52Z INFO [50/92] 9c962fb2-a294-4f33-b6da-48d720cc41ef: checkpointed 1699 new records.
2026-10-08T21:36:53Z INFO [51/92] 9d0059df-4e98-4215-9d0c-fcd49a370e48: qualifies; 1.1 s; peak memory 431 MiB.
2026-10-08T21:36:55Z WARNING 9d18bd62-8f04-49c8-94ce-cd74a0bb9561: failed while validating SpikeInterface metadata (Exception: There are no channel locations)
2026-10-08T21:38:25Z INFO [53/92] 9d453adb-9092-4096-ada8-46c2918697fe: does not qualify; 90.4 s; peak memory 530 MiB.
2026-10-08T21:38:28Z WARNING 9d4afe8c-2e40-411c-a1ce-1d38f45a8dd3: failed while validating SpikeInterface metadata (Exception: There are no channel locations)
2026-10-08T21:38:29Z INFO [55/92] 9d66ed40-af31-43aa-b4ba-246d2206dcad: qualifies; 1.2 s; peak memory 530 MiB.
2026-10-08T21:38:30Z INFO [56/92] 9d6b92f5-5591-48e8-bc8c-17f910706853: qualifies; 1.4 s; peak memory 530 MiB.
2026-10-08T21:38:31Z WARNING 9d9b0ce0-0be1-4601-a4e5-7dd35d596ed4: failed while validating SpikeInterface metadata (Exception: There are no channel locations)
2026-10-08T21:38:32Z WARNING 9da66642-5ae3-4b35-a74a-4d93be566304: failed while validating SpikeInterface metadata (Exception: There are no channel locations)
2026-10-08T21:38:36Z INFO [59/92] 9da6a2d2-851a-4f04-9305-05910f0543b7: does not qualify; 3.3 s; peak memory 531 MiB.
2026-10-08T21:38:43Z INFO [60/92] 9da9f8fc-7b51-4b11-9260-d10cf4c3ea87: qualifies; 6.8 s; peak memory 531 MiB.
2026-10-08T21:38:46Z INFO [61/92] 9dbc7b5a-1db1-4d47-b26d-5fcb0d54d29c: does not qualify; 3.8 s; peak memory 531 MiB.
2026-10-08T21:38:47Z INFO [62/92] 9e0f63ef-a3a5-423f-9df1-d9c988e4fd60: does not qualify; 1.0 s; peak memory 531 MiB.
2026-10-08T21:38:50Z INFO [63/92] 9e240fa8-0c22-48d6-ab8e-aafdec9c7c86: qualifies; 2.3 s; peak memory 531 MiB.
2026-10-08T21:38:56Z INFO [64/92] 9ed726cd-2076-4bac-ac5c-d8037952602c: does not qualify; 6.8 s; peak memory 531 MiB.
2026-10-08T21:38:58Z WARNING 9ede5e12-6b57-49d5-8a50-35ea9f5f6053: failed while validating SpikeInterface metadata (Exception: There are no channel locations)
2026-10-08T21:39:05Z WARNING 9f270e7a-4eb7-47f5-b84a-f9176d993253: failed while validating SpikeInterface metadata (Exception: There are no channel locations)
2026-10-08T21:39:07Z WARNING 9f3384f2-b354-4688-acb1-5fb3c0b5160f: failed while validating SpikeInterface metadata (Exception: There are no channel locations)
2026-10-08T21:39:09Z WARNING 9f387419-cf7d-4f8c-8948-131d38159786: failed while validating SpikeInterface metadata (Exception: There are no channel locations)
2026-10-08T21:39:10Z INFO [69/92] 9f3daf27-8a46-4bf2-99f1-039b78489597: qualifies; 1.2 s; peak memory 531 MiB.
2026-10-08T21:39:11Z INFO [70/92] 9f45066f-dd12-4afb-aaf8-e5f6e7927372: qualifies; 1.2 s; peak memory 531 MiB.
2026-10-08T21:39:14Z WARNING 9fbb79fa-8159-4225-a6e4-07e5ff314512: failed while validating SpikeInterface metadata (Exception: There are no channel locations)
2026-10-08T21:41:00Z INFO [72/92] 9fed09ad-34bb-41d7-acd8-565ab3a13650: does not qualify; 105.7 s; peak memory 8144 MiB.
2026-10-08T21:41:04Z INFO [73/92] a007fac1-96e7-4028-ad84-31a1b80db089: does not qualify; 4.1 s; peak memory 8144 MiB.
2026-10-08T21:41:05Z WARNING a012f0be-9a39-400e-bbd0-77bfd599c328: failed while validating SpikeInterface metadata (Exception: There are no channel locations)
2026-10-08T21:41:14Z INFO [75/92] a03e8005-eafc-4c1a-8837-e5cc55932134: qualifies; 8.5 s; peak memory 8144 MiB.
2026-10-08T21:41:15Z INFO [76/92] a042b339-5389-4abd-a826-66a2c6aac386: qualifies; 1.3 s; peak memory 8144 MiB.
2026-10-08T21:41:17Z INFO [77/92] a05ac4e6-030f-49b7-ac62-e1aa74e54dcb: qualifies; 1.6 s; peak memory 8144 MiB.
2026-10-08T21:41:21Z INFO [78/92] a0cb945a-6703-4187-83ef-4d3157dc2824: does not qualify; 4.9 s; peak memory 8144 MiB.
2026-10-08T21:41:25Z INFO [79/92] a0e75ccf-94ac-465f-b2fb-6dcf72df8ce2: does not qualify; 3.3 s; peak memory 8144 MiB.
2026-10-08T21:41:26Z WARNING a14f1561-e98f-4325-b92a-962b20437226: failed while validating SpikeInterface metadata (Exception: There are no channel locations)
2026-10-08T21:41:29Z INFO [81/92] a178e6a8-9fc7-49aa-b85a-993c27c1dc52: does not qualify; 3.0 s; peak memory 8144 MiB.
2026-10-08T21:41:31Z INFO [82/92] a19ae504-bb63-49bf-a3f9-4fd306b6fde6: qualifies; 1.3 s; peak memory 8144 MiB.
2026-10-08T21:41:35Z INFO [83/92] a1cebc56-0ae5-47b7-ad6c-08d7f8fd76ff: does not qualify; 4.0 s; peak memory 8144 MiB.
2026-10-08T21:41:36Z INFO [84/92] a1edc2b9-d6d7-4524-ab76-5dc6baa639a3: does not qualify; 0.9 s; peak memory 8144 MiB.
2026-10-08T21:41:39Z INFO [85/92] a1f5fb4b-4fb7-43d0-9de1-015f9ff0eca8: does not qualify; 3.7 s; peak memory 8144 MiB.
2026-10-08T21:41:40Z WARNING a2315375-dc06-44fe-ad19-df1ff45ede61: failed while validating SpikeInterface metadata (Exception: There are no channel locations)
2026-10-08T21:41:44Z INFO [87/92] a23b56f7-4c59-4951-ab47-2f179f41fe72: does not qualify; 3.7 s; peak memory 8144 MiB.
2026-10-08T21:41:45Z INFO [88/92] a258282b-12aa-4a21-973f-3a97745943c6: qualifies; 1.2 s; peak memory 8144 MiB.
2026-10-08T21:41:47Z INFO [89/92] a286a5a7-7604-4b80-872a-c382ddc1073c: qualifies; 1.3 s; peak memory 8144 MiB.
2026-10-08T21:41:48Z INFO [90/92] a291fb22-fbe0-4452-a130-4027cebf5b30: qualifies; 1.1 s; peak memory 8144 MiB.
2026-10-08T21:41:49Z INFO [91/92] a2a46348-efb9-42e0-ada7-fa27f2a98ef8: qualifies; 1.3 s; peak memory 8144 MiB.
2026-10-08T21:41:50Z INFO [92/92] a2a9172d-93e2-44e3-b3ac-ca5da09fd1b9: does not qualify; 1.1 s; peak memory 8144 MiB.
2026-10-08T21:41:50Z INFO Wrote 1741 records to /tmp/derivatives/qualifying_aind_content_ids.jsonl (68 new, 24 failed) in 6.8 min (peak memory 8144 MiB).
