2026-10-04T23:38:29Z INFO Logging to /tmp/logs/update_2026-10-04T23-38-29Z.log.
2026-10-04T23:38:29Z INFO Update qualifying-aind-content-ids (base directory /tmp).
2026-10-04T23:38:32Z INFO Processing 35 items (997 already recorded).
2026-10-04T23:38:33Z INFO [1/35] 42a8cb9f-6d5c-4a87-b0c4-d1ac96c67752: qualifies; 1.6 s; peak memory 387 MiB.
2026-10-04T23:38:35Z INFO [2/35] 42cd046c-d5b2-4be4-8161-0322c1843e14: does not qualify; 1.9 s; peak memory 389 MiB.
2026-10-04T23:38:37Z INFO [3/35] 42e4e36c-760d-48dc-b0db-5826f51d7904: qualifies; 1.3 s; peak memory 389 MiB.
2026-10-04T23:38:38Z INFO [4/35] 43040d3a-1bef-4c34-b438-f63c849e00b8: qualifies; 1.0 s; peak memory 389 MiB.
2026-10-04T23:38:38Z INFO [5/35] 43047792-bbe3-4a9a-a2e0-b3a6836cfbcc: does not qualify; 0.9 s; peak memory 389 MiB.
2026-10-04T23:38:42Z INFO [6/35] 4342de5d-8bed-46eb-81e5-1d348314ab60: does not qualify; 4.0 s; peak memory 394 MiB.
2026-10-04T23:38:45Z INFO [7/35] 43a695b0-58bb-4879-973b-cc6c08ffd337: does not qualify; 2.6 s; peak memory 394 MiB.
2026-10-04T23:38:46Z WARNING 43e12de5-bcee-4b2e-b158-8414c6e99bb2: failed while validating SpikeInterface metadata (Exception: There are no channel locations)
2026-10-04T23:38:47Z INFO [9/35] 43eca2ce-101a-4c9a-8246-04b995ca21c3: qualifies; 1.1 s; peak memory 394 MiB.
2026-10-04T23:38:49Z INFO [10/35] 43f6219f-ac6e-4c26-8f0a-ab382e47a240: qualifies; 1.0 s; peak memory 394 MiB.
2026-10-04T23:38:50Z WARNING 4402acd1-c5c5-4882-a9b3-68d72607d6e1: failed while validating SpikeInterface metadata (Exception: There are no channel locations)
2026-10-04T23:38:51Z INFO [12/35] 44396262-64ab-4a0c-bb39-1f88c5b03915: does not qualify; 1.6 s; peak memory 427 MiB.
2026-10-04T23:38:53Z WARNING 445fcc88-3dca-4395-aba3-8ecb95863320: failed while validating SpikeInterface metadata (Exception: There are no channel locations)
2026-10-04T23:38:54Z WARNING 447bd01a-ec54-4e72-b259-53f32329aeaa: failed while validating SpikeInterface metadata (Exception: There are no channel locations)
2026-10-04T23:38:55Z WARNING 448691f1-fa2e-4b43-88b1-fa9da1fbf535: failed while validating SpikeInterface metadata (Exception: There are no channel locations)
2026-10-04T23:38:56Z WARNING 44d36ad2-6d19-4727-a492-68b90f86b277: failed while validating SpikeInterface metadata (Exception: There are no channel locations)
2026-10-04T23:39:00Z INFO [17/35] 44e4f9a1-88fd-4848-b9e2-baa6e2307051: does not qualify; 3.3 s; peak memory 427 MiB.
2026-10-04T23:40:33Z INFO [18/35] 44e7c5da-dbce-4356-9d0e-a95e373d457d: does not qualify; 93.2 s; peak memory 7967 MiB.
2026-10-04T23:42:23Z INFO [19/35] 44f953f9-0855-4a29-9e03-c7c028577a37: does not qualify; 109.8 s; peak memory 9140 MiB.
2026-10-04T23:42:24Z INFO [20/35] 45038ae2-6bcd-4d7b-94f8-147646b72ee8: qualifies; 1.5 s; peak memory 9140 MiB.
2026-10-04T23:42:27Z INFO [21/35] 4512158b-dcab-4297-a245-887804939be4: does not qualify; 3.1 s; peak memory 9140 MiB.
2026-10-04T23:42:30Z INFO [22/35] 451d0f07-9826-432e-abb8-962a5272505c: does not qualify; 2.9 s; peak memory 9140 MiB.
2026-10-04T23:42:34Z INFO [23/35] 4528a418-1d3f-42dc-8941-27fcea24b27c: does not qualify; 3.6 s; peak memory 9140 MiB.
2026-10-04T23:42:35Z WARNING 453b174b-75c8-409d-b905-88d160eaf941: failed while validating SpikeInterface metadata (Exception: There are no channel locations)
2026-10-04T23:42:43Z WARNING 45481e36-cd98-48d7-b4d6-5d580a7cc6ba: failed while validating SpikeInterface metadata (Exception: There are no channel locations)
2026-10-04T23:42:44Z INFO [26/35] 455b506b-332e-4dd7-a2ea-cb6e33fd1782: does not qualify; 1.5 s; peak memory 9140 MiB.
2026-10-04T23:42:45Z INFO [27/35] 455cb761-d78a-4e3c-9380-bde4664c6d88: qualifies; 1.0 s; peak memory 9140 MiB.
2026-10-04T23:42:48Z INFO [28/35] 45b01598-36f5-48ea-ba6f-6a386df9ef6c: does not qualify; 3.2 s; peak memory 9140 MiB.
2026-10-04T23:42:50Z WARNING 45b695f3-7e3e-458e-9062-868fe1c1581a: failed while validating SpikeInterface metadata (Exception: There are no channel locations)
2026-10-04T23:42:51Z INFO [30/35] 45e62320-455c-49ad-b75f-72fabd50fe31: qualifies; 1.0 s; peak memory 9140 MiB.
2026-10-04T23:42:53Z INFO [31/35] 461a2cb3-314e-4745-b416-13c2700f8909: qualifies; 2.0 s; peak memory 9140 MiB.
2026-10-04T23:43:54Z INFO [32/35] 4640691a-4965-4632-8047-c2f3572dd1b5: does not qualify; 60.9 s; peak memory 9140 MiB.
2026-10-04T23:43:57Z INFO [33/35] 464219e0-ba1c-4954-8ae7-f39794374640: does not qualify; 3.0 s; peak memory 9140 MiB.
2026-10-04T23:43:58Z INFO [34/35] 464d038f-aa58-40dd-ac6d-9dc745bc4456: qualifies; 1.1 s; peak memory 9140 MiB.
2026-10-04T23:45:02Z INFO [35/35] 4671de95-7147-4d63-b6fd-33956d619158: does not qualify; 64.3 s; peak memory 9140 MiB.
2026-10-04T23:45:02Z INFO Wrote 1032 records to /tmp/derivatives/qualifying_aind_content_ids.jsonl (26 new, 9 failed) in 6.5 min (peak memory 9140 MiB).
