2026-10-06T11:33:57Z INFO Logging to /tmp/logs/update_2026-10-06T11-33-57Z.log.
2026-10-06T11:33:57Z INFO Update qualifying-aind-content-ids (base directory /tmp).
2026-10-06T11:34:00Z INFO Processing 29 items (1292 already recorded).
2026-10-06T11:34:03Z WARNING 696a8d85-d8c0-4bd7-90e5-ac8e89b9565a: failed while validating SpikeInterface metadata (Exception: There are no channel locations)
2026-10-06T11:34:08Z INFO [2/29] 69910dbe-3320-46c2-8046-ee1057ea3aa0: qualifies; 4.6 s; peak memory 403 MiB.
2026-10-06T11:36:57Z INFO [3/29] 69f60ecc-93e2-473b-b542-e03c8c2849cc: does not qualify; 169.5 s; peak memory 8418 MiB.
2026-10-06T11:37:00Z INFO [4/29] 69f62431-14a2-428c-bb3b-ba49124f66c7: does not qualify; 2.7 s; peak memory 8418 MiB.
2026-10-06T11:37:10Z INFO [5/29] 6a29c76c-6f9a-4af5-8b5a-e10d6599fbdb: does not qualify; 10.3 s; peak memory 8418 MiB.
2026-10-06T11:37:14Z WARNING 6a5060cc-506f-4061-b3d0-79c2af07ecd8: failed while validating SpikeInterface metadata (Exception: There are no channel locations)
2026-10-06T11:37:20Z INFO [7/29] 6a795498-9874-4797-9c8f-45744995a5b0: does not qualify; 6.6 s; peak memory 8418 MiB.
2026-10-06T11:37:27Z INFO [8/29] 6a944de1-3d64-4752-b8cf-d3f31636b681: does not qualify; 6.5 s; peak memory 8418 MiB.
2026-10-06T11:37:29Z INFO [9/29] 6ac5e439-1fee-434f-86d9-d93105c9ad05: qualifies; 2.5 s; peak memory 8418 MiB.
2026-10-06T11:37:33Z INFO [10/29] 6aea0675-8771-4674-ba3e-05dbad5436c5: qualifies; 3.4 s; peak memory 8418 MiB.
2026-10-06T11:37:35Z INFO [11/29] 6afd417b-9f80-427d-b26d-290a34196a1a: qualifies; 2.6 s; peak memory 8418 MiB.
2026-10-06T11:37:37Z INFO [12/29] 6b14e4e3-9f78-456f-9466-621993efba9a: does not qualify; 2.1 s; peak memory 8418 MiB.
2026-10-06T11:37:40Z INFO [13/29] 6b3b0e01-4325-474f-9553-08b0f190f486: qualifies; 2.3 s; peak memory 8418 MiB.
2026-10-06T11:37:42Z INFO [14/29] 6b3dabeb-da68-45dd-9b3f-b7a88c1bcde0: qualifies; 2.3 s; peak memory 8418 MiB.
2026-10-06T11:37:45Z INFO [15/29] 6b482904-dc05-4052-9c87-21e196cf8b55: qualifies; 2.5 s; peak memory 8418 MiB.
2026-10-06T11:40:02Z INFO [16/29] 6b60b812-004a-4d4f-8348-b744519aa318: does not qualify; 137.8 s; peak memory 14461 MiB.
2026-10-06T11:40:09Z INFO [17/29] 6b86a1f1-d1b2-4a54-9360-71195fbc5796: does not qualify; 6.8 s; peak memory 14461 MiB.
2026-10-06T11:48:22Z WARNING 6b933fdc-7db3-45d2-994f-29f8af0ebc4b: failed while validating SpikeInterface metadata (Exception: There are no channel locations)
2026-10-06T11:50:30Z INFO [19/29] 6bbc1017-97ce-4a82-abf6-b1625fbef736: does not qualify; 128.3 s; peak memory 14461 MiB.
2026-10-06T12:02:04Z WARNING 6bd9eef8-0c35-4d61-8712-1975e61e7d85: failed while validating SpikeInterface metadata (Exception: There are no channel locations)
2026-10-06T12:02:08Z WARNING 6c00d7b1-7f08-475f-ba0d-40083f1286f7: failed while validating SpikeInterface metadata (Exception: There are no channel locations)
2026-10-06T12:02:10Z WARNING 6c1a14a8-6e44-4ac0-8faa-4d112710fae7: failed while validating SpikeInterface metadata (Exception: There are no channel locations)
2026-10-06T12:02:17Z INFO [23/29] 6c261c15-dc5d-4b8f-98dc-b4e3ce3825bd: does not qualify; 6.7 s; peak memory 14461 MiB.
2026-10-06T12:02:19Z WARNING 6c32e1a0-6980-4fcf-8c9f-6c3ad6098ca6: failed while validating SpikeInterface metadata (Exception: There are no channel locations)
2026-10-06T12:02:22Z INFO [25/29] 6c6a32b2-0e2e-45e8-ae76-40ea9c69ab2f: does not qualify; 2.1 s; peak memory 14461 MiB.
2026-10-06T12:02:24Z WARNING 6cb543c7-a0f2-4840-b2fe-ea68a24f0ccc: failed while validating SpikeInterface metadata (Exception: There are no channel locations)
2026-10-06T12:02:27Z WARNING 6cb78ba9-932e-48ba-8efe-2d670206bde8: failed while validating SpikeInterface metadata (Exception: There are no channel locations)
2026-10-06T12:02:29Z INFO [28/29] 6cb86a7e-ef09-4a94-ad29-15f3af6ebcb2: qualifies; 2.6 s; peak memory 14461 MiB.
2026-10-06T12:02:32Z WARNING 6cc10061-efc5-4489-9060-db91d27793d8: failed while validating SpikeInterface metadata (Exception: There are no channel locations)
2026-10-06T12:02:32Z INFO Wrote 1321 records to /tmp/derivatives/qualifying_aind_content_ids.jsonl (19 new, 10 failed) in 28.5 min (peak memory 14461 MiB).
