2026-10-10T14:49:14Z INFO Logging to /tmp/logs/update_2026-10-10T14-49-14Z.log.
2026-10-10T14:49:14Z INFO Update qualifying-aind-content-ids (base directory /tmp).
2026-10-10T14:49:17Z INFO Processing 29 items (2056 already recorded).
2026-10-10T14:49:20Z INFO [1/29] c8f9ac44-1a8c-4262-ac52-24a9768cbfa8: does not qualify; 3.4 s; peak memory 432 MiB.
2026-10-10T14:49:24Z INFO [2/29] c8ff6ec7-6c86-4bd1-802d-6c4630e8fbb8: does not qualify; 3.4 s; peak memory 432 MiB.
2026-10-10T14:49:25Z WARNING c92375c9-a287-40d6-8334-b7941403c2ee: failed while validating SpikeInterface metadata (Exception: There are no channel locations)
2026-10-10T14:49:27Z WARNING c940e723-4a46-46ca-adea-f32e4eb8cf8d: failed while validating SpikeInterface metadata (Exception: There are no channel locations)
2026-10-10T14:49:29Z WARNING c94a4324-d802-4f73-8c64-69eda181406f: failed while validating SpikeInterface metadata (Exception: There are no channel locations)
2026-10-10T14:49:30Z INFO [6/29] c94b54a7-2fc8-48a1-b918-bf462b6839d0: qualifies; 1.3 s; peak memory 436 MiB.
2026-10-10T14:49:32Z INFO [7/29] c96cd375-a49a-4964-a84b-17f761873005: qualifies; 1.8 s; peak memory 437 MiB.
2026-10-10T14:49:34Z WARNING c9c6c6a7-1a9d-47ce-bd7c-b4d25b1e13df: failed while validating SpikeInterface metadata (Exception: There are no channel locations)
2026-10-10T14:49:39Z WARNING c9f86e6b-da7c-4369-9f42-f0a2b8b52303: failed while validating SpikeInterface metadata (Exception: There are no channel locations)
2026-10-10T14:50:40Z INFO [10/29] c9fc65e4-6b89-43ca-9e05-998ab4736133: does not qualify; 61.0 s; peak memory 595 MiB.
2026-10-10T14:50:42Z INFO [11/29] ca379acd-445f-4742-9269-8a6356cf3ac4: qualifies; 1.6 s; peak memory 595 MiB.
2026-10-10T14:50:44Z INFO [12/29] ca45e34e-2e35-4182-906b-70a69590c881: qualifies; 2.2 s; peak memory 595 MiB.
2026-10-10T14:50:47Z INFO [13/29] ca5b9170-fc60-4d1f-8e3c-a56f32bf0bf3: does not qualify; 3.6 s; peak memory 595 MiB.
2026-10-10T14:50:49Z WARNING ca84431c-167c-461d-b654-f234d15ad448: failed while validating SpikeInterface metadata (Exception: There are no channel locations)
2026-10-10T14:50:50Z INFO [15/29] ca8eb4cf-5927-4fd3-b7ea-44d08aae8c92: qualifies; 1.3 s; peak memory 595 MiB.
2026-10-10T14:50:51Z WARNING ca8ed566-9d99-40ba-b08a-e10b82e56b8c: failed while validating SpikeInterface metadata (Exception: There are no channel locations)
2026-10-10T14:50:55Z INFO [17/29] caa09895-1f72-4f11-8ac0-d5961676f5d6: does not qualify; 3.1 s; peak memory 595 MiB.
2026-10-10T14:50:56Z WARNING caa68e74-833b-4fd7-b87a-fb9db84f5a1c: failed while validating SpikeInterface metadata (Exception: There are no channel locations)
2026-10-10T14:50:57Z WARNING cab5d209-dc20-49bf-bb73-f1ce6f90ab73: failed while validating SpikeInterface metadata (Exception: There are no channel locations)
2026-10-10T14:50:59Z WARNING cad8febf-7f7a-4fa7-90c9-9eb06338c23f: failed while validating SpikeInterface metadata (Exception: There are no channel locations)
2026-10-10T14:51:03Z INFO [21/29] cadbae09-468c-4a07-9356-fd9083cf10d4: does not qualify; 3.8 s; peak memory 595 MiB.
2026-10-10T14:51:04Z WARNING cb08f330-6484-4c91-b4af-3177b57813dc: failed while validating SpikeInterface metadata (Exception: There are no channel locations)
2026-10-10T14:51:05Z INFO [23/29] cb097188-c205-4754-a7fc-43313d21a580: does not qualify; 1.2 s; peak memory 595 MiB.
2026-10-10T14:51:06Z INFO [24/29] cb1f9d8f-70b6-4dbb-85a2-42cfa63e3a9d: qualifies; 1.2 s; peak memory 595 MiB.
2026-10-10T14:51:10Z INFO [25/29] cb41429c-1648-406a-b44f-e63bba85b614: does not qualify; 3.6 s; peak memory 595 MiB.
2026-10-10T14:51:11Z WARNING cb9b8fac-5274-44d6-9678-4c57f04101e7: failed while validating SpikeInterface metadata (Exception: There are no channel locations)
2026-10-10T14:51:13Z WARNING cbad6ff2-995e-4a04-8b47-79e56425ec50: failed while validating SpikeInterface metadata (Exception: There are no channel locations)
2026-10-10T14:52:11Z INFO [28/29] cbc06a0e-f447-4cfc-b2ea-2e7f613196e4: does not qualify; 57.5 s; peak memory 4831 MiB.
2026-10-10T14:52:13Z INFO [29/29] cbd194d7-c22c-44fd-9d69-f03c36dee99a: qualifies; 1.8 s; peak memory 4831 MiB.
2026-10-10T14:52:13Z INFO Wrote 2085 records to /tmp/derivatives/qualifying_aind_content_ids.jsonl (16 new, 13 failed) in 2.9 min (peak memory 4831 MiB).
