2026-10-06T01:33:06Z INFO Logging to /tmp/logs/update_2026-10-06T01-33-06Z.log.
2026-10-06T01:33:06Z INFO Update qualifying-aind-content-ids (base directory /tmp).
2026-10-06T01:33:09Z INFO Processing 197 items (1095 already recorded).
2026-10-06T01:33:11Z WARNING 4e58d55c-8be5-4daa-ad01-65c3cb27ce2a: failed while validating SpikeInterface metadata (Exception: There are no channel locations)
2026-10-06T01:33:12Z WARNING 4e795cd1-ea3a-427d-8fa0-9139a1b5d2ad: failed while validating SpikeInterface metadata (Exception: There are no channel locations)
2026-10-06T01:33:15Z WARNING 4ea224c7-81a0-4b09-8edb-6fb388bbd619: failed while validating SpikeInterface metadata (Exception: There are no channel locations)
2026-10-06T01:33:19Z INFO [4/197] 4ec09778-4617-45f1-b012-8059518f069a: does not qualify; 4.0 s; peak memory 405 MiB.
2026-10-06T01:33:21Z INFO [5/197] 4ed2c639-aeb0-4f48-a497-e282cd243c1f: qualifies; 2.8 s; peak memory 406 MiB.
2026-10-06T01:33:56Z INFO [6/197] 4f3fe586-aae1-42c6-93ee-a32c9f132d0c: does not qualify; 34.7 s; peak memory 3199 MiB.
2026-10-06T01:33:58Z INFO [7/197] 4f611e54-6ea2-4e03-a988-6acf68f238c3: does not qualify; 1.6 s; peak memory 3199 MiB.
2026-10-06T01:34:02Z INFO [8/197] 4f6a54b0-a2d9-4913-a1c9-52e4de2d286f: does not qualify; 4.5 s; peak memory 3199 MiB.
2026-10-06T01:35:12Z INFO [9/197] 4f6d185a-c253-4e7b-941c-2bfdeef41516: does not qualify; 70.3 s; peak memory 5672 MiB.
2026-10-06T01:35:14Z INFO [10/197] 4f7ceb62-3d2b-4fcf-b354-228eea1353f0: qualifies; 1.5 s; peak memory 5672 MiB.
2026-10-06T01:35:15Z WARNING 4f8d15c6-8cdb-43ae-98a7-829721a68222: failed while validating SpikeInterface metadata (Exception: There are no channel locations)
2026-10-06T01:35:18Z INFO [12/197] 4fa5d2eb-95dd-478f-a3fa-bdb4c02d4d80: qualifies; 2.2 s; peak memory 5672 MiB.
2026-10-06T01:35:20Z WARNING 4fb7392f-d6c6-4d3c-94c7-c20bffbdd735: failed while validating SpikeInterface metadata (Exception: There are no channel locations)
2026-10-06T01:35:21Z INFO [14/197] 4fc5dad3-8fe3-4a33-9c96-2eeee9688097: qualifies; 1.6 s; peak memory 5672 MiB.
2026-10-06T01:35:23Z INFO [15/197] 4fc6c785-7a50-4346-b736-f97f385fbf82: qualifies; 1.9 s; peak memory 5672 MiB.
2026-10-06T01:35:24Z INFO [16/197] 501ecdf7-bedb-4e03-9e28-ed699cd6677c: qualifies; 1.2 s; peak memory 5672 MiB.
2026-10-06T01:35:32Z WARNING 5022e09f-c5b1-407d-bc76-caabca02e9ed: failed while validating SpikeInterface metadata (Exception: There are no channel locations)
2026-10-06T01:35:33Z INFO [18/197] 504cfbed-c47f-4b55-a7d2-393c9d883d8b: does not qualify; 1.0 s; peak memory 5672 MiB.
2026-10-06T01:35:38Z INFO [19/197] 505d99a4-a4c1-4b7f-abad-b1be2b36925b: does not qualify; 4.8 s; peak memory 5672 MiB.
2026-10-06T01:35:40Z WARNING 508346b7-5ed0-4590-b62e-228b86e72970: failed while validating SpikeInterface metadata (Exception: There are no channel locations)
2026-10-06T01:35:44Z INFO [21/197] 509b4c9f-30b6-443c-8cf4-b725dd4b596f: does not qualify; 4.6 s; peak memory 5672 MiB.
2026-10-06T01:35:45Z INFO [22/197] 50c17ed0-5e29-4aaa-a44c-51ea99740597: qualifies; 1.1 s; peak memory 5672 MiB.
2026-10-06T01:35:47Z INFO [23/197] 50d1b63b-a79b-4483-babe-a9db5e569160: qualifies; 1.5 s; peak memory 5672 MiB.
2026-10-06T01:35:48Z INFO [24/197] 50dd93bd-ee38-4829-a25e-7bc30ded0fd3: does not qualify; 1.4 s; peak memory 5672 MiB.
2026-10-06T01:35:51Z INFO [25/197] 50e02f8d-564d-4edf-a9b4-e422e443db83: qualifies; 2.5 s; peak memory 5672 MiB.
2026-10-06T01:35:52Z INFO [26/197] 51028809-15b0-4a6a-aae3-e0a6b2284beb: qualifies; 1.5 s; peak memory 5672 MiB.
2026-10-06T01:37:34Z INFO [27/197] 510fd5b7-1ade-4c70-8dde-b78df5f7bdbe: does not qualify; 102.0 s; peak memory 7856 MiB.
2026-10-06T01:37:37Z WARNING 510fe2e0-9e2c-4043-88ff-686497047fc0: failed while validating SpikeInterface metadata (Exception: There are no channel locations)
2026-10-06T01:37:41Z INFO [29/197] 512007c4-3f10-40a5-aae0-2ceb4e65b46c: does not qualify; 4.0 s; peak memory 7856 MiB.
2026-10-06T01:37:42Z WARNING 516c5856-84e7-44a9-84b9-df2db3ca1abb: failed while validating SpikeInterface metadata (Exception: There are no channel locations)
2026-10-06T01:37:43Z INFO [31/197] 51afb423-91df-46a2-9928-277d983dc81f: qualifies; 1.4 s; peak memory 7856 MiB.
2026-10-06T01:37:45Z INFO [32/197] 51d9c783-5580-4526-9537-860bd73163c0: qualifies; 1.5 s; peak memory 7856 MiB.
2026-10-06T01:37:47Z WARNING 524da237-793f-443e-b86b-e9d8a608d004: failed while validating SpikeInterface metadata (Exception: There are no channel locations)
2026-10-06T01:37:51Z INFO [34/197] 524e499f-4d6b-4315-a6b3-9e195a326eb8: does not qualify; 3.7 s; peak memory 7856 MiB.
2026-10-06T01:37:54Z INFO [35/197] 525414cb-2c9f-4cd0-b3d5-61fd2d6fa55d: does not qualify; 3.4 s; peak memory 7856 MiB.
2026-10-06T01:37:55Z INFO [36/197] 5261f7b6-7fe1-4fe4-8c4d-6d9c437aff20: qualifies; 1.4 s; peak memory 7856 MiB.
2026-10-06T01:37:57Z INFO [37/197] 5262bc19-4f56-4375-8f55-8232b02443ec: qualifies; 1.5 s; peak memory 7856 MiB.
2026-10-06T01:37:59Z WARNING 5272a94e-f2eb-4c58-b0ad-61bb495bc0da: failed while validating SpikeInterface metadata (Exception: There are no channel locations)
2026-10-06T01:38:00Z INFO [39/197] 52896f17-262d-47b9-9788-31597bdd9e0f: does not qualify; 1.6 s; peak memory 7856 MiB.
2026-10-06T01:38:03Z INFO [40/197] 52990181-9255-4c94-859a-9639b17b9db8: does not qualify; 2.3 s; peak memory 7856 MiB.
2026-10-06T01:38:04Z INFO [41/197] 52b0347b-6c93-4543-ae3e-a939f05f8c8a: qualifies; 1.6 s; peak memory 7856 MiB.
2026-10-06T01:38:06Z WARNING 52de47e2-3b3b-47b6-8a21-35882c378fb0: failed while validating SpikeInterface metadata (Exception: There are no channel locations)
2026-10-06T01:38:08Z WARNING 52e80401-8887-4953-8409-2a4469f90c00: failed while validating SpikeInterface metadata (Exception: There are no channel locations)
2026-10-06T01:38:09Z WARNING 52e92d43-7da2-45ac-b55b-84bd5651df18: failed while validating SpikeInterface metadata (Exception: There are no channel locations)
2026-10-06T01:38:11Z INFO [45/197] 52f8d6c2-63de-4518-a728-91713f97b57e: does not qualify; 2.1 s; peak memory 7856 MiB.
2026-10-06T01:38:16Z INFO [46/197] 53299466-19a6-4724-8a60-f91870cbe0f4: does not qualify; 4.4 s; peak memory 7856 MiB.
2026-10-06T01:38:17Z INFO [47/197] 533a9613-6683-42fc-abcc-5ffa467eec20: does not qualify; 1.2 s; peak memory 7856 MiB.
2026-10-06T01:38:18Z WARNING 53a49c54-7e0f-4480-a03a-407c9b37c36f: failed while validating SpikeInterface metadata (Exception: There are no channel locations)
2026-10-06T01:38:20Z INFO [49/197] 53afd463-8453-44cd-be4a-13eb11447938: qualifies; 1.4 s; peak memory 7856 MiB.
2026-10-06T01:38:21Z INFO [50/197] 53b1bd08-3477-4d54-99f3-eadfca799842: qualifies; 1.4 s; peak memory 7856 MiB.
2026-10-06T01:38:21Z INFO [50/197] 53b1bd08-3477-4d54-99f3-eadfca799842: checkpointed 1145 records.
2026-10-06T01:38:23Z WARNING 53f2eb06-5397-4e3f-b0bf-0e3dca626402: failed while validating SpikeInterface metadata (Exception: There are no channel locations)
2026-10-06T01:38:24Z INFO [52/197] 544feeea-4053-4d8e-8f11-60f6531f53bd: qualifies; 1.4 s; peak memory 7856 MiB.
2026-10-06T01:38:26Z WARNING 5477db2b-4ce7-426e-98c0-c3bd7494befe: failed while validating SpikeInterface metadata (Exception: There are no channel locations)
2026-10-06T01:38:28Z WARNING 54e65e25-bc28-4c65-9822-9c204b748a3b: failed while validating SpikeInterface metadata (Exception: There are no channel locations)
2026-10-06T01:43:47Z WARNING 55046f9b-c80e-40e9-bff9-68a053180708: failed while validating SpikeInterface metadata (Exception: There are no channel locations)
2026-10-06T01:43:52Z INFO [56/197] 550ae89b-efa1-447b-99ea-2bd955b6ad22: does not qualify; 5.0 s; peak memory 7856 MiB.
2026-10-06T01:43:58Z INFO [57/197] 551b7a1f-590f-4950-b489-3d6d7f208e51: qualifies; 6.3 s; peak memory 7856 MiB.
2026-10-06T01:44:00Z WARNING 552b7a93-a106-4325-a911-099cdba7a904: failed while validating SpikeInterface metadata (Exception: There are no channel locations)
2026-10-06T01:44:01Z WARNING 55594651-20cb-4d7b-ac6a-566ea6f3e1a7: failed while validating SpikeInterface metadata (Exception: There are no channel locations)
2026-10-06T01:44:06Z INFO [60/197] 55a19bf8-432d-4dbf-aea2-8c3d5de61caf: does not qualify; 4.7 s; peak memory 7856 MiB.
2026-10-06T01:44:08Z WARNING 5635ad8e-f355-45a5-9ab9-e6a8683a6dd9: failed while validating SpikeInterface metadata (Exception: There are no channel locations)
2026-10-06T01:44:12Z INFO [62/197] 564d9bf3-e430-40bd-9161-48282a255b77: does not qualify; 3.8 s; peak memory 7856 MiB.
2026-10-06T01:44:13Z INFO [63/197] 565df8ec-2182-4f71-9ff2-1e4d9ff60c63: qualifies; 1.3 s; peak memory 7856 MiB.
2026-10-06T01:44:14Z WARNING 566c3bc8-0dc8-410f-a6b2-3e2e0172bc88: failed while validating SpikeInterface metadata (Exception: There are no channel locations)
2026-10-06T01:44:16Z INFO [65/197] 566f98f3-47ba-4723-9ac1-701ee1e9aa51: qualifies; 1.5 s; peak memory 7856 MiB.
2026-10-06T01:44:26Z INFO [66/197] 568d1775-43f3-426b-b412-775f2aaabce9: does not qualify; 10.4 s; peak memory 7856 MiB.
2026-10-06T01:44:28Z INFO [67/197] 5690b13b-1678-4f56-b942-5fe210b1adad: qualifies; 1.3 s; peak memory 7856 MiB.
2026-10-06T01:44:29Z INFO [68/197] 56b5affc-0515-48b5-9128-f79b483c4bef: qualifies; 1.4 s; peak memory 7856 MiB.
2026-10-06T01:44:30Z WARNING 56bdf113-a780-4bff-8583-13e6635f5520: failed while validating SpikeInterface metadata (Exception: There are no channel locations)
2026-10-06T01:44:34Z INFO [70/197] 56d6d64e-e311-4d07-86b3-a1a15f50200c: does not qualify; 3.4 s; peak memory 7856 MiB.
2026-10-06T01:44:35Z INFO [71/197] 56ee1a84-7066-4916-9906-f874d2ebe2d0: qualifies; 1.3 s; peak memory 7856 MiB.
2026-10-06T01:44:37Z WARNING 5722dc45-dbcb-49d6-8e0a-8f27c20947bf: failed while validating SpikeInterface metadata (Exception: There are no channel locations)
2026-10-06T01:44:39Z WARNING 574bf8aa-7cae-4d9d-8a2f-4822bffbd4d7: failed while validating SpikeInterface metadata (Exception: There are no channel locations)
2026-10-06T01:44:43Z INFO [74/197] 5756d3d3-99a1-4136-b7f9-18ba48fc3d42: does not qualify; 4.7 s; peak memory 7856 MiB.
2026-10-06T01:46:40Z INFO [75/197] 57594d59-35fe-4f38-aded-333534cd01f0: does not qualify; 117.1 s; peak memory 8270 MiB.
2026-10-06T01:46:44Z INFO [76/197] 575c421a-b743-426c-9f9f-e5d0f964ccb0: does not qualify; 3.5 s; peak memory 8270 MiB.
2026-10-06T01:46:51Z INFO [77/197] 57647d9f-f5db-46b7-8b67-df124b14ab4e: does not qualify; 6.7 s; peak memory 8270 MiB.
2026-10-06T01:46:52Z INFO [78/197] 576894f3-ea39-4f73-9112-1ceff0ced2f4: qualifies; 1.5 s; peak memory 8270 MiB.
2026-10-06T01:46:56Z INFO [79/197] 57b9a4e5-f26a-4d7e-8066-408d908690f3: does not qualify; 4.4 s; peak memory 8270 MiB.
2026-10-06T01:46:58Z INFO [80/197] 5806555d-fabc-4675-b02f-a6dabc47d8f0: qualifies; 1.5 s; peak memory 8270 MiB.
2026-10-06T01:48:22Z INFO [81/197] 580c213d-8f11-4613-973b-26d470ece3f7: does not qualify; 83.6 s; peak memory 8270 MiB.
2026-10-06T01:48:26Z INFO [82/197] 58204b2c-fa15-488d-a923-5421d2672f68: does not qualify; 4.6 s; peak memory 8270 MiB.
2026-10-06T01:48:27Z INFO [83/197] 5823e9e0-cd7a-4801-8c54-3339f42a3f4d: qualifies; 1.3 s; peak memory 8270 MiB.
2026-10-06T01:48:32Z INFO [84/197] 58d9163d-6f87-4dd6-8d34-cb3482c3a07e: does not qualify; 4.3 s; peak memory 8270 MiB.
2026-10-06T01:48:36Z INFO [85/197] 58eca775-47c8-4db8-8c88-209c23daab74: does not qualify; 4.7 s; peak memory 8270 MiB.
2026-10-06T01:48:42Z INFO [86/197] 58fa5deb-ece3-4873-a900-41e49f3989fb: does not qualify; 5.4 s; peak memory 8270 MiB.
2026-10-06T01:48:43Z INFO [87/197] 59404a73-1c38-4bbc-909c-69e32e85a528: qualifies; 1.6 s; peak memory 8270 MiB.
2026-10-06T01:48:45Z WARNING 596e47f2-c4e0-4bca-8430-31eb19bf258f: failed while validating SpikeInterface metadata (Exception: There are no channel locations)
2026-10-06T01:48:48Z INFO [89/197] 598b95ac-dc92-4102-8ca6-6feb581a8865: does not qualify; 3.7 s; peak memory 8270 MiB.
2026-10-06T01:48:50Z INFO [90/197] 59ceefcb-edd1-4ab6-95e5-4a20b6455190: qualifies; 1.6 s; peak memory 8270 MiB.
2026-10-06T01:48:51Z WARNING 59d6f64c-f091-426a-a123-9cb8feea0806: failed while validating SpikeInterface metadata (Exception: There are no channel locations)
2026-10-06T01:48:53Z WARNING 59d7ac72-c7df-41a6-9148-bc55ce2516b9: failed while validating SpikeInterface metadata (Exception: There are no channel locations)
2026-10-06T01:48:55Z INFO [93/197] 5a2a30bf-437f-426e-b56f-bdab5385d419: qualifies; 1.3 s; peak memory 8270 MiB.
2026-10-06T01:50:54Z INFO [94/197] 5a30724a-846f-4c17-aa40-980a6c7b34b7: does not qualify; 119.6 s; peak memory 8270 MiB.
2026-10-06T01:50:59Z INFO [95/197] 5a464eb0-7057-45b0-92e8-d8f505e212ae: does not qualify; 4.9 s; peak memory 8270 MiB.
2026-10-06T01:51:01Z INFO [96/197] 5b11119a-c514-4bb2-b151-f5fce12e35f8: qualifies; 1.6 s; peak memory 8270 MiB.
2026-10-06T01:51:02Z WARNING 5b11e2d7-1760-421b-9adc-585f4441b441: failed while validating SpikeInterface metadata (Exception: There are no channel locations)
2026-10-06T01:51:04Z WARNING 5b31c832-816b-475c-b531-27efe35b930b: failed while validating SpikeInterface metadata (Exception: There are no channel locations)
2026-10-06T01:51:05Z INFO [99/197] 5b6c805f-ef3b-4f7d-ac4f-187698630468: qualifies; 1.2 s; peak memory 8270 MiB.
2026-10-06T01:51:08Z INFO [100/197] 5b826cb5-dc67-46c5-905c-6e0de81768a0: does not qualify; 2.1 s; peak memory 8270 MiB.
2026-10-06T01:51:08Z INFO [100/197] 5b826cb5-dc67-46c5-905c-6e0de81768a0: checkpointed 1195 records.
2026-10-06T01:51:13Z INFO [101/197] 5b97c8e7-385f-48a7-932e-11725c06dca6: does not qualify; 5.9 s; peak memory 8270 MiB.
2026-10-06T01:51:18Z INFO [102/197] 5be0bebe-7b58-44b6-bf1e-6ce7a77cf310: does not qualify; 4.2 s; peak memory 8270 MiB.
2026-10-06T01:51:26Z WARNING 5c36c54b-afd5-48d2-a796-071a0b330852: failed while validating SpikeInterface metadata (Exception: There are no channel locations)
2026-10-06T01:51:28Z INFO [104/197] 5c3a7c8c-3ef7-4150-ba5f-2fe379be48e6: qualifies; 1.4 s; peak memory 8270 MiB.
2026-10-06T01:51:29Z WARNING 5c3c1941-40f9-4a0e-891f-0d09e0f02235: failed while validating SpikeInterface metadata (Exception: There are no channel locations)
2026-10-06T01:51:31Z WARNING 5c5dbfe1-ebd2-4cee-ba01-a49fa9a1a528: failed while validating SpikeInterface metadata (Exception: There are no channel locations)
2026-10-06T01:51:33Z INFO [107/197] 5c8ffb3a-7793-4f46-947a-be9efb07d0eb: qualifies; 2.0 s; peak memory 8270 MiB.
2026-10-06T01:51:35Z INFO [108/197] 5cd42eb9-c0bb-4c16-a4c5-01660f232e10: does not qualify; 1.9 s; peak memory 8270 MiB.
2026-10-06T01:51:39Z INFO [109/197] 5cea9c65-648f-4135-9f8d-777a0e738ac9: does not qualify; 4.0 s; peak memory 8270 MiB.
2026-10-06T01:51:40Z WARNING 5d19846a-a528-4856-a5aa-991d638eac46: failed while validating SpikeInterface metadata (Exception: There are no channel locations)
2026-10-06T01:51:42Z WARNING 5d32050b-0e95-4f3a-bd0a-df1e7cad607c: failed while validating SpikeInterface metadata (Exception: There are no channel locations)
2026-10-06T01:51:43Z WARNING 5d404df9-c7b7-4185-8bb9-e6e513aa69ef: failed while validating SpikeInterface metadata (Exception: There are no channel locations)
2026-10-06T01:51:44Z INFO [113/197] 5d6d0199-03fa-4846-b913-925fa8e55c35: qualifies; 1.4 s; peak memory 8270 MiB.
2026-10-06T01:51:46Z INFO [114/197] 5d90cfd4-cd56-4a26-a9a9-3b21634a3220: qualifies; 1.5 s; peak memory 8270 MiB.
2026-10-06T01:51:48Z INFO [115/197] 5da148ce-f9a5-4b10-af70-12740853501c: qualifies; 2.1 s; peak memory 8270 MiB.
2026-10-06T01:51:50Z WARNING 5da8625f-5697-4c84-bc91-62bc656bcfb2: failed while validating SpikeInterface metadata (Exception: There are no channel locations)
2026-10-06T01:51:52Z INFO [117/197] 5db9ed63-7819-401e-92ba-a9517fe29961: does not qualify; 2.2 s; peak memory 8270 MiB.
2026-10-06T01:51:54Z INFO [118/197] 5de4eb1b-9f9d-495c-9a4a-07061168ac75: does not qualify; 1.5 s; peak memory 8270 MiB.
2026-10-06T01:52:03Z INFO [119/197] 5de6a555-27cf-4a53-9bbc-ef1242adf853: qualifies; 9.5 s; peak memory 8270 MiB.
2026-10-06T01:52:09Z WARNING 5df6fef4-4fa8-4f77-a2fb-6c1c2fb63552: failed while validating SpikeInterface metadata (Exception: There are no channel locations)
2026-10-06T01:53:12Z INFO [121/197] 5e35929e-1494-4b1b-98fd-a73a8ab9168b: does not qualify; 62.8 s; peak memory 8270 MiB.
2026-10-06T01:53:13Z INFO [122/197] 5e39ebd0-abda-430c-9ca2-fc6905393203: does not qualify; 1.5 s; peak memory 8270 MiB.
2026-10-06T01:53:15Z INFO [123/197] 5e52a943-c8f3-43e2-af7e-8cf9cf03a0db: qualifies; 1.4 s; peak memory 8270 MiB.
2026-10-06T01:53:16Z INFO [124/197] 5e65268c-635a-4732-83c3-c1f96d8b9a8d: qualifies; 1.3 s; peak memory 8270 MiB.
2026-10-06T01:53:17Z INFO [125/197] 5e7f8acd-a0c8-4b3c-b2ac-67e468300353: does not qualify; 1.6 s; peak memory 8270 MiB.
2026-10-06T01:53:21Z INFO [126/197] 5e8af1ec-2438-41e3-b6a9-8bdf752be046: does not qualify; 3.6 s; peak memory 8270 MiB.
2026-10-06T01:53:25Z INFO [127/197] 5e8f4b7a-d4b9-4edf-9615-b1e69ae3855f: does not qualify; 4.2 s; peak memory 8270 MiB.
2026-10-06T01:53:26Z INFO [128/197] 5e9ebbe7-23cc-4bf5-8426-f32026f21681: does not qualify; 1.1 s; peak memory 8270 MiB.
2026-10-06T01:53:31Z INFO [129/197] 5ebde99c-c70a-443b-a5f3-8fdafd3b3102: does not qualify; 4.2 s; peak memory 8270 MiB.
2026-10-06T01:53:32Z INFO [130/197] 5f7d0cba-fbb3-406f-ad9f-b58ceeeed05f: qualifies; 1.3 s; peak memory 8270 MiB.
2026-10-06T01:53:34Z WARNING 5f80d21f-e08e-49bf-91b2-5c916b69545e: failed while validating SpikeInterface metadata (Exception: There are no channel locations)
2026-10-06T01:53:35Z INFO [132/197] 5fb5d2e6-2e0e-437a-acc6-693a73aa0c43: qualifies; 1.5 s; peak memory 8270 MiB.
2026-10-06T01:53:38Z WARNING 5fe1c6d2-e752-4c60-b165-fdaefeb562ea: failed while validating SpikeInterface metadata (Exception: There are no channel locations)
2026-10-06T01:53:40Z WARNING 60170051-cfc4-4244-9603-fa1b9bd706bc: failed while validating SpikeInterface metadata (Exception: There are no channel locations)
2026-10-06T01:54:52Z INFO [135/197] 604384fc-d745-4d25-b22b-15a12032ea6a: does not qualify; 72.5 s; peak memory 8270 MiB.
2026-10-06T01:54:54Z INFO [136/197] 60ab0635-8566-453e-b4ad-2bc3d1f2c260: qualifies; 1.6 s; peak memory 8270 MiB.
2026-10-06T01:54:56Z WARNING 60bf8d93-67ef-4b92-89a1-aa53483924f6: failed while validating SpikeInterface metadata (Exception: There are no channel locations)
2026-10-06T01:54:58Z INFO [138/197] 61134bbd-cbb1-49fa-9708-b07feead27c9: qualifies; 1.7 s; peak memory 8270 MiB.
2026-10-06T01:55:02Z INFO [139/197] 616a0e82-2a05-4b5e-950d-38ad3343bcac: does not qualify; 4.5 s; peak memory 8270 MiB.
2026-10-06T01:55:14Z INFO [140/197] 6172e620-19cd-440e-8902-f044eab99abb: qualifies; 11.7 s; peak memory 8270 MiB.
2026-10-06T01:55:15Z INFO [141/197] 61803503-51cd-4362-b828-6dfffb168b75: qualifies; 1.4 s; peak memory 8270 MiB.
2026-10-06T01:55:18Z WARNING 61ae1e43-60bb-423b-8ce0-268fd29fb047: failed while validating SpikeInterface metadata (Exception: There are no channel locations)
2026-10-06T01:57:26Z INFO [143/197] 61becbe5-fa15-424f-af1c-09857671415f: does not qualify; 128.3 s; peak memory 8395 MiB.
2026-10-06T01:57:31Z INFO [144/197] 621bcdc3-7308-4793-a072-db7d180e4402: does not qualify; 5.2 s; peak memory 8395 MiB.
2026-10-06T01:57:33Z INFO [145/197] 626a1979-59e3-450c-a6cf-d44e2cb7b9d3: qualifies; 1.3 s; peak memory 8395 MiB.
2026-10-06T01:57:34Z INFO [146/197] 626ac373-714d-4c34-93e7-5c2faa4136a3: qualifies; 1.6 s; peak memory 8395 MiB.
2026-10-06T01:57:36Z INFO [147/197] 628997cd-3682-488b-b90f-d296c780296d: qualifies; 1.2 s; peak memory 8395 MiB.
2026-10-06T01:57:37Z WARNING 62d07621-5e96-4be3-8f0a-de2edd3913e0: failed while validating SpikeInterface metadata (Exception: There are no channel locations)
2026-10-06T01:57:38Z INFO [149/197] 63165492-f6cb-497c-825f-97565d0e9309: qualifies; 1.3 s; peak memory 8395 MiB.
2026-10-06T01:57:40Z WARNING 63269a52-85ad-4f3c-b13b-16766e3f65c1: failed while validating SpikeInterface metadata (Exception: There are no channel locations)
2026-10-06T01:57:40Z INFO [150/197] 63269a52-85ad-4f3c-b13b-16766e3f65c1: checkpointed 1245 records.
2026-10-06T01:57:41Z WARNING 6372a517-3d2d-4904-90de-f1fa43586687: failed while validating SpikeInterface metadata (Exception: There are no channel locations)
2026-10-06T01:57:47Z INFO [152/197] 63a1e9c9-842e-471c-9dc1-a492b09d67ff: does not qualify; 5.4 s; peak memory 8395 MiB.
2026-10-06T01:57:48Z WARNING 63b3adf9-737b-4860-9afd-cea5863283a8: failed while validating SpikeInterface metadata (Exception: There are no channel locations)
2026-10-06T01:57:49Z WARNING 63e85c69-3a82-4ecc-b377-f059b6db785e: failed while validating SpikeInterface metadata (Exception: There are no channel locations)
2026-10-06T01:57:51Z WARNING 63fd22e4-d8f8-4566-b94b-0489d2b5aaa9: failed while validating SpikeInterface metadata (Exception: There are no channel locations)
2026-10-06T02:04:29Z WARNING 64389356-ed28-4b5c-bec7-d4215eaaa743: failed while validating SpikeInterface metadata (Exception: There are no channel locations)
2026-10-06T02:04:30Z WARNING 64511ae7-1a91-4860-86ad-e21755edf5ee: failed while validating SpikeInterface metadata (Exception: There are no channel locations)
2026-10-06T02:04:32Z INFO [158/197] 646b7f7e-67f3-46b6-bc30-770db6053c1d: qualifies; 1.6 s; peak memory 8395 MiB.
2026-10-06T02:04:38Z WARNING 64fd21cc-c040-4de8-9b3e-dedd3630d554: failed while validating SpikeInterface metadata (Exception: There are no channel locations)
2026-10-06T02:04:39Z INFO [160/197] 655ef8bf-9535-44e6-82ec-b4c816d1e10d: does not qualify; 1.0 s; peak memory 8395 MiB.
2026-10-06T02:04:41Z INFO [161/197] 65b53c22-8ee8-4149-8a8e-9409bec93d0d: qualifies; 1.3 s; peak memory 8395 MiB.
2026-10-06T02:04:45Z INFO [162/197] 65c5f70e-798e-43f4-b1d4-e9a032ac5f7c: does not qualify; 4.7 s; peak memory 8395 MiB.
2026-10-06T02:06:40Z INFO [163/197] 661c22af-bb94-419d-be63-18a8cb4c5843: does not qualify; 114.2 s; peak memory 8395 MiB.
2026-10-06T02:06:44Z INFO [164/197] 662c7fe8-7ea9-439e-b88a-23a55a140773: does not qualify; 4.4 s; peak memory 8395 MiB.
2026-10-06T02:06:52Z INFO [165/197] 665bc84d-04b1-4ce3-8c8d-c0dd06195a24: does not qualify; 8.0 s; peak memory 8395 MiB.
2026-10-06T02:06:53Z INFO [166/197] 666368c7-d65a-4a08-8aff-4d8978c95035: qualifies; 1.4 s; peak memory 8395 MiB.
2026-10-06T02:06:56Z INFO [167/197] 66a2eff4-9894-4268-9a31-698930a7148f: qualifies; 3.1 s; peak memory 8395 MiB.
2026-10-06T02:06:58Z WARNING 66a84eae-ba68-4603-b6dc-6729a3281557: failed while validating SpikeInterface metadata (Exception: There are no channel locations)
2026-10-06T02:07:00Z INFO [169/197] 66c6b2c0-3d97-450f-b651-821a85e7686a: does not qualify; 1.2 s; peak memory 8395 MiB.
2026-10-06T02:08:19Z INFO [170/197] 66f2c6ce-3324-489e-8c1b-a73fda7e1855: does not qualify; 79.7 s; peak memory 8395 MiB.
2026-10-06T02:08:21Z INFO [171/197] 67000ced-32ce-447a-8194-19f59a76845e: does not qualify; 1.5 s; peak memory 8395 MiB.
2026-10-06T02:08:22Z INFO [172/197] 671419ce-1f2f-4bb5-81b6-681862b11797: does not qualify; 1.1 s; peak memory 8395 MiB.
2026-10-06T02:08:26Z INFO [173/197] 6718b709-5de5-45b6-9368-ce559c8601bf: does not qualify; 4.0 s; peak memory 8395 MiB.
2026-10-06T02:08:27Z INFO [174/197] 6719c5ea-0741-464d-b441-6b2caceafa62: qualifies; 1.4 s; peak memory 8395 MiB.
2026-10-06T02:08:30Z INFO [175/197] 676e1738-f18b-444a-9cc9-e3bd2713a4a1: qualifies; 2.4 s; peak memory 8395 MiB.
2026-10-06T02:08:31Z WARNING 677214db-bed6-4a73-b310-2f16c42e0564: failed while validating SpikeInterface metadata (Exception: There are no channel locations)
2026-10-06T02:08:32Z INFO [177/197] 67796abf-5b86-44c8-8db8-0f63e48346e0: qualifies; 1.4 s; peak memory 8395 MiB.
2026-10-06T02:08:35Z INFO [178/197] 678c915a-12bc-4084-ab19-114df98c8113: does not qualify; 2.0 s; peak memory 8395 MiB.
2026-10-06T02:08:39Z INFO [179/197] 67aae245-5ccf-460b-a54b-f1c9b2f9aabb: does not qualify; 4.3 s; peak memory 8395 MiB.
2026-10-06T02:08:40Z WARNING 67b10039-6747-4090-a135-4f41e3ba7c18: failed while validating SpikeInterface metadata (Exception: There are no channel locations)
2026-10-06T02:08:43Z INFO [181/197] 67f46f4e-66d6-414c-913d-0002a94a6201: does not qualify; 3.2 s; peak memory 8395 MiB.
2026-10-06T02:08:45Z INFO [182/197] 68037385-8d68-480c-944f-f209ffb3abe9: qualifies; 1.3 s; peak memory 8395 MiB.
2026-10-06T02:08:49Z INFO [183/197] 68144da9-5a14-42ee-93bc-706de243dad1: does not qualify; 4.0 s; peak memory 8395 MiB.
2026-10-06T02:10:16Z INFO [184/197] 6821594c-b7b8-4fc4-8c20-5b0406dd0dc8: does not qualify; 87.2 s; peak memory 8395 MiB.
2026-10-06T02:10:18Z WARNING 688e9df2-2792-407e-a91c-b0d3f0908bec: failed while validating SpikeInterface metadata (Exception: There are no channel locations)
2026-10-06T02:10:20Z WARNING 6893c993-89b0-4604-a7b0-fd96eeebd62d: failed while validating SpikeInterface metadata (Exception: There are no channel locations)
2026-10-06T02:10:21Z INFO [187/197] 689dc974-57af-4cc5-8c26-327831ed2b4f: does not qualify; 1.1 s; peak memory 8395 MiB.
2026-10-06T02:10:23Z WARNING 68b034e6-0a97-48ee-91d2-8bb11941eeff: failed while validating SpikeInterface metadata (Exception: There are no channel locations)
2026-10-06T02:10:26Z INFO [189/197] 68b9f6b8-b883-42a2-97dc-5698c721a3cf: qualifies; 2.6 s; peak memory 8395 MiB.
2026-10-06T02:10:30Z INFO [190/197] 68ced1ef-90d1-4100-9c76-d4cbb853e155: does not qualify; 4.1 s; peak memory 8395 MiB.
2026-10-06T02:10:31Z INFO [191/197] 68e1e6c1-a586-4e57-8193-b1eaa160b34b: does not qualify; 1.0 s; peak memory 8395 MiB.
2026-10-06T02:10:33Z INFO [192/197] 68e630c5-10cc-4a33-b2bd-1ba281049e40: qualifies; 2.6 s; peak memory 8395 MiB.
2026-10-06T02:10:37Z INFO [193/197] 68e7dcbd-48d6-4637-ab3a-07b3eb5a29a3: does not qualify; 3.9 s; peak memory 8395 MiB.
2026-10-06T02:10:42Z INFO [194/197] 691c2a3d-d36a-4543-bf3d-976471292076: does not qualify; 4.4 s; peak memory 8395 MiB.
2026-10-06T02:10:46Z INFO [195/197] 69330487-3d49-475b-832a-1f4bf2bdbf5b: does not qualify; 4.2 s; peak memory 8395 MiB.
2026-10-06T02:10:48Z INFO [196/197] 6943ab8f-30ec-4848-85e8-1ae5fd37ce0a: qualifies; 1.5 s; peak memory 8395 MiB.
2026-10-06T02:10:49Z INFO [197/197] 694e0bcc-892c-4028-8166-a7f37b965c1c: qualifies; 1.3 s; peak memory 8395 MiB.
2026-10-06T02:10:49Z INFO Wrote 1292 records to /tmp/derivatives/qualifying_aind_content_ids.jsonl (138 new, 59 failed) in 37.7 min (peak memory 8395 MiB).
