2026-10-05T17:28:17Z INFO Logging to /tmp/logs/update_2026-10-05T17-28-17Z.log.
2026-10-05T17:28:17Z INFO Update qualifying-aind-content-ids (base directory /tmp).
2026-10-05T17:28:19Z INFO Processing 63 items (1032 already recorded).
2026-10-05T17:28:22Z INFO [1/63] 46a99eed-4ec8-4fcf-9f17-16bd21681f6b: qualifies; 3.1 s; peak memory 390 MiB.
2026-10-05T17:28:25Z INFO [2/63] 46aab66e-2da9-4845-af08-e09a5b957cec: qualifies; 2.8 s; peak memory 391 MiB.
2026-10-05T17:28:29Z WARNING 46ad0297-4846-4eca-b52b-494d4097f94c: failed while validating SpikeInterface metadata (Exception: There are no channel locations)
2026-10-05T17:30:17Z INFO [4/63] 46ba777a-36e5-4ffb-a336-841ec7a94a5e: does not qualify; 107.8 s; peak memory 500 MiB.
2026-10-05T17:30:20Z WARNING 46beb57a-c1ac-4f59-9f37-6dfa3e2bf1f5: failed while validating SpikeInterface metadata (Exception: There are no channel locations)
2026-10-05T17:30:23Z INFO [6/63] 46d6f483-144b-4360-81b4-ed263f13061f: qualifies; 2.9 s; peak memory 500 MiB.
2026-10-05T17:30:26Z WARNING 4701a563-00c5-4f81-ae2c-3286551f10c7: failed while validating SpikeInterface metadata (Exception: There are no channel locations)
2026-10-05T17:30:29Z WARNING 47048199-6066-4e9e-a086-7e8af80931d8: failed while validating SpikeInterface metadata (Exception: There are no channel locations)
2026-10-05T17:30:33Z INFO [9/63] 47140e5d-9a0f-4223-9f3c-918a8f642740: qualifies; 4.1 s; peak memory 500 MiB.
2026-10-05T17:30:36Z WARNING 47293cdb-28eb-4a3b-a291-6e83f88fca46: failed while validating SpikeInterface metadata (Exception: There are no channel locations)
2026-10-05T17:30:38Z WARNING 473b6d66-0da7-4e0a-a72f-258519e91464: failed while validating SpikeInterface metadata (Exception: There are no channel locations)
2026-10-05T17:30:45Z INFO [12/63] 473b9a68-bc4f-44ea-81b0-8f36304449e6: does not qualify; 7.0 s; peak memory 501 MiB.
2026-10-05T17:30:48Z INFO [13/63] 47832e20-0163-45f4-aef2-da3ab99c47e7: qualifies; 3.3 s; peak memory 502 MiB.
2026-10-05T17:30:53Z INFO [14/63] 4797dbab-5573-4320-9391-f44f40ab3383: qualifies; 4.4 s; peak memory 502 MiB.
2026-10-05T17:30:56Z WARNING 47a44de2-82bc-4478-b5c3-e702db8d1d62: failed while validating SpikeInterface metadata (Exception: There are no channel locations)
2026-10-05T17:30:59Z INFO [16/63] 47cb9c1c-6073-4e72-b4b5-f6c9118b27e4: qualifies; 2.8 s; peak memory 502 MiB.
2026-10-05T17:31:02Z INFO [17/63] 4825cfd1-bc75-4dd2-b4b7-77995ab57e0a: qualifies; 2.4 s; peak memory 502 MiB.
2026-10-05T17:31:04Z INFO [18/63] 482b71ef-e556-4631-ba34-34257c553b31: qualifies; 2.5 s; peak memory 502 MiB.
2026-10-05T17:31:11Z INFO [19/63] 4854323b-ce94-48ff-af3e-48ae0e6791ce: does not qualify; 6.7 s; peak memory 502 MiB.
2026-10-05T17:31:13Z WARNING 486f84b8-160a-409a-b89a-ed6683a065a5: failed while validating SpikeInterface metadata (Exception: There are no channel locations)
2026-10-05T17:31:16Z INFO [21/63] 487c6f3e-47ff-4da5-a71a-6d9996c6c880: does not qualify; 2.7 s; peak memory 502 MiB.
2026-10-05T17:31:23Z INFO [22/63] 48b46719-f94b-4117-b62c-981c5ffbf2d5: does not qualify; 6.7 s; peak memory 502 MiB.
2026-10-05T17:31:29Z INFO [23/63] 48cf756c-873b-4f75-ba71-365d545cff36: does not qualify; 6.3 s; peak memory 502 MiB.
2026-10-05T17:31:36Z INFO [24/63] 48d6eb1d-1cb0-49fb-8cae-abbf622dc6ec: does not qualify; 6.7 s; peak memory 502 MiB.
2026-10-05T17:31:38Z INFO [25/63] 48d9782a-1473-4b63-b9f6-b6a51cf84c30: qualifies; 2.6 s; peak memory 502 MiB.
2026-10-05T17:31:42Z WARNING 48e91531-ace5-45df-84d7-45e82694da50: failed while validating SpikeInterface metadata (Exception: There are no channel locations)
2026-10-05T17:31:44Z INFO [27/63] 48f2c0aa-628e-4fdd-a6ee-8c3845e251b1: does not qualify; 2.6 s; peak memory 502 MiB.
2026-10-05T17:31:46Z WARNING 48fd64fb-03b5-4a51-98e4-a174445a2f1e: failed while validating SpikeInterface metadata (Exception: There are no channel locations)
2026-10-05T17:31:53Z INFO [29/63] 4900d7aa-86ef-433e-bde3-933160eaabc5: does not qualify; 6.7 s; peak memory 502 MiB.
2026-10-05T17:31:59Z INFO [30/63] 49067f30-4493-4d09-bac6-c38074c3883e: does not qualify; 5.7 s; peak memory 502 MiB.
2026-10-05T17:32:14Z INFO [31/63] 4949907d-bbc9-494b-89fb-0f28b0ca4669: does not qualify; 14.9 s; peak memory 503 MiB.
2026-10-05T17:32:16Z WARNING 497a3c4d-6564-4568-8d78-5dc3a38d9546: failed while validating SpikeInterface metadata (Exception: There are no channel locations)
2026-10-05T17:35:12Z INFO [33/63] 497e68a0-01f7-4fce-8dec-b4bfd364db0b: does not qualify; 175.9 s; peak memory 7986 MiB.
2026-10-05T17:35:19Z INFO [34/63] 49804ae8-f90a-4140-b1c7-51ba86bd565b: does not qualify; 6.8 s; peak memory 7986 MiB.
2026-10-05T17:37:06Z INFO [35/63] 49825cf6-8a2b-408d-8798-3c48205e0a81: does not qualify; 107.8 s; peak memory 7986 MiB.
2026-10-05T17:37:12Z INFO [36/63] 49a7cd6a-9ac5-40ac-be95-c49b739504ac: does not qualify; 6.0 s; peak memory 7986 MiB.
2026-10-05T17:37:19Z INFO [37/63] 4a19ea1b-683a-4ffb-98e8-cb702cddee93: does not qualify; 6.8 s; peak memory 7986 MiB.
2026-10-05T17:37:22Z INFO [38/63] 4a1e220a-9f9b-4d5a-8b88-50949d04109d: does not qualify; 2.9 s; peak memory 7986 MiB.
2026-10-05T17:38:37Z INFO [39/63] 4a3f4b9f-00cc-4987-9ca6-d57e398f485e: does not qualify; 74.7 s; peak memory 7986 MiB.
2026-10-05T17:38:44Z INFO [40/63] 4a7a5962-dab9-4a36-a16d-7ca90cc7e580: does not qualify; 7.6 s; peak memory 7986 MiB.
2026-10-05T17:38:47Z INFO [41/63] 4acd26eb-06ff-47cc-ad66-67a362f3ac4f: does not qualify; 2.4 s; peak memory 7986 MiB.
2026-10-05T17:38:50Z INFO [42/63] 4aea70a3-3fb3-45fc-a9ff-8a55c0682267: does not qualify; 3.5 s; peak memory 7986 MiB.
2026-10-05T17:38:57Z INFO [43/63] 4af09797-4961-40a0-91f1-e59dcb37eb18: does not qualify; 7.1 s; peak memory 7986 MiB.
2026-10-05T17:39:01Z WARNING 4b1f16e8-aef6-481d-8fdd-64807d40ba1a: failed while validating SpikeInterface metadata (Exception: There are no channel locations)
2026-10-05T17:39:04Z INFO [45/63] 4b33ab07-4cf4-41e5-a0b9-133128b3eb49: qualifies; 2.7 s; peak memory 7986 MiB.
2026-10-05T17:39:10Z INFO [46/63] 4b8e2063-3b6b-4187-ae06-2bee304f7541: does not qualify; 6.2 s; peak memory 7986 MiB.
2026-10-05T17:39:12Z WARNING 4c1c15a4-66dc-4dd8-8b90-5041aa88a826: failed while validating SpikeInterface metadata (Exception: There are no channel locations)
2026-10-05T17:39:14Z WARNING 4c2ccf7a-b4dd-4f97-a8a0-862051ea8983: failed while validating SpikeInterface metadata (Exception: There are no channel locations)
2026-10-05T17:40:52Z INFO [49/63] 4c4c4185-b759-467d-893c-c9e5b6dc42c2: does not qualify; 97.7 s; peak memory 7986 MiB.
2026-10-05T17:46:54Z WARNING 4c5338f4-828d-4eac-a909-13b52dd834c7: failed while validating SpikeInterface metadata (Exception: There are no channel locations)
2026-10-05T17:46:54Z INFO [50/63] 4c5338f4-828d-4eac-a909-13b52dd834c7: checkpointed 1082 records.
2026-10-05T17:46:57Z INFO [51/63] 4c885da6-b37b-414d-a043-09f156277785: does not qualify; 3.4 s; peak memory 7986 MiB.
2026-10-05T17:47:00Z WARNING 4ca0662e-2fd4-4b7d-ada0-c054ed226b58: failed while validating SpikeInterface metadata (Exception: There are no channel locations)
2026-10-05T17:47:03Z INFO [53/63] 4ca2d11c-335c-48c1-a9fd-eb22e44ba71a: qualifies; 2.7 s; peak memory 7986 MiB.
2026-10-05T17:47:09Z INFO [54/63] 4cf36e22-4a73-4dd8-9f36-ae5caf2f62e3: does not qualify; 6.9 s; peak memory 7986 MiB.
2026-10-05T17:47:15Z INFO [55/63] 4d1d2b92-95a7-4379-9def-db199d7bc2a8: qualifies; 5.2 s; peak memory 7986 MiB.
2026-10-05T17:47:17Z INFO [56/63] 4d2875ba-d83b-44d5-9036-74f42e19e8a0: qualifies; 2.5 s; peak memory 7986 MiB.
2026-10-05T17:47:20Z INFO [57/63] 4da8b100-f774-4616-961e-f80f84ef7bc5: qualifies; 2.6 s; peak memory 7986 MiB.
2026-10-05T17:47:22Z WARNING 4dab41ab-2227-40ee-ab55-bfdf0ff8bba5: failed while validating SpikeInterface metadata (Exception: There are no channel locations)
2026-10-05T17:47:28Z INFO [59/63] 4dc030e6-07b1-4288-b0cd-2e23b12f2156: does not qualify; 6.0 s; peak memory 7986 MiB.
2026-10-05T17:47:30Z INFO [60/63] 4dc52c83-f5a7-4980-96ef-bc2eb9962a3b: does not qualify; 2.2 s; peak memory 7986 MiB.
2026-10-05T17:47:33Z INFO [61/63] 4de8da0f-b733-414c-8d70-31bcd8fc0b0b: qualifies; 2.7 s; peak memory 7986 MiB.
2026-10-05T17:47:40Z INFO [62/63] 4df3b9e9-6053-47ac-9094-89856b8d9e55: does not qualify; 7.0 s; peak memory 7986 MiB.
2026-10-05T17:47:43Z INFO [63/63] 4e3e86b7-59b8-45de-b756-46eda6bed504: does not qualify; 2.9 s; peak memory 7986 MiB.
2026-10-05T17:47:43Z INFO Wrote 1095 records to /tmp/derivatives/qualifying_aind_content_ids.jsonl (46 new, 17 failed) in 19.4 min (peak memory 7986 MiB).
