2026-10-07T00:12:58Z INFO Logging to /tmp/logs/update_2026-10-07T00-12-58Z.log.
2026-10-07T00:12:58Z INFO Update qualifying-aind-content-ids (base directory /tmp).
2026-10-07T00:13:01Z INFO Processing 140 items (1321 already recorded).
2026-10-07T00:15:25Z INFO [1/140] 6d233dd2-4655-4cdd-9646-f4a792c07926: does not qualify; 144.0 s; peak memory 6731 MiB.
2026-10-07T00:15:49Z WARNING 6d5e5198-cc29-46bf-abdc-15949693ab12: failed while validating SpikeInterface metadata (Exception: There are no channel locations)
2026-10-07T00:15:52Z INFO [3/140] 6d60b290-c983-4b2d-8959-d90eea476015: qualifies; 2.7 s; peak memory 6731 MiB.
2026-10-07T00:15:59Z INFO [4/140] 6d8934e7-8609-42ee-af0b-78f929d3e51f: does not qualify; 6.9 s; peak memory 6731 MiB.
2026-10-07T00:16:06Z INFO [5/140] 6de4948e-bcda-4f00-b535-67d1ba4d0dba: does not qualify; 7.1 s; peak memory 6731 MiB.
2026-10-07T00:16:14Z INFO [6/140] 6de54a95-93f7-49ea-95c2-6ff7f416646b: does not qualify; 7.7 s; peak memory 6731 MiB.
2026-10-07T00:16:18Z WARNING 6e77c77f-63a1-4d72-8115-c3e29625c844: failed while validating SpikeInterface metadata (Exception: There are no channel locations)
2026-10-07T00:16:31Z WARNING 6e85ac34-c82f-4e2d-9d9e-0c4dfd3fe694: failed while validating SpikeInterface metadata (Exception: There are no channel locations)
2026-10-07T00:16:34Z INFO [9/140] 6e881da9-0f4b-449c-8988-2a1fbdc2ab27: qualifies; 2.8 s; peak memory 6731 MiB.
2026-10-07T00:16:36Z INFO [10/140] 6e8942ce-9f44-4924-bfa5-05f705903053: qualifies; 2.4 s; peak memory 6731 MiB.
2026-10-07T00:16:44Z INFO [11/140] 6e954d26-3c14-4a74-8742-6107960c1860: does not qualify; 7.8 s; peak memory 6731 MiB.
2026-10-07T00:16:47Z INFO [12/140] 6ea13ba0-fc15-4b19-85c5-b6a128a0d72f: does not qualify; 3.6 s; peak memory 6731 MiB.
2026-10-07T00:16:54Z INFO [13/140] 6ebd8862-874c-4e1a-a1ad-0c20e44fb3e1: does not qualify; 6.3 s; peak memory 6731 MiB.
2026-10-07T00:16:57Z WARNING 6eef4c3d-822f-4945-838f-03c4bb05dde0: failed while validating SpikeInterface metadata (Exception: There are no channel locations)
2026-10-07T00:17:05Z INFO [15/140] 6f52997b-484d-4359-860e-c008e71de9d3: does not qualify; 7.6 s; peak memory 6731 MiB.
2026-10-07T00:17:07Z INFO [16/140] 6f655fb6-9d1d-4d0d-84fd-d6f1f7a52808: qualifies; 2.5 s; peak memory 6731 MiB.
2026-10-07T00:17:11Z INFO [17/140] 6f90d605-b86a-4d9b-b4c5-5c5b350fc08b: does not qualify; 4.2 s; peak memory 6731 MiB.
2026-10-07T00:17:14Z INFO [18/140] 6f952d94-f02a-4103-834f-49c729e339f4: qualifies; 2.3 s; peak memory 6731 MiB.
2026-10-07T00:17:21Z INFO [19/140] 6fa1c9f8-b08a-4ff5-a876-5487406eaccc: does not qualify; 7.5 s; peak memory 6731 MiB.
2026-10-07T00:17:24Z WARNING 6fe85b3b-1ed3-4041-b934-11f07ddad408: failed while validating SpikeInterface metadata (Exception: There are no channel locations)
2026-10-07T00:17:32Z INFO [21/140] 6fefcec7-625c-4afd-9f6d-d197ee05662c: does not qualify; 7.6 s; peak memory 6731 MiB.
2026-10-07T00:17:34Z INFO [22/140] 70014141-dfc8-4d13-956f-afe2fe20395c: qualifies; 2.6 s; peak memory 6731 MiB.
2026-10-07T00:17:37Z INFO [23/140] 7048276b-d04e-4392-af2a-4e23323ad45d: qualifies; 2.3 s; peak memory 6731 MiB.
2026-10-07T00:17:40Z WARNING 705eaae1-04cc-499a-92b1-98c7deda7438: failed while validating SpikeInterface metadata (Exception: There are no channel locations)
2026-10-07T00:17:49Z WARNING 70d76709-79df-41ea-8927-03bd841b1568: failed while validating SpikeInterface metadata (Exception: There are no channel locations)
2026-10-07T00:17:55Z WARNING 710a3e0f-4a83-410f-8d16-1c022b0419c5: failed while validating SpikeInterface metadata (Exception: There are no channel locations)
2026-10-07T00:17:57Z WARNING 7158a614-6d73-4726-82b1-340f38f6313b: failed while validating SpikeInterface metadata (Exception: There are no channel locations)
2026-10-07T00:18:09Z INFO [28/140] 71800ee4-e1b8-4a6b-b484-d9296bb3e4bc: does not qualify; 11.8 s; peak memory 6731 MiB.
2026-10-07T00:18:13Z WARNING 71f2d457-50b1-449d-a532-8ac2e629d410: failed while validating SpikeInterface metadata (Exception: There are no channel locations)
2026-10-07T00:18:16Z INFO [30/140] 72291310-3525-4135-8e06-c6c250ad0e45: qualifies; 3.2 s; peak memory 6731 MiB.
2026-10-07T00:18:23Z INFO [31/140] 729755e4-63a5-47bd-9b2a-d4708401a1da: does not qualify; 7.0 s; peak memory 6731 MiB.
2026-10-07T00:18:38Z INFO [32/140] 72a8b954-823d-4b66-a034-3e40939881d8: qualifies; 14.8 s; peak memory 6731 MiB.
2026-10-07T00:18:47Z WARNING 72bf79ec-3864-4eff-a465-ee5352c0c100: failed while validating SpikeInterface metadata (Exception: There are no channel locations)
2026-10-07T00:18:51Z WARNING 72fdf1eb-7a55-4f31-a87c-3b56462baa9d: failed while validating SpikeInterface metadata (Exception: There are no channel locations)
2026-10-07T00:18:54Z INFO [35/140] 730e6306-37cd-4004-a416-16b497fed748: qualifies; 2.6 s; peak memory 6731 MiB.
2026-10-07T00:18:58Z INFO [36/140] 732c5f38-466e-4c9c-8bbb-630fa630b4bc: qualifies; 4.3 s; peak memory 6731 MiB.
2026-10-07T00:19:05Z INFO [37/140] 73400136-6ec1-47de-9b5f-598d0ff543a8: does not qualify; 6.5 s; peak memory 6731 MiB.
2026-10-07T00:19:12Z INFO [38/140] 734a1b5f-1b0a-4ebf-bab5-293642e4e534: does not qualify; 7.5 s; peak memory 6731 MiB.
2026-10-07T00:19:15Z WARNING 736a26dd-f331-4e77-be6f-f8608822cc2d: failed while validating SpikeInterface metadata (Exception: There are no channel locations)
2026-10-07T00:19:22Z INFO [40/140] 738da6b2-9778-4a4c-9f95-89c08dbba37e: does not qualify; 7.3 s; peak memory 6731 MiB.
2026-10-07T00:19:30Z INFO [41/140] 73ab0771-bfd7-4f3d-87c7-4b2934b4e960: does not qualify; 7.3 s; peak memory 6731 MiB.
2026-10-07T00:19:34Z INFO [42/140] 73b6e4bf-5b52-42ed-ac9f-ce7588335c28: qualifies; 4.4 s; peak memory 6731 MiB.
2026-10-07T00:19:37Z INFO [43/140] 73ce4e7f-155c-4d59-b5b0-e5653968089a: qualifies; 2.5 s; peak memory 6731 MiB.
2026-10-07T00:26:34Z WARNING 7415a88a-8255-4468-a7e3-94c716b8d558: failed while validating SpikeInterface metadata (Exception: There are no channel locations)
2026-10-07T00:26:41Z INFO [45/140] 741b0db8-ce3d-48c7-905b-12594697fa96: does not qualify; 6.5 s; peak memory 6731 MiB.
2026-10-07T00:26:43Z WARNING 746a6581-03f3-476d-8a6f-4a95737ba221: failed while validating SpikeInterface metadata (Exception: There are no channel locations)
2026-10-07T00:26:50Z INFO [47/140] 74ab4ce9-8fb3-4e5e-90ef-db11641d4a54: does not qualify; 7.2 s; peak memory 6731 MiB.
2026-10-07T00:26:52Z WARNING 74b59adf-41b3-4b6f-b94a-35287d556756: failed while validating SpikeInterface metadata (Exception: There are no channel locations)
2026-10-07T00:27:04Z INFO [49/140] 74bc6ef5-ccbc-425b-9b27-e64aa9db7b07: does not qualify; 11.6 s; peak memory 6731 MiB.
2026-10-07T00:27:06Z INFO [50/140] 74ffe1bb-c797-46d6-a5b6-b528d146c7d6: qualifies; 2.7 s; peak memory 6731 MiB.
2026-10-07T00:27:06Z INFO [50/140] 74ffe1bb-c797-46d6-a5b6-b528d146c7d6: checkpointed 1371 records.
2026-10-07T00:27:09Z INFO [51/140] 75016031-e0a8-439a-bc46-cc96a9c15170: qualifies; 2.5 s; peak memory 6731 MiB.
2026-10-07T00:27:14Z INFO [52/140] 75120f3c-c476-4eae-99e5-e8567beb2d6f: qualifies; 5.0 s; peak memory 6731 MiB.
2026-10-07T00:27:21Z INFO [53/140] 7524588a-eb15-4b2f-820e-1f1224cd126e: does not qualify; 7.5 s; peak memory 6731 MiB.
2026-10-07T00:27:25Z WARNING 75365233-7520-40bb-a689-030ee9f74d45: failed while validating SpikeInterface metadata (Exception: There are no channel locations)
2026-10-07T00:27:31Z INFO [55/140] 753af55f-4012-433d-8693-00b6c12413ab: does not qualify; 6.8 s; peak memory 6731 MiB.
2026-10-07T00:27:34Z WARNING 75a13888-2fdf-4e6b-8c3c-751e60d3876d: failed while validating SpikeInterface metadata (Exception: There are no channel locations)
2026-10-07T00:27:36Z INFO [57/140] 75ff880e-814a-4760-beb1-d0d487137935: qualifies; 2.4 s; peak memory 6731 MiB.
2026-10-07T00:27:39Z INFO [58/140] 760c71d0-2f89-451b-af08-3ee91ca75529: qualifies; 2.4 s; peak memory 6731 MiB.
2026-10-07T00:27:41Z INFO [59/140] 76168a6f-4d50-4d43-9cfa-be085d0afb35: qualifies; 2.3 s; peak memory 6731 MiB.
2026-10-07T00:27:44Z INFO [60/140] 76195f1d-1f83-4e2d-a7ae-cb379e27cc10: qualifies; 2.9 s; peak memory 6731 MiB.
2026-10-07T00:29:34Z INFO [61/140] 7625a9ed-7ea0-4d12-8a6d-d3c6379f4688: does not qualify; 109.8 s; peak memory 6731 MiB.
2026-10-07T00:29:37Z INFO [62/140] 764de754-f7dd-41ba-bff1-7e8208ecfed4: qualifies; 2.9 s; peak memory 6731 MiB.
2026-10-07T00:29:39Z INFO [63/140] 7653d71d-abbe-4f3b-ba6d-dcef713d7ce9: qualifies; 2.3 s; peak memory 6731 MiB.
2026-10-07T00:29:43Z WARNING 765963cc-3139-4ea8-afc8-4507c9a796e1: failed while validating SpikeInterface metadata (Exception: There are no channel locations)
2026-10-07T00:29:45Z WARNING 7690ebd2-2281-4728-bdfc-bbf299acf632: failed while validating SpikeInterface metadata (Exception: There are no channel locations)
2026-10-07T00:29:49Z INFO [66/140] 76b495a9-5017-4ec2-b779-8dd3717bffbb: qualifies; 3.5 s; peak memory 6731 MiB.
2026-10-07T00:29:55Z INFO [67/140] 774d38e2-d13b-4846-b147-e789c59b07b3: does not qualify; 6.5 s; peak memory 6731 MiB.
2026-10-07T00:29:58Z INFO [68/140] 77529128-60c7-4b2f-b943-80a13f46769d: qualifies; 2.6 s; peak memory 6731 MiB.
2026-10-07T00:30:05Z INFO [69/140] 776a1326-dec5-47bd-947e-25867a9e87be: does not qualify; 6.9 s; peak memory 6731 MiB.
2026-10-07T00:30:07Z WARNING 7771082b-1b39-4e97-9656-93abfbdeb13c: failed while validating SpikeInterface metadata (Exception: There are no channel locations)
2026-10-07T00:30:10Z INFO [71/140] 77b5bc41-4d54-4398-93c6-0f801a66cdca: does not qualify; 2.4 s; peak memory 6731 MiB.
2026-10-07T00:30:13Z INFO [72/140] 77cd7493-7b32-42fd-8413-209b5d8690f4: does not qualify; 3.2 s; peak memory 6731 MiB.
2026-10-07T00:30:15Z INFO [73/140] 77f22d46-6e1f-49f9-8283-ece7dd08cbd6: qualifies; 2.2 s; peak memory 6731 MiB.
2026-10-07T00:32:27Z INFO [74/140] 77f5e56e-a83d-49cf-9365-f617f2d9d680: does not qualify; 131.4 s; peak memory 6731 MiB.
2026-10-07T00:32:31Z WARNING 781919a1-9186-405a-95ce-1fdb097d9650: failed while validating SpikeInterface metadata (Exception: There are no channel locations)
2026-10-07T00:32:37Z INFO [76/140] 78438903-09d2-4a9a-ae65-5017c868d4fd: does not qualify; 6.2 s; peak memory 6731 MiB.
2026-10-07T00:32:39Z INFO [77/140] 785479af-0a0e-42e3-b0c0-197947a46e2b: qualifies; 2.5 s; peak memory 6731 MiB.
2026-10-07T00:32:42Z WARNING 78723da6-ee8c-4761-acfd-e2ea78ed91ad: failed while validating SpikeInterface metadata (Exception: There are no channel locations)
2026-10-07T00:32:50Z INFO [79/140] 7885df82-8bb7-4a7f-9bde-63f9f52730c1: does not qualify; 7.2 s; peak memory 6731 MiB.
2026-10-07T00:32:52Z INFO [80/140] 7895ed89-974f-492f-b128-de0561a73210: qualifies; 2.7 s; peak memory 6731 MiB.
2026-10-07T00:32:55Z INFO [81/140] 789d984b-d56d-4c85-90c5-9f5f46933af5: qualifies; 2.3 s; peak memory 6731 MiB.
2026-10-07T00:33:01Z INFO [82/140] 78a58614-09e4-4e29-a492-8bbeaf7a8cf6: does not qualify; 6.3 s; peak memory 6731 MiB.
2026-10-07T00:33:04Z WARNING 78a95c3c-533b-4555-9318-fa606326c93f: failed while validating SpikeInterface metadata (Exception: There are no channel locations)
2026-10-07T00:33:07Z WARNING 78b9dd02-6437-49e3-b2eb-d50f2d25fc02: failed while validating SpikeInterface metadata (Exception: There are no channel locations)
2026-10-07T00:33:10Z INFO [85/140] 78d4ae9b-673b-4ac7-a97a-0516f75dd2f4: does not qualify; 3.1 s; peak memory 6731 MiB.
2026-10-07T00:33:13Z INFO [86/140] 7907fe0f-49fb-4502-ba76-49441717669b: qualifies; 2.9 s; peak memory 6731 MiB.
2026-10-07T00:33:16Z WARNING 79156f39-a271-4a15-82a7-3ccfda3fd624: failed while validating SpikeInterface metadata (Exception: There are no channel locations)
2026-10-07T00:33:22Z INFO [88/140] 79806cad-f352-4b03-82a6-24920e3d8985: does not qualify; 6.4 s; peak memory 6731 MiB.
2026-10-07T00:33:25Z INFO [89/140] 7998edb9-9920-4569-bb6e-2074791dc736: qualifies; 2.4 s; peak memory 6731 MiB.
2026-10-07T00:33:27Z WARNING 79ae29df-44a0-4f92-abd3-b4a6de64debb: failed while validating SpikeInterface metadata (Exception: There are no channel locations)
2026-10-07T00:33:32Z INFO [91/140] 79fc6ee9-3985-4bba-9057-1484e1d007bc: does not qualify; 5.2 s; peak memory 6731 MiB.
2026-10-07T00:33:39Z INFO [92/140] 7a1a79f2-30fd-4f72-9840-4a04fdacda4e: does not qualify; 6.9 s; peak memory 6731 MiB.
2026-10-07T00:33:53Z INFO [93/140] 7a1cff3d-e422-4249-933c-18fcfc5c2927: qualifies; 13.5 s; peak memory 6731 MiB.
2026-10-07T00:33:55Z INFO [94/140] 7a1e4eb4-0fee-40ac-bbfd-20a8685d5e35: qualifies; 2.4 s; peak memory 6731 MiB.
2026-10-07T00:33:58Z INFO [95/140] 7a753254-779d-4e98-b9f9-da6fcc207cf4: qualifies; 2.5 s; peak memory 6731 MiB.
2026-10-07T00:34:02Z INFO [96/140] 7aae0e7f-7a68-4954-a60d-c796e0f5e961: qualifies; 4.7 s; peak memory 6731 MiB.
2026-10-07T00:34:05Z INFO [97/140] 7ad6499d-9e37-40e6-bab9-33c059fd8a24: qualifies; 2.4 s; peak memory 6731 MiB.
2026-10-07T00:34:07Z WARNING 7adaca41-c019-40f0-8a0c-dae33ee00bdf: failed while validating SpikeInterface metadata (Exception: There are no channel locations)
2026-10-07T00:34:10Z WARNING 7ae601c5-6286-41d3-91b9-7c02ac751872: failed while validating SpikeInterface metadata (Exception: There are no channel locations)
2026-10-07T00:34:13Z WARNING 7b109170-68e6-4903-9b59-d1b460365b37: failed while validating SpikeInterface metadata (Exception: There are no channel locations)
2026-10-07T00:34:13Z INFO [100/140] 7b109170-68e6-4903-9b59-d1b460365b37: checkpointed 1421 records.
2026-10-07T00:34:21Z INFO [101/140] 7b257d4c-c261-4ca3-bca1-f0978d54877f: does not qualify; 7.4 s; peak memory 6731 MiB.
2026-10-07T00:34:24Z WARNING 7b485b99-8c81-493c-bf16-173a90562748: failed while validating SpikeInterface metadata (Exception: There are no channel locations)
2026-10-07T00:34:27Z INFO [103/140] 7b56d3ed-51f2-4fc3-b019-6610b221b7d8: qualifies; 3.2 s; peak memory 6731 MiB.
2026-10-07T00:34:34Z INFO [104/140] 7bbbb7b6-9e06-45da-82e6-16ea3b6adcd8: does not qualify; 6.6 s; peak memory 6731 MiB.
2026-10-07T00:35:09Z INFO [105/140] 7bfd4d61-e62c-406b-b9b4-9f1a2227b3c6: qualifies; 35.7 s; peak memory 6731 MiB.
2026-10-07T00:35:12Z INFO [106/140] 7c2238f8-b429-4fdf-ba61-238244a11cc2: qualifies; 2.4 s; peak memory 6731 MiB.
2026-10-07T00:35:14Z WARNING 7c2d73fc-6a17-46b7-a1fb-1fedf2186797: failed while validating SpikeInterface metadata (Exception: There are no channel locations)
2026-10-07T00:35:19Z INFO [108/140] 7c394c85-acff-4114-9520-d01e539e3f57: qualifies; 4.9 s; peak memory 6731 MiB.
2026-10-07T00:35:22Z INFO [109/140] 7c565988-c09c-4d7c-938f-c99781dcd1ab: does not qualify; 2.8 s; peak memory 6731 MiB.
2026-10-07T00:35:24Z INFO [110/140] 7c5edc3f-08ed-46de-9414-fd5cbc09cf4f: qualifies; 2.7 s; peak memory 6731 MiB.
2026-10-07T00:36:09Z INFO [111/140] 7c603956-92aa-4a1e-ba66-ed177312f64b: qualifies; 44.2 s; peak memory 6731 MiB.
2026-10-07T00:37:16Z INFO [112/140] 7c875358-f889-4366-9da3-04f2af28165d: does not qualify; 67.4 s; peak memory 6731 MiB.
2026-10-07T00:37:23Z INFO [113/140] 7caa8378-cd87-4c58-93be-323469a2d59a: does not qualify; 6.8 s; peak memory 6731 MiB.
2026-10-07T00:37:26Z INFO [114/140] 7cda6693-7131-4d3b-b16b-ca58d2c7412f: qualifies; 3.0 s; peak memory 6731 MiB.
2026-10-07T00:37:28Z INFO [115/140] 7cf7a674-5400-4eb5-aa9d-aeecde984899: does not qualify; 2.1 s; peak memory 6731 MiB.
2026-10-07T00:37:35Z INFO [116/140] 7dbf17df-a828-454d-9bc1-c2e1343a7999: does not qualify; 6.5 s; peak memory 6731 MiB.
2026-10-07T00:37:37Z INFO [117/140] 7dc4a529-e35a-4cad-ab7b-6b2f10e55569: qualifies; 2.4 s; peak memory 6731 MiB.
2026-10-07T00:37:39Z INFO [118/140] 7dd5aed4-28a7-4c29-b733-f5e2c6b14ba8: qualifies; 2.5 s; peak memory 6731 MiB.
2026-10-07T00:37:45Z INFO [119/140] 7ddcd440-0a32-4e9e-a0ef-016c2c755468: does not qualify; 5.4 s; peak memory 6731 MiB.
2026-10-07T00:37:48Z INFO [120/140] 7de3df69-94ef-47ea-97cf-120f2db8e204: does not qualify; 2.7 s; peak memory 6731 MiB.
2026-10-07T00:37:55Z INFO [121/140] 7e28dac0-6f4b-4b17-9f24-2b94f989dd93: does not qualify; 6.9 s; peak memory 6731 MiB.
2026-10-07T00:37:57Z INFO [122/140] 7e5a29fb-4171-4966-98eb-c5a97324301a: qualifies; 2.6 s; peak memory 6731 MiB.
2026-10-07T00:38:00Z INFO [123/140] 7e691d7b-48a7-43c3-a53d-52393a3e3ce6: qualifies; 2.5 s; peak memory 6731 MiB.
2026-10-07T00:38:02Z WARNING 7e8afe54-8651-4dd5-9951-3b5de440b97d: failed while validating SpikeInterface metadata (Exception: There are no channel locations)
2026-10-07T00:40:00Z INFO [125/140] 7eb01eb6-4735-4bc7-afb1-149f9cb5b2a4: does not qualify; 117.8 s; peak memory 6731 MiB.
2026-10-07T00:40:02Z INFO [126/140] 7ec91b04-9e2b-4c28-af3d-2575c2183c37: does not qualify; 2.3 s; peak memory 6731 MiB.
2026-10-07T00:40:05Z WARNING 7ed5d3cd-0af8-4a66-9dc4-e1dcf3b8eb51: failed while validating SpikeInterface metadata (Exception: There are no channel locations)
2026-10-07T00:42:03Z INFO [128/140] 7ee31240-3229-476d-8cca-62c8c03aadeb: does not qualify; 117.7 s; peak memory 6731 MiB.
2026-10-07T00:42:08Z WARNING 7f138f37-91b8-4e41-b5a0-7afa59844922: failed while validating SpikeInterface metadata (Exception: There are no channel locations)
2026-10-07T00:42:14Z INFO [130/140] 7f1e7c1b-200b-4853-8dfa-81aec75e71fb: does not qualify; 6.1 s; peak memory 6731 MiB.
2026-10-07T00:42:21Z INFO [131/140] 7f3380ce-9f93-49f2-a582-8e9b1c8cfcee: does not qualify; 7.3 s; peak memory 6731 MiB.
2026-10-07T00:42:25Z WARNING 7f3ac3c8-b7e2-486c-a2a6-36dbaabebb06: failed while validating SpikeInterface metadata (Exception: There are no channel locations)
2026-10-07T00:42:27Z WARNING 7f92c872-092d-4869-9a7f-2acc882a722e: failed while validating SpikeInterface metadata (Exception: There are no channel locations)
2026-10-07T00:42:30Z INFO [134/140] 7fb45a0f-7d1e-45bf-85c1-a601744bd7d0: does not qualify; 2.8 s; peak memory 6731 MiB.
2026-10-07T00:42:36Z INFO [135/140] 7fcabda1-9d27-4e18-8a5c-63e8ca1bd18a: does not qualify; 6.1 s; peak memory 6731 MiB.
2026-10-07T00:42:38Z INFO [136/140] 7fde7763-a01b-421a-9fba-e4a07adbc6b3: qualifies; 2.4 s; peak memory 6731 MiB.
2026-10-07T00:42:44Z INFO [137/140] 7febe656-8518-4617-87ce-3a53860ad73e: does not qualify; 6.3 s; peak memory 6731 MiB.
2026-10-07T00:42:46Z INFO [138/140] 7ffca5a5-2d15-4f46-9ccf-9002958b4665: does not qualify; 2.0 s; peak memory 6731 MiB.
2026-10-07T00:42:51Z INFO [139/140] 801df545-7a56-41c8-b776-8322ee494e2d: does not qualify; 5.0 s; peak memory 6731 MiB.
2026-10-07T00:42:57Z INFO [140/140] 802911f8-5517-4f68-a90a-e2d3bd97596c: does not qualify; 6.1 s; peak memory 6731 MiB.
2026-10-07T00:42:57Z INFO Wrote 1461 records to /tmp/derivatives/qualifying_aind_content_ids.jsonl (103 new, 37 failed) in 29.9 min (peak memory 6731 MiB).
